Archive member included to satisfy reference by file (symbol)

C:/PROGRA~2/ARMGNU~1/14EFD8~1.2RE/bin/../lib/gcc/arm-none-eabi/14.2.1/thumb/v7-m/nofp\libstdc++.a(class_type_info.o)
                              CMakeFiles/Ctrl-Step-STM32-fw.elf.dir/Ctrl/Driver/tb67h450_base.cpp.obj (vtable for __cxxabiv1::__class_type_info)
C:/PROGRA~2/ARMGNU~1/14EFD8~1.2RE/bin/../lib/gcc/arm-none-eabi/14.2.1/thumb/v7-m/nofp\libstdc++.a(del_ops.o)
                              C:/PROGRA~2/ARMGNU~1/14EFD8~1.2RE/bin/../lib/gcc/arm-none-eabi/14.2.1/thumb/v7-m/nofp\libstdc++.a(class_type_info.o) (operator delete(void*, unsigned int))
C:/PROGRA~2/ARMGNU~1/14EFD8~1.2RE/bin/../lib/gcc/arm-none-eabi/14.2.1/thumb/v7-m/nofp\libstdc++.a(si_class_type_info.o)
                              CMakeFiles/Ctrl-Step-STM32-fw.elf.dir/Ctrl/Driver/tb67h450_base.cpp.obj (vtable for __cxxabiv1::__si_class_type_info)
C:/PROGRA~2/ARMGNU~1/14EFD8~1.2RE/bin/../lib/gcc/arm-none-eabi/14.2.1/thumb/v7-m/nofp\libstdc++.a(tinfo.o)
                              C:/PROGRA~2/ARMGNU~1/14EFD8~1.2RE/bin/../lib/gcc/arm-none-eabi/14.2.1/thumb/v7-m/nofp\libstdc++.a(class_type_info.o) (std::type_info::~type_info())
C:/PROGRA~2/ARMGNU~1/14EFD8~1.2RE/bin/../lib/gcc/arm-none-eabi/14.2.1/thumb/v7-m/nofp\libstdc++.a(del_op.o)
                              C:/PROGRA~2/ARMGNU~1/14EFD8~1.2RE/bin/../lib/gcc/arm-none-eabi/14.2.1/thumb/v7-m/nofp\libstdc++.a(del_ops.o) (operator delete(void*))
C:/PROGRA~2/ARMGNU~1/14EFD8~1.2RE/bin/../lib/gcc/arm-none-eabi/14.2.1/thumb/v7-m/nofp\libm.a(libm_a-wf_sqrt.o)
                              CMakeFiles/Ctrl-Step-STM32-fw.elf.dir/Ctrl/Motor/motor.cpp.obj (sqrtf)
C:/PROGRA~2/ARMGNU~1/14EFD8~1.2RE/bin/../lib/gcc/arm-none-eabi/14.2.1/thumb/v7-m/nofp\libm.a(libm_a-ef_sqrt.o)
                              C:/PROGRA~2/ARMGNU~1/14EFD8~1.2RE/bin/../lib/gcc/arm-none-eabi/14.2.1/thumb/v7-m/nofp\libm.a(libm_a-wf_sqrt.o) (__ieee754_sqrtf)
C:/PROGRA~2/ARMGNU~1/14EFD8~1.2RE/bin/../lib/gcc/arm-none-eabi/14.2.1/thumb/v7-m/nofp\libgcc.a(_arm_mulsf3.o)
                              CMakeFiles/Ctrl-Step-STM32-fw.elf.dir/Ctrl/Motor/motion_planner.cpp.obj (__aeabi_fmul)
C:/PROGRA~2/ARMGNU~1/14EFD8~1.2RE/bin/../lib/gcc/arm-none-eabi/14.2.1/thumb/v7-m/nofp\libgcc.a(_arm_addsubsf3.o)
                              CMakeFiles/Ctrl-Step-STM32-fw.elf.dir/Ctrl/Motor/motor.cpp.obj (__aeabi_fsub)
C:/PROGRA~2/ARMGNU~1/14EFD8~1.2RE/bin/../lib/gcc/arm-none-eabi/14.2.1/thumb/v7-m/nofp\libgcc.a(_arm_muldivsf3.o)
                              CMakeFiles/Ctrl-Step-STM32-fw.elf.dir/Ctrl/Motor/motion_planner.cpp.obj (__aeabi_fdiv)
C:/PROGRA~2/ARMGNU~1/14EFD8~1.2RE/bin/../lib/gcc/arm-none-eabi/14.2.1/thumb/v7-m/nofp\libgcc.a(_arm_cmpsf2.o)
                              C:/PROGRA~2/ARMGNU~1/14EFD8~1.2RE/bin/../lib/gcc/arm-none-eabi/14.2.1/thumb/v7-m/nofp\libm.a(libm_a-wf_sqrt.o) (__aeabi_fcmplt)
C:/PROGRA~2/ARMGNU~1/14EFD8~1.2RE/bin/../lib/gcc/arm-none-eabi/14.2.1/thumb/v7-m/nofp\libgcc.a(_arm_unordsf2.o)
                              C:/PROGRA~2/ARMGNU~1/14EFD8~1.2RE/bin/../lib/gcc/arm-none-eabi/14.2.1/thumb/v7-m/nofp\libm.a(libm_a-wf_sqrt.o) (__aeabi_fcmpun)
C:/PROGRA~2/ARMGNU~1/14EFD8~1.2RE/bin/../lib/gcc/arm-none-eabi/14.2.1/thumb/v7-m/nofp\libgcc.a(_arm_fixsfsi.o)
                              CMakeFiles/Ctrl-Step-STM32-fw.elf.dir/Ctrl/Motor/motion_planner.cpp.obj (__aeabi_f2iz)
C:/PROGRA~2/ARMGNU~1/14EFD8~1.2RE/bin/../lib/gcc/arm-none-eabi/14.2.1/thumb/v7-m/nofp\libgcc.a(unwind-arm.o)
                              CMakeFiles/Ctrl-Step-STM32-fw.elf.dir/Ctrl/Driver/tb67h450_base.cpp.obj (__aeabi_unwind_cpp_pr0)
C:/PROGRA~2/ARMGNU~1/14EFD8~1.2RE/bin/../lib/gcc/arm-none-eabi/14.2.1/thumb/v7-m/nofp\libgcc.a(libunwind.o)
                              C:/PROGRA~2/ARMGNU~1/14EFD8~1.2RE/bin/../lib/gcc/arm-none-eabi/14.2.1/thumb/v7-m/nofp\libgcc.a(unwind-arm.o) (restore_core_regs)
C:/PROGRA~2/ARMGNU~1/14EFD8~1.2RE/bin/../lib/gcc/arm-none-eabi/14.2.1/thumb/v7-m/nofp\libgcc.a(pr-support.o)
                              C:/PROGRA~2/ARMGNU~1/14EFD8~1.2RE/bin/../lib/gcc/arm-none-eabi/14.2.1/thumb/v7-m/nofp\libgcc.a(unwind-arm.o) (__gnu_unwind_execute)
C:/PROGRA~2/ARMGNU~1/14EFD8~1.2RE/bin/../lib/gcc/arm-none-eabi/14.2.1/thumb/v7-m/nofp\libc.a(libc_a-abort.o)
                              C:/PROGRA~2/ARMGNU~1/14EFD8~1.2RE/bin/../lib/gcc/arm-none-eabi/14.2.1/thumb/v7-m/nofp\libgcc.a(unwind-arm.o) (abort)
C:/PROGRA~2/ARMGNU~1/14EFD8~1.2RE/bin/../lib/gcc/arm-none-eabi/14.2.1/thumb/v7-m/nofp\libc.a(libc_a-exit.o)
                              C:/PROGRA~2/ARMGNU~1/14EFD8~1.2RE/bin/../lib/gcc/arm-none-eabi/14.2.1/thumb/v7-m/nofp/crt0.o (exit)
C:/PROGRA~2/ARMGNU~1/14EFD8~1.2RE/bin/../lib/gcc/arm-none-eabi/14.2.1/thumb/v7-m/nofp\libc.a(libc_a-malloc.o)
                              C:/PROGRA~2/ARMGNU~1/14EFD8~1.2RE/bin/../lib/gcc/arm-none-eabi/14.2.1/thumb/v7-m/nofp\libstdc++.a(del_op.o) (free)
[...]
Memory Configuration

Name             Origin             Length             Attributes
RAM              0x20000000         0x00005000         xrw
FLASH            0x08000000         0x00020000         xr
*default*        0x00000000         0xffffffff

Linker script and memory map

LOAD C:/PROGRA~2/ARMGNU~1/14EFD8~1.2RE/bin/../lib/gcc/arm-none-eabi/14.2.1/thumb/v7-m/nofp/crti.o
LOAD C:/PROGRA~2/ARMGNU~1/14EFD8~1.2RE/bin/../lib/gcc/arm-none-eabi/14.2.1/thumb/v7-m/nofp/crtbegin.o
LOAD C:/PROGRA~2/ARMGNU~1/14EFD8~1.2RE/bin/../lib/gcc/arm-none-eabi/14.2.1/thumb/v7-m/nofp/crt0.o
LOAD CMakeFiles/Ctrl-Step-STM32-fw.elf.dir/Core/Src/adc.c.obj
LOAD CMakeFiles/Ctrl-Step-STM32-fw.elf.dir/Core/Src/can.c.obj
LOAD CMakeFiles/Ctrl-Step-STM32-fw.elf.dir/Core/Src/dma.c.obj
LOAD CMakeFiles/Ctrl-Step-STM32-fw.elf.dir/Core/Src/gpio.c.obj
LOAD CMakeFiles/Ctrl-Step-STM32-fw.elf.dir/Core/Src/main.c.obj
LOAD CMakeFiles/Ctrl-Step-STM32-fw.elf.dir/Core/Src/spi.c.obj
LOAD CMakeFiles/Ctrl-Step-STM32-fw.elf.dir/Core/Src/stm32f1xx_hal_msp.c.obj
LOAD CMakeFiles/Ctrl-Step-STM32-fw.elf.dir/Core/Src/stm32f1xx_it.c.obj
LOAD CMakeFiles/Ctrl-Step-STM32-fw.elf.dir/Core/Src/syscalls.c.obj
LOAD CMakeFiles/Ctrl-Step-STM32-fw.elf.dir/Core/Src/system_stm32f1xx.c.obj
LOAD CMakeFiles/Ctrl-Step-STM32-fw.elf.dir/Core/Src/tim.c.obj
LOAD CMakeFiles/Ctrl-Step-STM32-fw.elf.dir/Core/Src/usart.c.obj
LOAD CMakeFiles/Ctrl-Step-STM32-fw.elf.dir/Ctrl/Driver/tb67h450_base.cpp.obj
LOAD CMakeFiles/Ctrl-Step-STM32-fw.elf.dir/Ctrl/Motor/motion_planner.cpp.obj
LOAD CMakeFiles/Ctrl-Step-STM32-fw.elf.dir/Ctrl/Motor/motor.cpp.obj
LOAD CMakeFiles/Ctrl-Step-STM32-fw.elf.dir/Ctrl/Sensor/Encoder/encoder_calibrator_base.cpp.obj
LOAD CMakeFiles/Ctrl-Step-STM32-fw.elf.dir/Ctrl/Sensor/Encoder/mt6816_base.cpp.obj
LOAD CMakeFiles/Ctrl-Step-STM32-fw.elf.dir/Ctrl/Signal/button_base.cpp.obj
LOAD CMakeFiles/Ctrl-Step-STM32-fw.elf.dir/Ctrl/Signal/led_base.cpp.obj
LOAD CMakeFiles/Ctrl-Step-STM32-fw.elf.dir/Drivers/STM32F1xx_HAL_Driver/Src/stm32f1xx_hal.c.obj
LOAD CMakeFiles/Ctrl-Step-STM32-fw.elf.dir/Drivers/STM32F1xx_HAL_Driver/Src/stm32f1xx_hal_adc.c.obj
LOAD CMakeFiles/Ctrl-Step-STM32-fw.elf.dir/Drivers/STM32F1xx_HAL_Driver/Src/stm32f1xx_hal_adc_ex.c.obj
LOAD CMakeFiles/Ctrl-Step-STM32-fw.elf.dir/Drivers/STM32F1xx_HAL_Driver/Src/stm32f1xx_hal_can.c.obj
LOAD CMakeFiles/Ctrl-Step-STM32-fw.elf.dir/Drivers/STM32F1xx_HAL_Driver/Src/stm32f1xx_hal_cortex.c.obj
LOAD CMakeFiles/Ctrl-Step-STM32-fw.elf.dir/Drivers/STM32F1xx_HAL_Driver/Src/stm32f1xx_hal_dma.c.obj
LOAD CMakeFiles/Ctrl-Step-STM32-fw.elf.dir/Drivers/STM32F1xx_HAL_Driver/Src/stm32f1xx_hal_exti.c.obj
LOAD CMakeFiles/Ctrl-Step-STM32-fw.elf.dir/Drivers/STM32F1xx_HAL_Driver/Src/stm32f1xx_hal_flash.c.obj
LOAD CMakeFiles/Ctrl-Step-STM32-fw.elf.dir/Drivers/STM32F1xx_HAL_Driver/Src/stm32f1xx_hal_flash_ex.c.obj
LOAD CMakeFiles/Ctrl-Step-STM32-fw.elf.dir/Drivers/STM32F1xx_HAL_Driver/Src/stm32f1xx_hal_gpio.c.obj
LOAD CMakeFiles/Ctrl-Step-STM32-fw.elf.dir/Drivers/STM32F1xx_HAL_Driver/Src/stm32f1xx_hal_gpio_ex.c.obj
LOAD CMakeFiles/Ctrl-Step-STM32-fw.elf.dir/Drivers/STM32F1xx_HAL_Driver/Src/stm32f1xx_hal_pwr.c.obj
LOAD CMakeFiles/Ctrl-Step-STM32-fw.elf.dir/Drivers/STM32F1xx_HAL_Driver/Src/stm32f1xx_hal_rcc.c.obj
LOAD CMakeFiles/Ctrl-Step-STM32-fw.elf.dir/Drivers/STM32F1xx_HAL_Driver/Src/stm32f1xx_hal_rcc_ex.c.obj
LOAD CMakeFiles/Ctrl-Step-STM32-fw.elf.dir/Drivers/STM32F1xx_HAL_Driver/Src/stm32f1xx_hal_spi.c.obj
LOAD CMakeFiles/Ctrl-Step-STM32-fw.elf.dir/Drivers/STM32F1xx_HAL_Driver/Src/stm32f1xx_hal_tim.c.obj
LOAD CMakeFiles/Ctrl-Step-STM32-fw.elf.dir/Drivers/STM32F1xx_HAL_Driver/Src/stm32f1xx_hal_tim_ex.c.obj
LOAD CMakeFiles/Ctrl-Step-STM32-fw.elf.dir/Drivers/STM32F1xx_HAL_Driver/Src/stm32f1xx_hal_uart.c.obj
LOAD CMakeFiles/Ctrl-Step-STM32-fw.elf.dir/Port/Platform/Memory/emulated_eeprom.cpp.obj
LOAD CMakeFiles/Ctrl-Step-STM32-fw.elf.dir/Port/Platform/Memory/stockpile_f103cb.c.obj
LOAD CMakeFiles/Ctrl-Step-STM32-fw.elf.dir/Port/Platform/Utils/st_hardware.c.obj
LOAD CMakeFiles/Ctrl-Step-STM32-fw.elf.dir/Port/Platform/retarget.c.obj
LOAD CMakeFiles/Ctrl-Step-STM32-fw.elf.dir/Port/button_stm32.cpp.obj
LOAD CMakeFiles/Ctrl-Step-STM32-fw.elf.dir/Port/encoder_calibrator_stm32.cpp.obj
LOAD CMakeFiles/Ctrl-Step-STM32-fw.elf.dir/Port/led_stm32.cpp.obj
LOAD CMakeFiles/Ctrl-Step-STM32-fw.elf.dir/Port/mt6816_stm32.cpp.obj
LOAD CMakeFiles/Ctrl-Step-STM32-fw.elf.dir/Port/tb67h450_stm32.cpp.obj
LOAD CMakeFiles/Ctrl-Step-STM32-fw.elf.dir/UserApp/main.cpp.obj
LOAD CMakeFiles/Ctrl-Step-STM32-fw.elf.dir/UserApp/protocols/interface_can.cpp.obj
LOAD CMakeFiles/Ctrl-Step-STM32-fw.elf.dir/UserApp/protocols/interface_uart.cpp.obj
LOAD CMakeFiles/Ctrl-Step-STM32-fw.elf.dir/startup/startup_stm32f103xb.s.obj
LOAD C:/PROGRA~2/ARMGNU~1/14EFD8~1.2RE/bin/../lib/gcc/arm-none-eabi/14.2.1/thumb/v7-m/nofp\libstdc++.a
LOAD C:/PROGRA~2/ARMGNU~1/14EFD8~1.2RE/bin/../lib/gcc/arm-none-eabi/14.2.1/thumb/v7-m/nofp\libm.a
START GROUP
LOAD C:/PROGRA~2/ARMGNU~1/14EFD8~1.2RE/bin/../lib/gcc/arm-none-eabi/14.2.1/thumb/v7-m/nofp\libgcc.a
LOAD C:/PROGRA~2/ARMGNU~1/14EFD8~1.2RE/bin/../lib/gcc/arm-none-eabi/14.2.1/thumb/v7-m/nofp\libc.a
END GROUP
LOAD C:/PROGRA~2/ARMGNU~1/14EFD8~1.2RE/bin/../lib/gcc/arm-none-eabi/14.2.1/thumb/v7-m/nofp/crtend.o
LOAD C:/PROGRA~2/ARMGNU~1/14EFD8~1.2RE/bin/../lib/gcc/arm-none-eabi/14.2.1/thumb/v7-m/nofp/crtn.o
                0x20005000                        _estack = 0x20005000
                0x00000200                        _Min_Heap_Size = 0x200
                0x00000400                        _Min_Stack_Size = 0x400

.isr_vector     0x08000000      0x10c
                0x08000000                        . = ALIGN (0x4)
 *(.isr_vector)
 .isr_vector    0x08000000      0x10c CMakeFiles/Ctrl-Step-STM32-fw.elf.dir/startup/startup_stm32f103xb.s.obj
                0x08000000                g_pfnVectors
                0x0800010c                        . = ALIGN (0x4)

.text           0x08000110    0x14ac8
                0x08000110                        . = ALIGN (0x4)
 *(.text)
 .text          0x08000110      0x21c C:/PROGRA~2/ARMGNU~1/14EFD8~1.2RE/bin/../lib/gcc/arm-none-eabi/14.2.1/thumb/v7-m/nofp\libgcc.a(_arm_addsubsf3.o)
                0x08000110                __aeabi_frsub
                0x08000118                __subsf3
                0x08000118                __aeabi_fsub
                0x0800011c                __aeabi_fadd
                0x0800011c                __addsf3
                0x0800027c                __aeabi_ui2f
                0x0800027c                __floatunsisf
                0x08000284                __aeabi_i2f
                0x08000284                __floatsisf
                0x080002a0                __aeabi_ul2f
                0x080002a0                __floatundisf
                0x080002b0                __aeabi_l2f
                0x080002b0                __floatdisf
 .text          0x0800032c      0x2a0 C:/PROGRA~2/ARMGNU~1/14EFD8~1.2RE/bin/../lib/gcc/arm-none-eabi/14.2.1/thumb/v7-m/nofp\libgcc.a(_arm_muldivsf3.o)
                0x0800032c                __mulsf3
                0x0800032c                __aeabi_fmul
                0x08000494                __aeabi_fdiv
                0x08000494                __divsf3
 .text          0x080005cc       0xec C:/PROGRA~2/ARMGNU~1/14EFD8~1.2RE/bin/../lib/gcc/arm-none-eabi/14.2.1/thumb/v7-m/nofp\libgcc.a(_arm_cmpsf2.o)
                0x080005cc                __gesf2
                0x080005cc                __gtsf2
                0x080005d4                __lesf2
                0x080005d4                __ltsf2
                0x080005dc                __nesf2
                0x080005dc                __eqsf2
                0x080005dc                __cmpsf2
                0x0800063c                __aeabi_cfrcmple
                0x08000644                __aeabi_cfcmpeq
                0x08000644                __aeabi_cfcmple
                0x08000654                __aeabi_fcmpeq
                0x08000668                __aeabi_fcmplt
                0x0800067c                __aeabi_fcmple
                0x08000690                __aeabi_fcmpge
                0x080006a4                __aeabi_fcmpgt
 .text          0x080006b8       0x2c C:/PROGRA~2/ARMGNU~1/14EFD8~1.2RE/bin/../lib/gcc/arm-none-eabi/14.2.1/thumb/v7-m/nofp\libgcc.a(_arm_unordsf2.o)
                0x080006b8                __unordsf2
                0x080006b8                __aeabi_fcmpun
 .text          0x080006e4       0x4c C:/PROGRA~2/ARMGNU~1/14EFD8~1.2RE/bin/../lib/gcc/arm-none-eabi/14.2.1/thumb/v7-m/nofp\libgcc.a(_arm_fixsfsi.o)
                0x080006e4                __aeabi_f2iz
                0x080006e4                __fixsfsi
 .text          0x08000730      0x1ac C:/PROGRA~2/ARMGNU~1/14EFD8~1.2RE/bin/../lib/gcc/arm-none-eabi/14.2.1/thumb/v7-m/nofp\libgcc.a(libunwind.o)
                0x08000730                __restore_core_regs
                0x08000730                restore_core_regs
                0x08000748                __gnu_Unwind_Restore_VFP
                0x08000750                __gnu_Unwind_Save_VFP
                0x08000758                __gnu_Unwind_Restore_VFP_D
                0x08000760                __gnu_Unwind_Save_VFP_D
                0x08000768                __gnu_Unwind_Restore_VFP_D_16_to_31
                0x08000770                __gnu_Unwind_Save_VFP_D_16_to_31
                0x08000778                __gnu_Unwind_Restore_WMMXD
                0x080007bc                __gnu_Unwind_Save_WMMXD
                0x08000800                __gnu_Unwind_Restore_WMMXC
                0x08000814                __gnu_Unwind_Save_WMMXC
                0x08000828                ___Unwind_RaiseException
                0x08000828                _Unwind_RaiseException
                0x0800084c                _Unwind_Resume
                0x0800084c                ___Unwind_Resume
                0x08000870                _Unwind_Resume_or_Rethrow
                0x08000870                ___Unwind_Resume_or_Rethrow
                0x08000894                _Unwind_ForcedUnwind
                0x08000894                ___Unwind_ForcedUnwind
                0x080008b8                ___Unwind_Backtrace
                0x080008b8                _Unwind_Backtrace
 .text          0x080008dc      0x1bc C:/PROGRA~2/ARMGNU~1/14EFD8~1.2RE/bin/../lib/gcc/arm-none-eabi/14.2.1/thumb/v7-m/nofp\libc.a(libc_a-strcmp.o)
                0x080008dc                strcmp
 .text          0x08000a98       0xec C:/PROGRA~2/ARMGNU~1/14EFD8~1.2RE/bin/../lib/gcc/arm-none-eabi/14.2.1/thumb/v7-m/nofp\libc.a(libc_a-memcpy.o)
                0x08000a98                memcpy
 .text          0x08000b84      0x378 C:/PROGRA~2/ARMGNU~1/14EFD8~1.2RE/bin/../lib/gcc/arm-none-eabi/14.2.1/thumb/v7-m/nofp\libgcc.a(_arm_addsubdf3.o)
                0x08000b84                __aeabi_drsub
                0x08000b8c                __aeabi_dsub
                0x08000b8c                __subdf3
                0x08000b90                __aeabi_dadd
                0x08000b90                __adddf3
                0x08000e08                __floatunsidf
                0x08000e08                __aeabi_ui2d
                0x08000e28                __floatsidf
                0x08000e28                __aeabi_i2d
                0x08000e4c                __aeabi_f2d
                0x08000e4c                __extendsfdf2
                0x08000e90                __floatundidf
                0x08000e90                __aeabi_ul2d
                0x08000ea0                __floatdidf
                0x08000ea0                __aeabi_l2d
 .text          0x08000efc      0x424 C:/PROGRA~2/ARMGNU~1/14EFD8~1.2RE/bin/../lib/gcc/arm-none-eabi/14.2.1/thumb/v7-m/nofp\libgcc.a(_arm_muldivdf3.o)
                0x08000efc                __aeabi_dmul
                0x08000efc                __muldf3
                0x08001150                __divdf3
                0x08001150                __aeabi_ddiv
 .text          0x08001320      0x110 C:/PROGRA~2/ARMGNU~1/14EFD8~1.2RE/bin/../lib/gcc/arm-none-eabi/14.2.1/thumb/v7-m/nofp\libgcc.a(_arm_cmpdf2.o)
                0x08001320                __gtdf2
                0x08001320                __gedf2
                0x08001328                __ltdf2
                0x08001328                __ledf2
                0x08001330                __nedf2
                0x08001330                __eqdf2
                0x08001330                __cmpdf2
                0x080013ac                __aeabi_cdrcmple
                0x080013bc                __aeabi_cdcmpeq
                0x080013bc                __aeabi_cdcmple
                0x080013cc                __aeabi_dcmpeq
                0x080013e0                __aeabi_dcmplt
                0x080013f4                __aeabi_dcmple
                0x08001408                __aeabi_dcmpge
                0x0800141c                __aeabi_dcmpgt
 .text          0x08001430       0x2c C:/PROGRA~2/ARMGNU~1/14EFD8~1.2RE/bin/../lib/gcc/arm-none-eabi/14.2.1/thumb/v7-m/nofp\libgcc.a(_arm_unorddf2.o)
                0x08001430                __unorddf2
                0x08001430                __aeabi_dcmpun
 .text          0x0800145c       0x50 C:/PROGRA~2/ARMGNU~1/14EFD8~1.2RE/bin/../lib/gcc/arm-none-eabi/14.2.1/thumb/v7-m/nofp\libgcc.a(_arm_fixdfsi.o)
                0x0800145c                __aeabi_d2iz
                0x0800145c                __fixdfsi
 .text          0x080014ac       0x40 C:/PROGRA~2/ARMGNU~1/14EFD8~1.2RE/bin/../lib/gcc/arm-none-eabi/14.2.1/thumb/v7-m/nofp\libgcc.a(_arm_fixunsdfsi.o)
                0x080014ac                __aeabi_d2uiz
                0x080014ac                __fixunsdfsi
 .text          0x080014ec       0xa0 C:/PROGRA~2/ARMGNU~1/14EFD8~1.2RE/bin/../lib/gcc/arm-none-eabi/14.2.1/thumb/v7-m/nofp\libgcc.a(_arm_truncdfsf2.o)
                0x080014ec                __truncdfsf2
                0x080014ec                __aeabi_d2f
 .text          0x0800158c       0x30 C:/PROGRA~2/ARMGNU~1/14EFD8~1.2RE/bin/../lib/gcc/arm-none-eabi/14.2.1/thumb/v7-m/nofp\libgcc.a(_aeabi_uldivmod.o)
                0x0800158c                __aeabi_uldivmod
 .text          0x080015bc        0x4 C:/PROGRA~2/ARMGNU~1/14EFD8~1.2RE/bin/../lib/gcc/arm-none-eabi/14.2.1/thumb/v7-m/nofp\libgcc.a(_dvmd_tls.o)
                0x080015bc                __aeabi_idiv0
                0x080015bc                __aeabi_ldiv0
 *(.text*)
 .text.deregister_tm_clones
                0x080015c0       0x1c C:/PROGRA~2/ARMGNU~1/14EFD8~1.2RE/bin/../lib/gcc/arm-none-eabi/14.2.1/thumb/v7-m/nofp/crtbegin.o
 .text.register_tm_clones
                0x080015dc       0x24 C:/PROGRA~2/ARMGNU~1/14EFD8~1.2RE/bin/../lib/gcc/arm-none-eabi/14.2.1/thumb/v7-m/nofp/crtbegin.o
 .text.__do_global_dtors_aux
                0x08001600       0x28 C:/PROGRA~2/ARMGNU~1/14EFD8~1.2RE/bin/../lib/gcc/arm-none-eabi/14.2.1/thumb/v7-m/nofp/crtbegin.o
 .text.frame_dummy
                0x08001628       0x24 C:/PROGRA~2/ARMGNU~1/14EFD8~1.2RE/bin/../lib/gcc/arm-none-eabi/14.2.1/thumb/v7-m/nofp/crtbegin.o
 .text.MX_ADC1_Init
                0x0800164c       0x8c CMakeFiles/Ctrl-Step-STM32-fw.elf.dir/Core/Src/adc.c.obj
                0x0800164c                MX_ADC1_Init
 .text.HAL_ADC_MspInit
                0x080016d8       0x9c CMakeFiles/Ctrl-Step-STM32-fw.elf.dir/Core/Src/adc.c.obj
                0x080016d8                HAL_ADC_MspInit
 .text.MX_CAN_Init
                0x08001774       0xa4 CMakeFiles/Ctrl-Step-STM32-fw.elf.dir/Core/Src/can.c.obj
                0x08001774                MX_CAN_Init
 .text.HAL_CAN_MspInit
                0x08001818       0xcc CMakeFiles/Ctrl-Step-STM32-fw.elf.dir/Core/Src/can.c.obj
                0x08001818                HAL_CAN_MspInit
 .text.CAN_Send
                0x080018e4       0x20 CMakeFiles/Ctrl-Step-STM32-fw.elf.dir/Core/Src/can.c.obj
                0x080018e4                CAN_Send
 .text.HAL_CAN_RxFifo0MsgPendingCallback
                0x08001904       0x48 CMakeFiles/Ctrl-Step-STM32-fw.elf.dir/Core/Src/can.c.obj
                0x08001904                HAL_CAN_RxFifo0MsgPendingCallback
 .text.MX_DMA_Init
                0x0800194c       0x54 CMakeFiles/Ctrl-Step-STM32-fw.elf.dir/Core/Src/dma.c.obj
                0x0800194c                MX_DMA_Init
 .text.MX_GPIO_Init
                0x080019a0      0x148 CMakeFiles/Ctrl-Step-STM32-fw.elf.dir/Core/Src/gpio.c.obj
                0x080019a0                MX_GPIO_Init
 .text.Error_Handler
                0x08001ae8        0x4 CMakeFiles/Ctrl-Step-STM32-fw.elf.dir/Core/Src/main.c.obj
                0x08001ae8                Error_Handler
 .text.SystemClock_Config
                0x08001aec       0x82 CMakeFiles/Ctrl-Step-STM32-fw.elf.dir/Core/Src/main.c.obj
                0x08001aec                SystemClock_Config
 .text.main     0x08001b6e       0x38 CMakeFiles/Ctrl-Step-STM32-fw.elf.dir/Core/Src/main.c.obj
                0x08001b6e                main
 *fill*         0x08001ba6        0x2 
 .text.MX_SPI1_Init
                0x08001ba8       0x4c CMakeFiles/Ctrl-Step-STM32-fw.elf.dir/Core/Src/spi.c.obj
                0x08001ba8                MX_SPI1_Init
 .text.HAL_SPI_MspInit
                0x08001bf4       0x88 CMakeFiles/Ctrl-Step-STM32-fw.elf.dir/Core/Src/spi.c.obj
                0x08001bf4                HAL_SPI_MspInit
 .text.HAL_MspInit
                0x08001c7c       0x44 CMakeFiles/Ctrl-Step-STM32-fw.elf.dir/Core/Src/stm32f1xx_hal_msp.c.obj
                0x08001c7c                HAL_MspInit
 .text.NMI_Handler
                0x08001cc0        0x2 CMakeFiles/Ctrl-Step-STM32-fw.elf.dir/Core/Src/stm32f1xx_it.c.obj
                0x08001cc0                NMI_Handler
 .text.HardFault_Handler
                0x08001cc2        0x2 CMakeFiles/Ctrl-Step-STM32-fw.elf.dir/Core/Src/stm32f1xx_it.c.obj
                0x08001cc2                HardFault_Handler
 .text.MemManage_Handler
                0x08001cc4        0x2 CMakeFiles/Ctrl-Step-STM32-fw.elf.dir/Core/Src/stm32f1xx_it.c.obj
                0x08001cc4                MemManage_Handler
 .text.BusFault_Handler
                0x08001cc6        0x2 CMakeFiles/Ctrl-Step-STM32-fw.elf.dir/Core/Src/stm32f1xx_it.c.obj
                0x08001cc6                BusFault_Handler
 .text.UsageFault_Handler
                0x08001cc8        0x2 CMakeFiles/Ctrl-Step-STM32-fw.elf.dir/Core/Src/stm32f1xx_it.c.obj
                0x08001cc8                UsageFault_Handler
 .text.SVC_Handler
                0x08001cca        0x2 CMakeFiles/Ctrl-Step-STM32-fw.elf.dir/Core/Src/stm32f1xx_it.c.obj
                0x08001cca                SVC_Handler
 .text.DebugMon_Handler
                0x08001ccc        0x2 CMakeFiles/Ctrl-Step-STM32-fw.elf.dir/Core/Src/stm32f1xx_it.c.obj
                0x08001ccc                DebugMon_Handler
 .text.PendSV_Handler
                0x08001cce        0x2 CMakeFiles/Ctrl-Step-STM32-fw.elf.dir/Core/Src/stm32f1xx_it.c.obj
                0x08001cce                PendSV_Handler
 .text.SysTick_Handler
                0x08001cd0        0x8 CMakeFiles/Ctrl-Step-STM32-fw.elf.dir/Core/Src/stm32f1xx_it.c.obj
                0x08001cd0                SysTick_Handler
 .text.DMA1_Channel1_IRQHandler
                0x08001cd8       0x10 CMakeFiles/Ctrl-Step-STM32-fw.elf.dir/Core/Src/stm32f1xx_it.c.obj
                0x08001cd8                DMA1_Channel1_IRQHandler
 .text.DMA1_Channel4_IRQHandler
                0x08001ce8       0x10 CMakeFiles/Ctrl-Step-STM32-fw.elf.dir/Core/Src/stm32f1xx_it.c.obj
                0x08001ce8                DMA1_Channel4_IRQHandler
 .text.DMA1_Channel5_IRQHandler
                0x08001cf8       0x10 CMakeFiles/Ctrl-Step-STM32-fw.elf.dir/Core/Src/stm32f1xx_it.c.obj
                0x08001cf8                DMA1_Channel5_IRQHandler
 .text.USB_HP_CAN1_TX_IRQHandler
                0x08001d08       0x10 CMakeFiles/Ctrl-Step-STM32-fw.elf.dir/Core/Src/stm32f1xx_it.c.obj
                0x08001d08                USB_HP_CAN1_TX_IRQHandler
 .text.USB_LP_CAN1_RX0_IRQHandler
                0x08001d18       0x10 CMakeFiles/Ctrl-Step-STM32-fw.elf.dir/Core/Src/stm32f1xx_it.c.obj
                0x08001d18                USB_LP_CAN1_RX0_IRQHandler
 .text.CAN1_RX1_IRQHandler
                0x08001d28       0x10 CMakeFiles/Ctrl-Step-STM32-fw.elf.dir/Core/Src/stm32f1xx_it.c.obj
                0x08001d28                CAN1_RX1_IRQHandler
 .text.CAN1_SCE_IRQHandler
                0x08001d38       0x10 CMakeFiles/Ctrl-Step-STM32-fw.elf.dir/Core/Src/stm32f1xx_it.c.obj
                0x08001d38                CAN1_SCE_IRQHandler
 .text.EXTI9_5_IRQHandler
                0x08001d48        0x2 CMakeFiles/Ctrl-Step-STM32-fw.elf.dir/Core/Src/stm32f1xx_it.c.obj
                0x08001d48                EXTI9_5_IRQHandler
 .text.TIM1_UP_IRQHandler
                0x08001d4a        0x8 CMakeFiles/Ctrl-Step-STM32-fw.elf.dir/Core/Src/stm32f1xx_it.c.obj
                0x08001d4a                TIM1_UP_IRQHandler
 .text.TIM3_IRQHandler
                0x08001d52        0x2 CMakeFiles/Ctrl-Step-STM32-fw.elf.dir/Core/Src/stm32f1xx_it.c.obj
                0x08001d52                TIM3_IRQHandler
 .text.TIM4_IRQHandler
                0x08001d54        0x8 CMakeFiles/Ctrl-Step-STM32-fw.elf.dir/Core/Src/stm32f1xx_it.c.obj
                0x08001d54                TIM4_IRQHandler
 .text.USART1_IRQHandler
                0x08001d5c       0x78 CMakeFiles/Ctrl-Step-STM32-fw.elf.dir/Core/Src/stm32f1xx_it.c.obj
                0x08001d5c                USART1_IRQHandler
 .text._getpid  0x08001dd4        0x4 CMakeFiles/Ctrl-Step-STM32-fw.elf.dir/Core/Src/syscalls.c.obj
                0x08001dd4                _getpid
 .text._kill    0x08001dd8       0x10 CMakeFiles/Ctrl-Step-STM32-fw.elf.dir/Core/Src/syscalls.c.obj
                0x08001dd8                _kill
 .text._exit    0x08001de8        0xc CMakeFiles/Ctrl-Step-STM32-fw.elf.dir/Core/Src/syscalls.c.obj
                0x08001de8                _exit
 .text._sbrk    0x08001df4       0x3c CMakeFiles/Ctrl-Step-STM32-fw.elf.dir/Core/Src/syscalls.c.obj
                0x08001df4                _sbrk
 .text.SystemInit
                0x08001e30        0x2 CMakeFiles/Ctrl-Step-STM32-fw.elf.dir/Core/Src/system_stm32f1xx.c.obj
                0x08001e30                SystemInit
 *fill*         0x08001e32        0x2 
 .text.MX_TIM1_Init
                0x08001e34       0x74 CMakeFiles/Ctrl-Step-STM32-fw.elf.dir/Core/Src/tim.c.obj
                0x08001e34                MX_TIM1_Init
 .text.MX_TIM3_Init
                0x08001ea8       0xac CMakeFiles/Ctrl-Step-STM32-fw.elf.dir/Core/Src/tim.c.obj
                0x08001ea8                MX_TIM3_Init
 .text.MX_TIM4_Init
                0x08001f54       0x70 CMakeFiles/Ctrl-Step-STM32-fw.elf.dir/Core/Src/tim.c.obj
                0x08001f54                MX_TIM4_Init
 .text.HAL_TIM_Base_MspInit
                0x08001fc4       0xcc CMakeFiles/Ctrl-Step-STM32-fw.elf.dir/Core/Src/tim.c.obj
                0x08001fc4                HAL_TIM_Base_MspInit
 .text.HAL_TIM_PWM_MspInit
                0x08002090       0x26 CMakeFiles/Ctrl-Step-STM32-fw.elf.dir/Core/Src/tim.c.obj
                0x08002090                HAL_TIM_PWM_MspInit
 *fill*         0x080020b6        0x2 
 .text.HAL_TIM_MspPostInit
                0x080020b8       0x64 CMakeFiles/Ctrl-Step-STM32-fw.elf.dir/Core/Src/tim.c.obj
                0x080020b8                HAL_TIM_MspPostInit
 .text.MX_TIM2_Init
                0x0800211c       0xa0 CMakeFiles/Ctrl-Step-STM32-fw.elf.dir/Core/Src/tim.c.obj
                0x0800211c                MX_TIM2_Init
 .text.HAL_UART_MspInit
                0x080021bc      0x10c CMakeFiles/Ctrl-Step-STM32-fw.elf.dir/Core/Src/usart.c.obj
                0x080021bc                HAL_UART_MspInit
 .text.Uart_SetRxCpltCallBack
                0x080022c8        0xc CMakeFiles/Ctrl-Step-STM32-fw.elf.dir/Core/Src/usart.c.obj
                0x080022c8                Uart_SetRxCpltCallBack
 .text.MX_USART1_UART_Init
                0x080022d4       0x60 CMakeFiles/Ctrl-Step-STM32-fw.elf.dir/Core/Src/usart.c.obj
                0x080022d4                MX_USART1_UART_Init
 .text._ZN12TB67H450Base8InitGpioEv
                0x08002334        0x2 CMakeFiles/Ctrl-Step-STM32-fw.elf.dir/Ctrl/Driver/tb67h450_base.cpp.obj
                0x08002334                TB67H450Base::InitGpio()
 .text._ZN12TB67H450Base7InitPwmEv
                0x08002336        0x2 CMakeFiles/Ctrl-Step-STM32-fw.elf.dir/Ctrl/Driver/tb67h450_base.cpp.obj
                0x08002336                TB67H450Base::InitPwm()
 .text._ZN12TB67H450Base16DacOutputVoltageEtt
                0x08002338        0x2 CMakeFiles/Ctrl-Step-STM32-fw.elf.dir/Ctrl/Driver/tb67h450_base.cpp.obj
                0x08002338                TB67H450Base::DacOutputVoltage(unsigned short, unsigned short)
 .text._ZN12TB67H450Base9SetInputAEbb
                0x0800233a        0x2 CMakeFiles/Ctrl-Step-STM32-fw.elf.dir/Ctrl/Driver/tb67h450_base.cpp.obj
                0x0800233a                TB67H450Base::SetInputA(bool, bool)
 .text._ZN12TB67H450Base9SetInputBEbb
                0x0800233c        0x2 CMakeFiles/Ctrl-Step-STM32-fw.elf.dir/Ctrl/Driver/tb67h450_base.cpp.obj
                0x0800233c                TB67H450Base::SetInputB(bool, bool)
 .text._ZN12TB67H450Base4InitEv
                0x0800233e       0x14 CMakeFiles/Ctrl-Step-STM32-fw.elf.dir/Ctrl/Driver/tb67h450_base.cpp.obj
                0x0800233e                TB67H450Base::Init()
 *fill*         0x08002352        0x2 
 .text._ZN12TB67H450Base19SetFocCurrentVectorEml
                0x08002354       0xd4 CMakeFiles/Ctrl-Step-STM32-fw.elf.dir/Ctrl/Driver/tb67h450_base.cpp.obj
                0x08002354                TB67H450Base::SetFocCurrentVector(unsigned long, long)
 .text._ZN12TB67H450Base18SetTwoCoilsCurrentEtt
                0x08002428        0xa CMakeFiles/Ctrl-Step-STM32-fw.elf.dir/Ctrl/Driver/tb67h450_base.cpp.obj
                0x08002428                TB67H450Base::SetTwoCoilsCurrent(unsigned short, unsigned short)
 .text._ZN12TB67H450Base5SleepEv
                0x08002432       0x2e CMakeFiles/Ctrl-Step-STM32-fw.elf.dir/Ctrl/Driver/tb67h450_base.cpp.obj
                0x08002432                TB67H450Base::Sleep()
 .text._ZN12TB67H450Base5BrakeEv
                0x08002460       0x2c CMakeFiles/Ctrl-Step-STM32-fw.elf.dir/Ctrl/Driver/tb67h450_base.cpp.obj
                0x08002460                TB67H450Base::Brake()
 .text._ZN13MotionPlanner14CurrentTracker7NewTaskEl
                0x0800248c        0x8 CMakeFiles/Ctrl-Step-STM32-fw.elf.dir/Ctrl/Motor/motion_planner.cpp.obj
                0x0800248c                MotionPlanner::CurrentTracker::NewTask(long)
 .text._ZN13MotionPlanner14CurrentTracker19CalcCurrentIntegralEl
                0x08002494       0x26 CMakeFiles/Ctrl-Step-STM32-fw.elf.dir/Ctrl/Motor/motion_planner.cpp.obj
                0x08002494                MotionPlanner::CurrentTracker::CalcCurrentIntegral(long)
 .text._ZN13MotionPlanner14CurrentTracker12CalcSoftGoalEl
                0x080024ba       0x78 CMakeFiles/Ctrl-Step-STM32-fw.elf.dir/Ctrl/Motor/motion_planner.cpp.obj
                0x080024ba                MotionPlanner::CurrentTracker::CalcSoftGoal(long)
 .text._ZN13MotionPlanner14CurrentTracker13SetCurrentAccEl
                0x08002532        0x4 CMakeFiles/Ctrl-Step-STM32-fw.elf.dir/Ctrl/Motor/motion_planner.cpp.obj
                0x08002532                MotionPlanner::CurrentTracker::SetCurrentAcc(long)
 .text._ZN13MotionPlanner14CurrentTracker4InitEv
                0x08002536       0x10 CMakeFiles/Ctrl-Step-STM32-fw.elf.dir/Ctrl/Motor/motion_planner.cpp.obj
                0x08002536                MotionPlanner::CurrentTracker::Init()
 .text._ZN13MotionPlanner15VelocityTracker14SetVelocityAccEl
                0x08002546        0x4 CMakeFiles/Ctrl-Step-STM32-fw.elf.dir/Ctrl/Motor/motion_planner.cpp.obj
                0x08002546                MotionPlanner::VelocityTracker::SetVelocityAcc(long)
 .text._ZN13MotionPlanner15VelocityTracker4InitEv
                0x0800254a       0x10 CMakeFiles/Ctrl-Step-STM32-fw.elf.dir/Ctrl/Motor/motion_planner.cpp.obj
                0x0800254a                MotionPlanner::VelocityTracker::Init()
 .text._ZN13MotionPlanner15VelocityTracker7NewTaskEl
                0x0800255a        0x8 CMakeFiles/Ctrl-Step-STM32-fw.elf.dir/Ctrl/Motor/motion_planner.cpp.obj
                0x0800255a                MotionPlanner::VelocityTracker::NewTask(long)
 .text._ZN13MotionPlanner15VelocityTracker20CalcVelocityIntegralEl
                0x08002562       0x26 CMakeFiles/Ctrl-Step-STM32-fw.elf.dir/Ctrl/Motor/motion_planner.cpp.obj
                0x08002562                MotionPlanner::VelocityTracker::CalcVelocityIntegral(long)
 .text._ZN13MotionPlanner15VelocityTracker12CalcSoftGoalEl
                0x08002588       0x78 CMakeFiles/Ctrl-Step-STM32-fw.elf.dir/Ctrl/Motor/motion_planner.cpp.obj
                0x08002588                MotionPlanner::VelocityTracker::CalcSoftGoal(long)
 .text._ZN13MotionPlanner15PositionTracker14SetVelocityAccEl
                0x08002600       0x1c CMakeFiles/Ctrl-Step-STM32-fw.elf.dir/Ctrl/Motor/motion_planner.cpp.obj
                0x08002600                MotionPlanner::PositionTracker::SetVelocityAcc(long)
 .text._ZN13MotionPlanner15PositionTracker4InitEv
                0x0800261c       0x2c CMakeFiles/Ctrl-Step-STM32-fw.elf.dir/Ctrl/Motor/motion_planner.cpp.obj
                0x0800261c                MotionPlanner::PositionTracker::Init()
 .text._ZN13MotionPlanner15PositionTracker7NewTaskEll
                0x08002648        0xc CMakeFiles/Ctrl-Step-STM32-fw.elf.dir/Ctrl/Motor/motion_planner.cpp.obj
                0x08002648                MotionPlanner::PositionTracker::NewTask(long, long)
 .text._ZN13MotionPlanner15PositionTracker20CalcPositionIntegralEl
                0x08002654       0x26 CMakeFiles/Ctrl-Step-STM32-fw.elf.dir/Ctrl/Motor/motion_planner.cpp.obj
                0x08002654                MotionPlanner::PositionTracker::CalcPositionIntegral(long)
 .text._ZN13MotionPlanner15PositionTracker20CalcVelocityIntegralEl
                0x0800267a       0x26 CMakeFiles/Ctrl-Step-STM32-fw.elf.dir/Ctrl/Motor/motion_planner.cpp.obj
                0x0800267a                MotionPlanner::PositionTracker::CalcVelocityIntegral(long)
 .text._ZN13MotionPlanner15PositionTracker12CalcSoftGoalEl
                0x080026a0      0x1e8 CMakeFiles/Ctrl-Step-STM32-fw.elf.dir/Ctrl/Motor/motion_planner.cpp.obj
                0x080026a0                MotionPlanner::PositionTracker::CalcSoftGoal(long)
 .text._ZN13MotionPlanner20PositionInterpolator7NewTaskEll
                0x08002888        0xa CMakeFiles/Ctrl-Step-STM32-fw.elf.dir/Ctrl/Motor/motion_planner.cpp.obj
                0x08002888                MotionPlanner::PositionInterpolator::NewTask(long, long)
 .text._ZN13MotionPlanner20PositionInterpolator12CalcSoftGoalEl
                0x08002892       0x34 CMakeFiles/Ctrl-Step-STM32-fw.elf.dir/Ctrl/Motor/motion_planner.cpp.obj
                0x08002892                MotionPlanner::PositionInterpolator::CalcSoftGoal(long)
 .text._ZN13MotionPlanner17TrajectoryTracker22SetSlowDownVelocityAccEl
                0x080028c6        0x4 CMakeFiles/Ctrl-Step-STM32-fw.elf.dir/Ctrl/Motor/motion_planner.cpp.obj
                0x080028c6                MotionPlanner::TrajectoryTracker::SetSlowDownVelocityAcc(long)
 .text._ZN13MotionPlanner17TrajectoryTracker7NewTaskEll
                0x080028ca       0x10 CMakeFiles/Ctrl-Step-STM32-fw.elf.dir/Ctrl/Motor/motion_planner.cpp.obj
                0x080028ca                MotionPlanner::TrajectoryTracker::NewTask(long, long)
 .text._ZN13MotionPlanner17TrajectoryTracker20CalcVelocityIntegralEl
                0x080028da       0x26 CMakeFiles/Ctrl-Step-STM32-fw.elf.dir/Ctrl/Motor/motion_planner.cpp.obj
                0x080028da                MotionPlanner::TrajectoryTracker::CalcVelocityIntegral(long)
 .text._ZN13MotionPlanner17TrajectoryTracker20CalcPositionIntegralEl
                0x08002900       0x26 CMakeFiles/Ctrl-Step-STM32-fw.elf.dir/Ctrl/Motor/motion_planner.cpp.obj
                0x08002900                MotionPlanner::TrajectoryTracker::CalcPositionIntegral(long)
 .text._ZN13MotionPlanner17TrajectoryTracker12CalcSoftGoalEll
                0x08002926       0xda CMakeFiles/Ctrl-Step-STM32-fw.elf.dir/Ctrl/Motor/motion_planner.cpp.obj
                0x08002926                MotionPlanner::TrajectoryTracker::CalcSoftGoal(long, long)
 .text._ZN13MotionPlanner17TrajectoryTracker4InitEl
                0x08002a00       0x16 CMakeFiles/Ctrl-Step-STM32-fw.elf.dir/Ctrl/Motor/motion_planner.cpp.obj
                0x08002a00                MotionPlanner::TrajectoryTracker::Init(long)
 .text._ZN13MotionPlanner12AttachConfigEPNS_8Config_tE
                0x08002a16       0x2a CMakeFiles/Ctrl-Step-STM32-fw.elf.dir/Ctrl/Motor/motion_planner.cpp.obj
                0x08002a16                MotionPlanner::AttachConfig(MotionPlanner::Config_t*)
 .text._ZN5Motor13AttachEncoderEP11EncoderBase
                0x08002a40        0x6 CMakeFiles/Ctrl-Step-STM32-fw.elf.dir/Ctrl/Motor/motor.cpp.obj
                0x08002a40                Motor::AttachEncoder(EncoderBase*)
 .text._ZN5Motor12AttachDriverEP10DriverBase
                0x08002a46        0x6 CMakeFiles/Ctrl-Step-STM32-fw.elf.dir/Ctrl/Motor/motor.cpp.obj
                0x08002a46                Motor::AttachDriver(DriverBase*)
 .text._ZN5Motor10Controller19CalcCurrentToOutputEl
                0x08002a4c       0x3c CMakeFiles/Ctrl-Step-STM32-fw.elf.dir/Ctrl/Motor/motor.cpp.obj
                0x08002a4c                Motor::Controller::CalcCurrentToOutput(long)
 .text._ZN5Motor10Controller15CalcPidToOutputEl
                0x08002a88       0xc8 CMakeFiles/Ctrl-Step-STM32-fw.elf.dir/Ctrl/Motor/motor.cpp.obj
                0x08002a88                Motor::Controller::CalcPidToOutput(long)
 .text._ZN5Motor10Controller15CalcDceToOutputEll
                0x08002b50       0xf4 CMakeFiles/Ctrl-Step-STM32-fw.elf.dir/Ctrl/Motor/motor.cpp.obj
                0x08002b50                Motor::Controller::CalcDceToOutput(long, long)
 .text._ZN5Motor10Controller11SetCtrlModeENS_6Mode_tE
                0x08002c44        0x4 CMakeFiles/Ctrl-Step-STM32-fw.elf.dir/Ctrl/Motor/motor.cpp.obj
                0x08002c44                Motor::Controller::SetCtrlMode(Motor::Mode_t)
 .text._ZN5Motor10Controller19SetPositionSetPointEl
                0x08002c48        0xa CMakeFiles/Ctrl-Step-STM32-fw.elf.dir/Ctrl/Motor/motor.cpp.obj
                0x08002c48                Motor::Controller::SetPositionSetPoint(long)
 *fill*         0x08002c52        0x2 
 .text._ZN5Motor10Controller27SetPositionSetPointWithTimeElf
                0x08002c54       0xbc CMakeFiles/Ctrl-Step-STM32-fw.elf.dir/Ctrl/Motor/motor.cpp.obj
                0x08002c54                Motor::Controller::SetPositionSetPointWithTime(long, float)
 .text._ZN5Motor10Controller19SetVelocitySetPointEl
                0x08002d10       0x12 CMakeFiles/Ctrl-Step-STM32-fw.elf.dir/Ctrl/Motor/motor.cpp.obj
                0x08002d10                Motor::Controller::SetVelocitySetPoint(long)
 .text._ZN5Motor10Controller11GetPositionEb
                0x08002d22       0x40 CMakeFiles/Ctrl-Step-STM32-fw.elf.dir/Ctrl/Motor/motor.cpp.obj
                0x08002d22                Motor::Controller::GetPosition(bool)
 .text._ZN5Motor10Controller11GetVelocityEv
                0x08002d62       0x1e CMakeFiles/Ctrl-Step-STM32-fw.elf.dir/Ctrl/Motor/motor.cpp.obj
                0x08002d62                Motor::Controller::GetVelocity()
 .text._ZN5Motor10Controller13GetFocCurrentEv
                0x08002d80       0x14 CMakeFiles/Ctrl-Step-STM32-fw.elf.dir/Ctrl/Motor/motor.cpp.obj
                0x08002d80                Motor::Controller::GetFocCurrent()
 .text._ZN5Motor10Controller18SetCurrentSetPointEl
                0x08002d94       0x1a CMakeFiles/Ctrl-Step-STM32-fw.elf.dir/Ctrl/Motor/motor.cpp.obj
                0x08002d94                Motor::Controller::SetCurrentSetPoint(long)
 .text._ZN5Motor10Controller14ClearStallFlagEv
                0x08002dae        0x8 CMakeFiles/Ctrl-Step-STM32-fw.elf.dir/Ctrl/Motor/motor.cpp.obj
                0x08002dae                Motor::Controller::ClearStallFlag()
 *fill*         0x08002db6        0x2 
 .text._ZN5Motor10Controller23CompensateAdvancedAngleEl
                0x08002db8       0xe4 CMakeFiles/Ctrl-Step-STM32-fw.elf.dir/Ctrl/Motor/motor.cpp.obj
                0x08002db8                Motor::Controller::CompensateAdvancedAngle(long)
 .text._ZN5Motor10Controller4InitEv
                0x08002e9c       0xa4 CMakeFiles/Ctrl-Step-STM32-fw.elf.dir/Ctrl/Motor/motor.cpp.obj
                0x08002e9c                Motor::Controller::Init()
 .text._ZN5Motor10Controller20ApplyPosAsHomeOffsetEv
                0x08002f40       0x12 CMakeFiles/Ctrl-Step-STM32-fw.elf.dir/Ctrl/Motor/motor.cpp.obj
                0x08002f40                Motor::Controller::ApplyPosAsHomeOffset()
 .text._ZN5Motor10Controller12AttachConfigEPNS0_8Config_tE
                0x08002f52        0x4 CMakeFiles/Ctrl-Step-STM32-fw.elf.dir/Ctrl/Motor/motor.cpp.obj
                0x08002f52                Motor::Controller::AttachConfig(Motor::Controller::Config_t*)
 .text._ZNK5Motor10Controller13ClearIntegralEv
                0x08002f56       0x1c CMakeFiles/Ctrl-Step-STM32-fw.elf.dir/Ctrl/Motor/motor.cpp.obj
                0x08002f56                Motor::Controller::ClearIntegral() const
 *fill*         0x08002f72        0x2 
 .text._ZN5Motor20CloseLoopControlTickEv
                0x08002f74      0x53c CMakeFiles/Ctrl-Step-STM32-fw.elf.dir/Ctrl/Motor/motor.cpp.obj
                0x08002f74                Motor::CloseLoopControlTick()
 .text._ZN5Motor9Tick20kHzEv
                0x080034b0       0x16 CMakeFiles/Ctrl-Step-STM32-fw.elf.dir/Ctrl/Motor/motor.cpp.obj
                0x080034b0                Motor::Tick20kHz()
 .text._ZN21EncoderCalibratorBase16CycleDataAverageEPKttl
                0x080034c6       0x4c CMakeFiles/Ctrl-Step-STM32-fw.elf.dir/Ctrl/Sensor/Encoder/encoder_calibrator_base.cpp.obj
                0x080034c6                EncoderCalibratorBase::CycleDataAverage(unsigned short const*, unsigned short, long)
 .text._ZN21EncoderCalibratorBase9Tick20kHzEv
                0x08003512      0x1d2 CMakeFiles/Ctrl-Step-STM32-fw.elf.dir/Ctrl/Sensor/Encoder/encoder_calibrator_base.cpp.obj
                0x08003512                EncoderCalibratorBase::Tick20kHz()
 .text._ZN21EncoderCalibratorBase8CycleModEmm
                0x080036e4        0xc CMakeFiles/Ctrl-Step-STM32-fw.elf.dir/Ctrl/Sensor/Encoder/encoder_calibrator_base.cpp.obj
                0x080036e4                EncoderCalibratorBase::CycleMod(unsigned long, unsigned long)
 .text._ZN21EncoderCalibratorBase13CycleSubtractElll
                0x080036f0       0x16 CMakeFiles/Ctrl-Step-STM32-fw.elf.dir/Ctrl/Sensor/Encoder/encoder_calibrator_base.cpp.obj
                0x080036f0                EncoderCalibratorBase::CycleSubtract(long, long, long)
 .text._ZN21EncoderCalibratorBase12CycleAverageElll
                0x08003706       0x20 CMakeFiles/Ctrl-Step-STM32-fw.elf.dir/Ctrl/Sensor/Encoder/encoder_calibrator_base.cpp.obj
                0x08003706                EncoderCalibratorBase::CycleAverage(long, long, long)
 *fill*         0x08003726        0x2 
 .text._ZN21EncoderCalibratorBase20CalibrationDataCheckEv
                0x08003728      0x1b8 CMakeFiles/Ctrl-Step-STM32-fw.elf.dir/Ctrl/Sensor/Encoder/encoder_calibrator_base.cpp.obj
                0x08003728                EncoderCalibratorBase::CalibrationDataCheck()
 .text._ZN21EncoderCalibratorBase12TickMainLoopEv
                0x080038e0      0x292 CMakeFiles/Ctrl-Step-STM32-fw.elf.dir/Ctrl/Sensor/Encoder/encoder_calibrator_base.cpp.obj
                0x080038e0                EncoderCalibratorBase::TickMainLoop()
 .text._ZN10MT6816Base7SpiInitEv
                0x08003b72        0x2 CMakeFiles/Ctrl-Step-STM32-fw.elf.dir/Ctrl/Sensor/Encoder/mt6816_base.cpp.obj
                0x08003b72                MT6816Base::SpiInit()
 .text._ZN10MT6816Base24SpiTransmitAndRead16BitsEt
                0x08003b74        0x4 CMakeFiles/Ctrl-Step-STM32-fw.elf.dir/Ctrl/Sensor/Encoder/mt6816_base.cpp.obj
                0x08003b74                MT6816Base::SpiTransmitAndRead16Bits(unsigned short)
 .text._ZN10MT6816Base4InitEv
                0x08003b78       0x3a CMakeFiles/Ctrl-Step-STM32-fw.elf.dir/Ctrl/Sensor/Encoder/mt6816_base.cpp.obj
                0x08003b78                MT6816Base::Init()
 .text._ZN10MT6816Base11UpdateAngleEv
                0x08003bb2       0x96 CMakeFiles/Ctrl-Step-STM32-fw.elf.dir/Ctrl/Sensor/Encoder/mt6816_base.cpp.obj
                0x08003bb2                MT6816Base::UpdateAngle()
 .text._ZN10MT6816Base12IsCalibratedEv
                0x08003c48        0x4 CMakeFiles/Ctrl-Step-STM32-fw.elf.dir/Ctrl/Sensor/Encoder/mt6816_base.cpp.obj
                0x08003c48                MT6816Base::IsCalibrated()
 .text._ZN10ButtonBase4TickEm
                0x08003c4c       0x4c CMakeFiles/Ctrl-Step-STM32-fw.elf.dir/Ctrl/Signal/button_base.cpp.obj
                0x08003c4c                ButtonBase::Tick(unsigned long)
 .text._ZN10ButtonBase18SetOnEventListenerEPFvNS_5EventEE
                0x08003c98       0x14 CMakeFiles/Ctrl-Step-STM32-fw.elf.dir/Ctrl/Signal/button_base.cpp.obj
                0x08003c98                ButtonBase::SetOnEventListener(void (*)(ButtonBase::Event))
 .text._ZN7LedBase4TickEmN5Motor7State_tE
                0x08003cac      0x1b0 CMakeFiles/Ctrl-Step-STM32-fw.elf.dir/Ctrl/Signal/led_base.cpp.obj
                0x08003cac                LedBase::Tick(unsigned long, Motor::State_t)
 .text.HAL_InitTick
                0x08003e5c       0x4c CMakeFiles/Ctrl-Step-STM32-fw.elf.dir/Drivers/STM32F1xx_HAL_Driver/Src/stm32f1xx_hal.c.obj
                0x08003e5c                HAL_InitTick
 .text.HAL_Init
                0x08003ea8       0x24 CMakeFiles/Ctrl-Step-STM32-fw.elf.dir/Drivers/STM32F1xx_HAL_Driver/Src/stm32f1xx_hal.c.obj
                0x08003ea8                HAL_Init
 .text.HAL_IncTick
                0x08003ecc       0x18 CMakeFiles/Ctrl-Step-STM32-fw.elf.dir/Drivers/STM32F1xx_HAL_Driver/Src/stm32f1xx_hal.c.obj
                0x08003ecc                HAL_IncTick
 .text.HAL_GetTick
                0x08003ee4        0xc CMakeFiles/Ctrl-Step-STM32-fw.elf.dir/Drivers/STM32F1xx_HAL_Driver/Src/stm32f1xx_hal.c.obj
                0x08003ee4                HAL_GetTick
 .text.HAL_Delay
                0x08003ef0       0x28 CMakeFiles/Ctrl-Step-STM32-fw.elf.dir/Drivers/STM32F1xx_HAL_Driver/Src/stm32f1xx_hal.c.obj
                0x08003ef0                HAL_Delay
 .text.HAL_ADC_ConvCpltCallback
                0x08003f18        0x2 CMakeFiles/Ctrl-Step-STM32-fw.elf.dir/Drivers/STM32F1xx_HAL_Driver/Src/stm32f1xx_hal_adc.c.obj
                0x08003f18                HAL_ADC_ConvCpltCallback
 .text.ADC_DMAConvCplt
                0x08003f1a       0x52 CMakeFiles/Ctrl-Step-STM32-fw.elf.dir/Drivers/STM32F1xx_HAL_Driver/Src/stm32f1xx_hal_adc.c.obj
                0x08003f1a                ADC_DMAConvCplt
 .text.HAL_ADC_ConvHalfCpltCallback
                0x08003f6c        0x2 CMakeFiles/Ctrl-Step-STM32-fw.elf.dir/Drivers/STM32F1xx_HAL_Driver/Src/stm32f1xx_hal_adc.c.obj
                0x08003f6c                HAL_ADC_ConvHalfCpltCallback
 .text.ADC_DMAHalfConvCplt
                0x08003f6e        0xa CMakeFiles/Ctrl-Step-STM32-fw.elf.dir/Drivers/STM32F1xx_HAL_Driver/Src/stm32f1xx_hal_adc.c.obj
                0x08003f6e                ADC_DMAHalfConvCplt
 .text.HAL_ADC_ErrorCallback
                0x08003f78        0x2 CMakeFiles/Ctrl-Step-STM32-fw.elf.dir/Drivers/STM32F1xx_HAL_Driver/Src/stm32f1xx_hal_adc.c.obj
                0x08003f78                HAL_ADC_ErrorCallback
 .text.ADC_DMAError
                0x08003f7a       0x1a CMakeFiles/Ctrl-Step-STM32-fw.elf.dir/Drivers/STM32F1xx_HAL_Driver/Src/stm32f1xx_hal_adc.c.obj
                0x08003f7a                ADC_DMAError
 .text.HAL_ADC_ConfigChannel
                0x08003f94      0x140 CMakeFiles/Ctrl-Step-STM32-fw.elf.dir/Drivers/STM32F1xx_HAL_Driver/Src/stm32f1xx_hal_adc.c.obj
                0x08003f94                HAL_ADC_ConfigChannel
 .text.ADC_Enable
                0x080040d4       0x88 CMakeFiles/Ctrl-Step-STM32-fw.elf.dir/Drivers/STM32F1xx_HAL_Driver/Src/stm32f1xx_hal_adc.c.obj
                0x080040d4                ADC_Enable
 .text.HAL_ADC_Start_DMA
                0x0800415c      0x130 CMakeFiles/Ctrl-Step-STM32-fw.elf.dir/Drivers/STM32F1xx_HAL_Driver/Src/stm32f1xx_hal_adc.c.obj
                0x0800415c                HAL_ADC_Start_DMA
 .text.ADC_ConversionStop_Disable
                0x0800428c       0x56 CMakeFiles/Ctrl-Step-STM32-fw.elf.dir/Drivers/STM32F1xx_HAL_Driver/Src/stm32f1xx_hal_adc.c.obj
                0x0800428c                ADC_ConversionStop_Disable
 *fill*         0x080042e2        0x2 
 .text.HAL_ADC_Init
                0x080042e4      0x108 CMakeFiles/Ctrl-Step-STM32-fw.elf.dir/Drivers/STM32F1xx_HAL_Driver/Src/stm32f1xx_hal_adc.c.obj
                0x080042e4                HAL_ADC_Init
 .text.HAL_ADCEx_Calibration_Start
                0x080043ec      0x100 CMakeFiles/Ctrl-Step-STM32-fw.elf.dir/Drivers/STM32F1xx_HAL_Driver/Src/stm32f1xx_hal_adc_ex.c.obj
                0x080043ec                HAL_ADCEx_Calibration_Start
 .text.HAL_CAN_Init
                0x080044ec      0x14c CMakeFiles/Ctrl-Step-STM32-fw.elf.dir/Drivers/STM32F1xx_HAL_Driver/Src/stm32f1xx_hal_can.c.obj
                0x080044ec                HAL_CAN_Init
 .text.HAL_CAN_ConfigFilter
                0x08004638      0x10c CMakeFiles/Ctrl-Step-STM32-fw.elf.dir/Drivers/STM32F1xx_HAL_Driver/Src/stm32f1xx_hal_can.c.obj
                0x08004638                HAL_CAN_ConfigFilter
 .text.HAL_CAN_Start
                0x08004744       0x5c CMakeFiles/Ctrl-Step-STM32-fw.elf.dir/Drivers/STM32F1xx_HAL_Driver/Src/stm32f1xx_hal_can.c.obj
                0x08004744                HAL_CAN_Start
 .text.HAL_CAN_AddTxMessage
                0x080047a0       0xfc CMakeFiles/Ctrl-Step-STM32-fw.elf.dir/Drivers/STM32F1xx_HAL_Driver/Src/stm32f1xx_hal_can.c.obj
                0x080047a0                HAL_CAN_AddTxMessage
 .text.HAL_CAN_GetRxMessage
                0x0800489c      0x156 CMakeFiles/Ctrl-Step-STM32-fw.elf.dir/Drivers/STM32F1xx_HAL_Driver/Src/stm32f1xx_hal_can.c.obj
                0x0800489c                HAL_CAN_GetRxMessage
 .text.HAL_CAN_ActivateNotification
                0x080049f2       0x24 CMakeFiles/Ctrl-Step-STM32-fw.elf.dir/Drivers/STM32F1xx_HAL_Driver/Src/stm32f1xx_hal_can.c.obj
                0x080049f2                HAL_CAN_ActivateNotification
 .text.HAL_CAN_TxMailbox0CompleteCallback
                0x08004a16        0x2 CMakeFiles/Ctrl-Step-STM32-fw.elf.dir/Drivers/STM32F1xx_HAL_Driver/Src/stm32f1xx_hal_can.c.obj
                0x08004a16                HAL_CAN_TxMailbox0CompleteCallback
 .text.HAL_CAN_TxMailbox1CompleteCallback
                0x08004a18        0x2 CMakeFiles/Ctrl-Step-STM32-fw.elf.dir/Drivers/STM32F1xx_HAL_Driver/Src/stm32f1xx_hal_can.c.obj
                0x08004a18                HAL_CAN_TxMailbox1CompleteCallback
 .text.HAL_CAN_TxMailbox2CompleteCallback
                0x08004a1a        0x2 CMakeFiles/Ctrl-Step-STM32-fw.elf.dir/Drivers/STM32F1xx_HAL_Driver/Src/stm32f1xx_hal_can.c.obj
                0x08004a1a                HAL_CAN_TxMailbox2CompleteCallback
 .text.HAL_CAN_TxMailbox0AbortCallback
                0x08004a1c        0x2 CMakeFiles/Ctrl-Step-STM32-fw.elf.dir/Drivers/STM32F1xx_HAL_Driver/Src/stm32f1xx_hal_can.c.obj
                0x08004a1c                HAL_CAN_TxMailbox0AbortCallback
 .text.HAL_CAN_TxMailbox1AbortCallback
                0x08004a1e        0x2 CMakeFiles/Ctrl-Step-STM32-fw.elf.dir/Drivers/STM32F1xx_HAL_Driver/Src/stm32f1xx_hal_can.c.obj
                0x08004a1e                HAL_CAN_TxMailbox1AbortCallback
 .text.HAL_CAN_TxMailbox2AbortCallback
                0x08004a20        0x2 CMakeFiles/Ctrl-Step-STM32-fw.elf.dir/Drivers/STM32F1xx_HAL_Driver/Src/stm32f1xx_hal_can.c.obj
                0x08004a20                HAL_CAN_TxMailbox2AbortCallback
 .text.HAL_CAN_RxFifo0FullCallback
                0x08004a22        0x2 CMakeFiles/Ctrl-Step-STM32-fw.elf.dir/Drivers/STM32F1xx_HAL_Driver/Src/stm32f1xx_hal_can.c.obj
                0x08004a22                HAL_CAN_RxFifo0FullCallback
 .text.HAL_CAN_RxFifo1MsgPendingCallback
                0x08004a24        0x2 CMakeFiles/Ctrl-Step-STM32-fw.elf.dir/Drivers/STM32F1xx_HAL_Driver/Src/stm32f1xx_hal_can.c.obj
                0x08004a24                HAL_CAN_RxFifo1MsgPendingCallback
 .text.HAL_CAN_RxFifo1FullCallback
                0x08004a26        0x2 CMakeFiles/Ctrl-Step-STM32-fw.elf.dir/Drivers/STM32F1xx_HAL_Driver/Src/stm32f1xx_hal_can.c.obj
                0x08004a26                HAL_CAN_RxFifo1FullCallback
 .text.HAL_CAN_SleepCallback
                0x08004a28        0x2 CMakeFiles/Ctrl-Step-STM32-fw.elf.dir/Drivers/STM32F1xx_HAL_Driver/Src/stm32f1xx_hal_can.c.obj
                0x08004a28                HAL_CAN_SleepCallback
 .text.HAL_CAN_WakeUpFromRxMsgCallback
                0x08004a2a        0x2 CMakeFiles/Ctrl-Step-STM32-fw.elf.dir/Drivers/STM32F1xx_HAL_Driver/Src/stm32f1xx_hal_can.c.obj
                0x08004a2a                HAL_CAN_WakeUpFromRxMsgCallback
 .text.HAL_CAN_ErrorCallback
                0x08004a2c        0x2 CMakeFiles/Ctrl-Step-STM32-fw.elf.dir/Drivers/STM32F1xx_HAL_Driver/Src/stm32f1xx_hal_can.c.obj
                0x08004a2c                HAL_CAN_ErrorCallback
 .text.HAL_CAN_IRQHandler
                0x08004a2e      0x250 CMakeFiles/Ctrl-Step-STM32-fw.elf.dir/Drivers/STM32F1xx_HAL_Driver/Src/stm32f1xx_hal_can.c.obj
                0x08004a2e                HAL_CAN_IRQHandler
 *fill*         0x08004c7e        0x2 
 .text.__NVIC_SetPriority
                0x08004c80       0x28 CMakeFiles/Ctrl-Step-STM32-fw.elf.dir/Drivers/STM32F1xx_HAL_Driver/Src/stm32f1xx_hal_cortex.c.obj
 .text.NVIC_EncodePriority
                0x08004ca8       0x3e CMakeFiles/Ctrl-Step-STM32-fw.elf.dir/Drivers/STM32F1xx_HAL_Driver/Src/stm32f1xx_hal_cortex.c.obj
 *fill*         0x08004ce6        0x2 
 .text.__NVIC_SystemReset
                0x08004ce8       0x24 CMakeFiles/Ctrl-Step-STM32-fw.elf.dir/Drivers/STM32F1xx_HAL_Driver/Src/stm32f1xx_hal_cortex.c.obj
 .text.HAL_NVIC_SetPriorityGrouping
                0x08004d0c       0x24 CMakeFiles/Ctrl-Step-STM32-fw.elf.dir/Drivers/STM32F1xx_HAL_Driver/Src/stm32f1xx_hal_cortex.c.obj
                0x08004d0c                HAL_NVIC_SetPriorityGrouping
 .text.HAL_NVIC_SetPriority
                0x08004d30       0x20 CMakeFiles/Ctrl-Step-STM32-fw.elf.dir/Drivers/STM32F1xx_HAL_Driver/Src/stm32f1xx_hal_cortex.c.obj
                0x08004d30                HAL_NVIC_SetPriority
 .text.HAL_NVIC_EnableIRQ
                0x08004d50       0x1c CMakeFiles/Ctrl-Step-STM32-fw.elf.dir/Drivers/STM32F1xx_HAL_Driver/Src/stm32f1xx_hal_cortex.c.obj
                0x08004d50                HAL_NVIC_EnableIRQ
 .text.HAL_NVIC_SystemReset
                0x08004d6c        0x6 CMakeFiles/Ctrl-Step-STM32-fw.elf.dir/Drivers/STM32F1xx_HAL_Driver/Src/stm32f1xx_hal_cortex.c.obj
                0x08004d6c                HAL_NVIC_SystemReset
 *fill*         0x08004d72        0x2 
 .text.HAL_SYSTICK_Config
                0x08004d74       0x28 CMakeFiles/Ctrl-Step-STM32-fw.elf.dir/Drivers/STM32F1xx_HAL_Driver/Src/stm32f1xx_hal_cortex.c.obj
                0x08004d74                HAL_SYSTICK_Config
 .text.DMA_SetConfig
                0x08004d9c       0x2c CMakeFiles/Ctrl-Step-STM32-fw.elf.dir/Drivers/STM32F1xx_HAL_Driver/Src/stm32f1xx_hal_dma.c.obj
 .text.HAL_DMA_Init
                0x08004dc8       0x68 CMakeFiles/Ctrl-Step-STM32-fw.elf.dir/Drivers/STM32F1xx_HAL_Driver/Src/stm32f1xx_hal_dma.c.obj
                0x08004dc8                HAL_DMA_Init
 .text.HAL_DMA_Start_IT
                0x08004e30       0x74 CMakeFiles/Ctrl-Step-STM32-fw.elf.dir/Drivers/STM32F1xx_HAL_Driver/Src/stm32f1xx_hal_dma.c.obj
                0x08004e30                HAL_DMA_Start_IT
 .text.HAL_DMA_Abort
                0x08004ea4       0x44 CMakeFiles/Ctrl-Step-STM32-fw.elf.dir/Drivers/STM32F1xx_HAL_Driver/Src/stm32f1xx_hal_dma.c.obj
                0x08004ea4                HAL_DMA_Abort
 .text.HAL_DMA_Abort_IT
                0x08004ee8       0x98 CMakeFiles/Ctrl-Step-STM32-fw.elf.dir/Drivers/STM32F1xx_HAL_Driver/Src/stm32f1xx_hal_dma.c.obj
                0x08004ee8                HAL_DMA_Abort_IT
 .text.HAL_DMA_IRQHandler
                0x08004f80      0x144 CMakeFiles/Ctrl-Step-STM32-fw.elf.dir/Drivers/STM32F1xx_HAL_Driver/Src/stm32f1xx_hal_dma.c.obj
                0x08004f80                HAL_DMA_IRQHandler
 .text.FLASH_Program_HalfWord
                0x080050c4       0x1c CMakeFiles/Ctrl-Step-STM32-fw.elf.dir/Drivers/STM32F1xx_HAL_Driver/Src/stm32f1xx_hal_flash.c.obj
 .text.FLASH_SetErrorCode
                0x080050e0       0x70 CMakeFiles/Ctrl-Step-STM32-fw.elf.dir/Drivers/STM32F1xx_HAL_Driver/Src/stm32f1xx_hal_flash.c.obj
 .text.HAL_FLASH_Unlock
                0x08005150       0x34 CMakeFiles/Ctrl-Step-STM32-fw.elf.dir/Drivers/STM32F1xx_HAL_Driver/Src/stm32f1xx_hal_flash.c.obj
                0x08005150                HAL_FLASH_Unlock
 .text.HAL_FLASH_Lock
                0x08005184       0x14 CMakeFiles/Ctrl-Step-STM32-fw.elf.dir/Drivers/STM32F1xx_HAL_Driver/Src/stm32f1xx_hal_flash.c.obj
                0x08005184                HAL_FLASH_Lock
 .text.FLASH_WaitForLastOperation
                0x08005198       0x68 CMakeFiles/Ctrl-Step-STM32-fw.elf.dir/Drivers/STM32F1xx_HAL_Driver/Src/stm32f1xx_hal_flash.c.obj
                0x08005198                FLASH_WaitForLastOperation
 .text.HAL_FLASH_Program
                0x08005200       0xa0 CMakeFiles/Ctrl-Step-STM32-fw.elf.dir/Drivers/STM32F1xx_HAL_Driver/Src/stm32f1xx_hal_flash.c.obj
                0x08005200                HAL_FLASH_Program
 .text.FLASH_MassErase
                0x080052a0       0x24 CMakeFiles/Ctrl-Step-STM32-fw.elf.dir/Drivers/STM32F1xx_HAL_Driver/Src/stm32f1xx_hal_flash_ex.c.obj
 .text.FLASH_PageErase
                0x080052c4       0x24 CMakeFiles/Ctrl-Step-STM32-fw.elf.dir/Drivers/STM32F1xx_HAL_Driver/Src/stm32f1xx_hal_flash_ex.c.obj
                0x080052c4                FLASH_PageErase
 .text.HAL_FLASHEx_Erase
                0x080052e8       0xa4 CMakeFiles/Ctrl-Step-STM32-fw.elf.dir/Drivers/STM32F1xx_HAL_Driver/Src/stm32f1xx_hal_flash_ex.c.obj
                0x080052e8                HAL_FLASHEx_Erase
 .text.HAL_GPIO_Init
                0x0800538c      0x214 CMakeFiles/Ctrl-Step-STM32-fw.elf.dir/Drivers/STM32F1xx_HAL_Driver/Src/stm32f1xx_hal_gpio.c.obj
                0x0800538c                HAL_GPIO_Init
 .text.HAL_GPIO_ReadPin
                0x080055a0        0xe CMakeFiles/Ctrl-Step-STM32-fw.elf.dir/Drivers/STM32F1xx_HAL_Driver/Src/stm32f1xx_hal_gpio.c.obj
                0x080055a0                HAL_GPIO_ReadPin
 .text.HAL_GPIO_WritePin
                0x080055ae        0xc CMakeFiles/Ctrl-Step-STM32-fw.elf.dir/Drivers/STM32F1xx_HAL_Driver/Src/stm32f1xx_hal_gpio.c.obj
                0x080055ae                HAL_GPIO_WritePin
 *fill*         0x080055ba        0x2 
 .text.RCC_Delay
                0x080055bc       0x2c CMakeFiles/Ctrl-Step-STM32-fw.elf.dir/Drivers/STM32F1xx_HAL_Driver/Src/stm32f1xx_hal_rcc.c.obj
 .text.HAL_RCC_OscConfig
                0x080055e8      0x410 CMakeFiles/Ctrl-Step-STM32-fw.elf.dir/Drivers/STM32F1xx_HAL_Driver/Src/stm32f1xx_hal_rcc.c.obj
                0x080055e8                HAL_RCC_OscConfig
 .text.HAL_RCC_GetSysClockFreq
                0x080059f8       0x7c CMakeFiles/Ctrl-Step-STM32-fw.elf.dir/Drivers/STM32F1xx_HAL_Driver/Src/stm32f1xx_hal_rcc.c.obj
                0x080059f8                HAL_RCC_GetSysClockFreq
 .text.HAL_RCC_ClockConfig
                0x08005a74      0x16c CMakeFiles/Ctrl-Step-STM32-fw.elf.dir/Drivers/STM32F1xx_HAL_Driver/Src/stm32f1xx_hal_rcc.c.obj
                0x08005a74                HAL_RCC_ClockConfig
 .text.HAL_RCC_GetHCLKFreq
                0x08005be0        0xc CMakeFiles/Ctrl-Step-STM32-fw.elf.dir/Drivers/STM32F1xx_HAL_Driver/Src/stm32f1xx_hal_rcc.c.obj
                0x08005be0                HAL_RCC_GetHCLKFreq
 .text.HAL_RCC_GetPCLK1Freq
                0x08005bec       0x20 CMakeFiles/Ctrl-Step-STM32-fw.elf.dir/Drivers/STM32F1xx_HAL_Driver/Src/stm32f1xx_hal_rcc.c.obj
                0x08005bec                HAL_RCC_GetPCLK1Freq
 .text.HAL_RCC_GetPCLK2Freq
                0x08005c0c       0x20 CMakeFiles/Ctrl-Step-STM32-fw.elf.dir/Drivers/STM32F1xx_HAL_Driver/Src/stm32f1xx_hal_rcc.c.obj
                0x08005c0c                HAL_RCC_GetPCLK2Freq
 .text.HAL_RCCEx_PeriphCLKConfig
                0x08005c2c      0x118 CMakeFiles/Ctrl-Step-STM32-fw.elf.dir/Drivers/STM32F1xx_HAL_Driver/Src/stm32f1xx_hal_rcc_ex.c.obj
                0x08005c2c                HAL_RCCEx_PeriphCLKConfig
 .text.HAL_RCCEx_GetPeriphCLKFreq
                0x08005d44      0x100 CMakeFiles/Ctrl-Step-STM32-fw.elf.dir/Drivers/STM32F1xx_HAL_Driver/Src/stm32f1xx_hal_rcc_ex.c.obj
                0x08005d44                HAL_RCCEx_GetPeriphCLKFreq
 .text.SPI_WaitFlagStateUntilTimeout
                0x08005e44       0xc8 CMakeFiles/Ctrl-Step-STM32-fw.elf.dir/Drivers/STM32F1xx_HAL_Driver/Src/stm32f1xx_hal_spi.c.obj
 .text.SPI_EndRxTxTransaction
                0x08005f0c       0x24 CMakeFiles/Ctrl-Step-STM32-fw.elf.dir/Drivers/STM32F1xx_HAL_Driver/Src/stm32f1xx_hal_spi.c.obj
 .text.HAL_SPI_Init
                0x08005f30       0xb6 CMakeFiles/Ctrl-Step-STM32-fw.elf.dir/Drivers/STM32F1xx_HAL_Driver/Src/stm32f1xx_hal_spi.c.obj
                0x08005f30                HAL_SPI_Init
 .text.HAL_SPI_TransmitReceive
                0x08005fe6      0x240 CMakeFiles/Ctrl-Step-STM32-fw.elf.dir/Drivers/STM32F1xx_HAL_Driver/Src/stm32f1xx_hal_spi.c.obj
                0x08005fe6                HAL_SPI_TransmitReceive
 *fill*         0x08006226        0x2 
 .text.TIM_OC1_SetConfig
                0x08006228       0x54 CMakeFiles/Ctrl-Step-STM32-fw.elf.dir/Drivers/STM32F1xx_HAL_Driver/Src/stm32f1xx_hal_tim.c.obj
 .text.TIM_OC3_SetConfig
                0x0800627c       0x5c CMakeFiles/Ctrl-Step-STM32-fw.elf.dir/Drivers/STM32F1xx_HAL_Driver/Src/stm32f1xx_hal_tim.c.obj
 .text.TIM_OC4_SetConfig
                0x080062d8       0x48 CMakeFiles/Ctrl-Step-STM32-fw.elf.dir/Drivers/STM32F1xx_HAL_Driver/Src/stm32f1xx_hal_tim.c.obj
 .text.TIM_TI1_ConfigInputStage
                0x08006320       0x24 CMakeFiles/Ctrl-Step-STM32-fw.elf.dir/Drivers/STM32F1xx_HAL_Driver/Src/stm32f1xx_hal_tim.c.obj
 .text.TIM_TI2_SetConfig
                0x08006344       0x36 CMakeFiles/Ctrl-Step-STM32-fw.elf.dir/Drivers/STM32F1xx_HAL_Driver/Src/stm32f1xx_hal_tim.c.obj
 .text.TIM_TI2_ConfigInputStage
                0x0800637a       0x26 CMakeFiles/Ctrl-Step-STM32-fw.elf.dir/Drivers/STM32F1xx_HAL_Driver/Src/stm32f1xx_hal_tim.c.obj
 .text.TIM_TI3_SetConfig
                0x080063a0       0x36 CMakeFiles/Ctrl-Step-STM32-fw.elf.dir/Drivers/STM32F1xx_HAL_Driver/Src/stm32f1xx_hal_tim.c.obj
 .text.TIM_TI4_SetConfig
                0x080063d6       0x36 CMakeFiles/Ctrl-Step-STM32-fw.elf.dir/Drivers/STM32F1xx_HAL_Driver/Src/stm32f1xx_hal_tim.c.obj
 .text.TIM_ITRx_SetConfig
                0x0800640c       0x10 CMakeFiles/Ctrl-Step-STM32-fw.elf.dir/Drivers/STM32F1xx_HAL_Driver/Src/stm32f1xx_hal_tim.c.obj
 .text.HAL_TIM_Base_Start_IT
                0x0800641c       0x64 CMakeFiles/Ctrl-Step-STM32-fw.elf.dir/Drivers/STM32F1xx_HAL_Driver/Src/stm32f1xx_hal_tim.c.obj
                0x0800641c                HAL_TIM_Base_Start_IT
 .text.HAL_TIM_IC_MspInit
                0x08006480        0x2 CMakeFiles/Ctrl-Step-STM32-fw.elf.dir/Drivers/STM32F1xx_HAL_Driver/Src/stm32f1xx_hal_tim.c.obj
                0x08006480                HAL_TIM_IC_MspInit
 *fill*         0x08006482        0x2 
 .text.TIM_Base_SetConfig
                0x08006484       0x74 CMakeFiles/Ctrl-Step-STM32-fw.elf.dir/Drivers/STM32F1xx_HAL_Driver/Src/stm32f1xx_hal_tim.c.obj
                0x08006484                TIM_Base_SetConfig
 .text.HAL_TIM_Base_Init
                0x080064f8       0x58 CMakeFiles/Ctrl-Step-STM32-fw.elf.dir/Drivers/STM32F1xx_HAL_Driver/Src/stm32f1xx_hal_tim.c.obj
                0x080064f8                HAL_TIM_Base_Init
 .text.HAL_TIM_PWM_Init
                0x08006550       0x58 CMakeFiles/Ctrl-Step-STM32-fw.elf.dir/Drivers/STM32F1xx_HAL_Driver/Src/stm32f1xx_hal_tim.c.obj
                0x08006550                HAL_TIM_PWM_Init
 .text.HAL_TIM_IC_Init
                0x080065a8       0x58 CMakeFiles/Ctrl-Step-STM32-fw.elf.dir/Drivers/STM32F1xx_HAL_Driver/Src/stm32f1xx_hal_tim.c.obj
                0x080065a8                HAL_TIM_IC_Init
 .text.TIM_OC2_SetConfig
                0x08006600       0x5c CMakeFiles/Ctrl-Step-STM32-fw.elf.dir/Drivers/STM32F1xx_HAL_Driver/Src/stm32f1xx_hal_tim.c.obj
                0x08006600                TIM_OC2_SetConfig
 .text.HAL_TIM_PWM_ConfigChannel
                0x0800665c       0xd0 CMakeFiles/Ctrl-Step-STM32-fw.elf.dir/Drivers/STM32F1xx_HAL_Driver/Src/stm32f1xx_hal_tim.c.obj
                0x0800665c                HAL_TIM_PWM_ConfigChannel
 .text.TIM_TI1_SetConfig
                0x0800672c       0x58 CMakeFiles/Ctrl-Step-STM32-fw.elf.dir/Drivers/STM32F1xx_HAL_Driver/Src/stm32f1xx_hal_tim.c.obj
                0x0800672c                TIM_TI1_SetConfig
 .text.HAL_TIM_IC_ConfigChannel
                0x08006784       0xb4 CMakeFiles/Ctrl-Step-STM32-fw.elf.dir/Drivers/STM32F1xx_HAL_Driver/Src/stm32f1xx_hal_tim.c.obj
                0x08006784                HAL_TIM_IC_ConfigChannel
 .text.TIM_ETR_SetConfig
                0x08006838       0x18 CMakeFiles/Ctrl-Step-STM32-fw.elf.dir/Drivers/STM32F1xx_HAL_Driver/Src/stm32f1xx_hal_tim.c.obj
                0x08006838                TIM_ETR_SetConfig
 .text.HAL_TIM_ConfigClockSource
                0x08006850       0xda CMakeFiles/Ctrl-Step-STM32-fw.elf.dir/Drivers/STM32F1xx_HAL_Driver/Src/stm32f1xx_hal_tim.c.obj
                0x08006850                HAL_TIM_ConfigClockSource
 .text.TIM_SlaveTimer_SetConfig
                0x0800692a       0x8e CMakeFiles/Ctrl-Step-STM32-fw.elf.dir/Drivers/STM32F1xx_HAL_Driver/Src/stm32f1xx_hal_tim.c.obj
 .text.HAL_TIM_SlaveConfigSynchro
                0x080069b8       0x52 CMakeFiles/Ctrl-Step-STM32-fw.elf.dir/Drivers/STM32F1xx_HAL_Driver/Src/stm32f1xx_hal_tim.c.obj
                0x080069b8                HAL_TIM_SlaveConfigSynchro
 .text.TIM_CCxChannelCmd
                0x08006a0a       0x1e CMakeFiles/Ctrl-Step-STM32-fw.elf.dir/Drivers/STM32F1xx_HAL_Driver/Src/stm32f1xx_hal_tim.c.obj
                0x08006a0a                TIM_CCxChannelCmd
 .text.HAL_TIM_PWM_Start
                0x08006a28       0xd4 CMakeFiles/Ctrl-Step-STM32-fw.elf.dir/Drivers/STM32F1xx_HAL_Driver/Src/stm32f1xx_hal_tim.c.obj
                0x08006a28                HAL_TIM_PWM_Start
 .text.HAL_TIMEx_MasterConfigSynchronization
                0x08006afc       0x6c CMakeFiles/Ctrl-Step-STM32-fw.elf.dir/Drivers/STM32F1xx_HAL_Driver/Src/stm32f1xx_hal_tim_ex.c.obj
                0x08006afc                HAL_TIMEx_MasterConfigSynchronization
 .text.UART_EndTxTransfer
                0x08006b68       0x12 CMakeFiles/Ctrl-Step-STM32-fw.elf.dir/Drivers/STM32F1xx_HAL_Driver/Src/stm32f1xx_hal_uart.c.obj
 .text.UART_EndRxTransfer
                0x08006b7a       0x32 CMakeFiles/Ctrl-Step-STM32-fw.elf.dir/Drivers/STM32F1xx_HAL_Driver/Src/stm32f1xx_hal_uart.c.obj
 .text.UART_Transmit_IT
                0x08006bac       0x5e CMakeFiles/Ctrl-Step-STM32-fw.elf.dir/Drivers/STM32F1xx_HAL_Driver/Src/stm32f1xx_hal_uart.c.obj
 *fill*         0x08006c0a        0x2 
 .text.UART_SetConfig
                0x08006c0c       0x94 CMakeFiles/Ctrl-Step-STM32-fw.elf.dir/Drivers/STM32F1xx_HAL_Driver/Src/stm32f1xx_hal_uart.c.obj
 .text.UART_WaitOnFlagUntilTimeout
                0x08006ca0       0x68 CMakeFiles/Ctrl-Step-STM32-fw.elf.dir/Drivers/STM32F1xx_HAL_Driver/Src/stm32f1xx_hal_uart.c.obj
 .text.HAL_UART_Init
                0x08006d08       0x5e CMakeFiles/Ctrl-Step-STM32-fw.elf.dir/Drivers/STM32F1xx_HAL_Driver/Src/stm32f1xx_hal_uart.c.obj
                0x08006d08                HAL_UART_Init
 .text.HAL_UART_Transmit
                0x08006d66       0xd6 CMakeFiles/Ctrl-Step-STM32-fw.elf.dir/Drivers/STM32F1xx_HAL_Driver/Src/stm32f1xx_hal_uart.c.obj
                0x08006d66                HAL_UART_Transmit
 .text.HAL_UART_Receive
                0x08006e3c       0xe2 CMakeFiles/Ctrl-Step-STM32-fw.elf.dir/Drivers/STM32F1xx_HAL_Driver/Src/stm32f1xx_hal_uart.c.obj
                0x08006e3c                HAL_UART_Receive
 .text.HAL_UART_DMAStop
                0x08006f1e       0x60 CMakeFiles/Ctrl-Step-STM32-fw.elf.dir/Drivers/STM32F1xx_HAL_Driver/Src/stm32f1xx_hal_uart.c.obj
                0x08006f1e                HAL_UART_DMAStop
 .text.HAL_UART_TxCpltCallback
                0x08006f7e        0x2 CMakeFiles/Ctrl-Step-STM32-fw.elf.dir/Drivers/STM32F1xx_HAL_Driver/Src/stm32f1xx_hal_uart.c.obj
                0x08006f7e                HAL_UART_TxCpltCallback
 .text.UART_EndTransmit_IT
                0x08006f80       0x1a CMakeFiles/Ctrl-Step-STM32-fw.elf.dir/Drivers/STM32F1xx_HAL_Driver/Src/stm32f1xx_hal_uart.c.obj
 .text.HAL_UART_RxCpltCallback
                0x08006f9a        0x2 CMakeFiles/Ctrl-Step-STM32-fw.elf.dir/Drivers/STM32F1xx_HAL_Driver/Src/stm32f1xx_hal_uart.c.obj
                0x08006f9a                HAL_UART_RxCpltCallback
 .text.HAL_UART_RxHalfCpltCallback
                0x08006f9c        0x2 CMakeFiles/Ctrl-Step-STM32-fw.elf.dir/Drivers/STM32F1xx_HAL_Driver/Src/stm32f1xx_hal_uart.c.obj
                0x08006f9c                HAL_UART_RxHalfCpltCallback
 .text.HAL_UART_ErrorCallback
                0x08006f9e        0x2 CMakeFiles/Ctrl-Step-STM32-fw.elf.dir/Drivers/STM32F1xx_HAL_Driver/Src/stm32f1xx_hal_uart.c.obj
                0x08006f9e                HAL_UART_ErrorCallback
 .text.UART_DMAError
                0x08006fa0       0x54 CMakeFiles/Ctrl-Step-STM32-fw.elf.dir/Drivers/STM32F1xx_HAL_Driver/Src/stm32f1xx_hal_uart.c.obj
 .text.UART_DMAAbortOnError
                0x08006ff4       0x10 CMakeFiles/Ctrl-Step-STM32-fw.elf.dir/Drivers/STM32F1xx_HAL_Driver/Src/stm32f1xx_hal_uart.c.obj
 .text.HAL_UARTEx_RxEventCallback
                0x08007004        0x2 CMakeFiles/Ctrl-Step-STM32-fw.elf.dir/Drivers/STM32F1xx_HAL_Driver/Src/stm32f1xx_hal_uart.c.obj
                0x08007004                HAL_UARTEx_RxEventCallback
 .text.UART_Receive_IT
                0x08007006       0xd2 CMakeFiles/Ctrl-Step-STM32-fw.elf.dir/Drivers/STM32F1xx_HAL_Driver/Src/stm32f1xx_hal_uart.c.obj
 .text.HAL_UART_IRQHandler
                0x080070d8      0x200 CMakeFiles/Ctrl-Step-STM32-fw.elf.dir/Drivers/STM32F1xx_HAL_Driver/Src/stm32f1xx_hal_uart.c.obj
                0x080070d8                HAL_UART_IRQHandler
 .text.UART_DMARxHalfCplt
                0x080072d8       0x1a CMakeFiles/Ctrl-Step-STM32-fw.elf.dir/Drivers/STM32F1xx_HAL_Driver/Src/stm32f1xx_hal_uart.c.obj
 .text.UART_DMAReceiveCplt
                0x080072f2       0x5e CMakeFiles/Ctrl-Step-STM32-fw.elf.dir/Drivers/STM32F1xx_HAL_Driver/Src/stm32f1xx_hal_uart.c.obj
 .text.UART_Start_Receive_DMA
                0x08007350       0x78 CMakeFiles/Ctrl-Step-STM32-fw.elf.dir/Drivers/STM32F1xx_HAL_Driver/Src/stm32f1xx_hal_uart.c.obj
                0x08007350                UART_Start_Receive_DMA
 .text.HAL_UART_Receive_DMA
                0x080073c8       0x36 CMakeFiles/Ctrl-Step-STM32-fw.elf.dir/Drivers/STM32F1xx_HAL_Driver/Src/stm32f1xx_hal_uart.c.obj
                0x080073c8                HAL_UART_Receive_DMA
 *fill*         0x080073fe        0x2 
 .text.eeprom_buffered_read_byte
                0x08007400        0xc CMakeFiles/Ctrl-Step-STM32-fw.elf.dir/Port/Platform/Memory/emulated_eeprom.cpp.obj
                0x08007400                eeprom_buffered_read_byte
 .text.eeprom_buffered_write_byte
                0x0800740c        0xc CMakeFiles/Ctrl-Step-STM32-fw.elf.dir/Port/Platform/Memory/emulated_eeprom.cpp.obj
                0x0800740c                eeprom_buffered_write_byte
 .text.eeprom_buffer_fill
                0x08007418       0x18 CMakeFiles/Ctrl-Step-STM32-fw.elf.dir/Port/Platform/Memory/emulated_eeprom.cpp.obj
                0x08007418                eeprom_buffer_fill
 .text.eeprom_buffer_flush
                0x08007430       0x68 CMakeFiles/Ctrl-Step-STM32-fw.elf.dir/Port/Platform/Memory/emulated_eeprom.cpp.obj
                0x08007430                eeprom_buffer_flush
 .text.Stockpile_Flash_Data_Empty
                0x08007498       0x4c CMakeFiles/Ctrl-Step-STM32-fw.elf.dir/Port/Platform/Memory/stockpile_f103cb.c.obj
                0x08007498                Stockpile_Flash_Data_Empty
 .text.Stockpile_Flash_Data_Begin
                0x080074e4        0xe CMakeFiles/Ctrl-Step-STM32-fw.elf.dir/Port/Platform/Memory/stockpile_f103cb.c.obj
                0x080074e4                Stockpile_Flash_Data_Begin
 .text.Stockpile_Flash_Data_End
                0x080074f2        0x8 CMakeFiles/Ctrl-Step-STM32-fw.elf.dir/Port/Platform/Memory/stockpile_f103cb.c.obj
                0x080074f2                Stockpile_Flash_Data_End
 .text.Stockpile_Flash_Data_Write_Data16
                0x080074fa       0x42 CMakeFiles/Ctrl-Step-STM32-fw.elf.dir/Port/Platform/Memory/stockpile_f103cb.c.obj
                0x080074fa                Stockpile_Flash_Data_Write_Data16
 .text.GetSerialNumber
                0x0800753c       0x1c CMakeFiles/Ctrl-Step-STM32-fw.elf.dir/Port/Platform/Utils/st_hardware.c.obj
                0x0800753c                GetSerialNumber
 .text.RetargetInit
                0x08007558       0x20 CMakeFiles/Ctrl-Step-STM32-fw.elf.dir/Port/Platform/retarget.c.obj
                0x08007558                RetargetInit
 .text._isatty  0x08007578       0x16 CMakeFiles/Ctrl-Step-STM32-fw.elf.dir/Port/Platform/retarget.c.obj
                0x08007578                _isatty
 *fill*         0x0800758e        0x2 
 .text._write   0x08007590       0x28 CMakeFiles/Ctrl-Step-STM32-fw.elf.dir/Port/Platform/retarget.c.obj
                0x08007590                _write
 .text._close   0x080075b8       0x18 CMakeFiles/Ctrl-Step-STM32-fw.elf.dir/Port/Platform/retarget.c.obj
                0x080075b8                _close
 .text._lseek   0x080075d0       0x10 CMakeFiles/Ctrl-Step-STM32-fw.elf.dir/Port/Platform/retarget.c.obj
                0x080075d0                _lseek
 .text._read    0x080075e0       0x30 CMakeFiles/Ctrl-Step-STM32-fw.elf.dir/Port/Platform/retarget.c.obj
                0x080075e0                _read
 .text._fstat   0x08007610       0x1a CMakeFiles/Ctrl-Step-STM32-fw.elf.dir/Port/Platform/retarget.c.obj
                0x08007610                _fstat
 *fill*         0x0800762a        0x2 
 .text._ZN6Button15ReadButtonPinIOEh
                0x0800762c       0x38 CMakeFiles/Ctrl-Step-STM32-fw.elf.dir/Port/button_stm32.cpp.obj
                0x0800762c                Button::ReadButtonPinIO(unsigned char)
 .text._ZN6Button9IsPressedEv
                0x08007664       0x12 CMakeFiles/Ctrl-Step-STM32-fw.elf.dir/Port/button_stm32.cpp.obj
                0x08007664                Button::IsPressed()
 *fill*         0x08007676        0x2 
 .text._ZN17EncoderCalibrator15BeginWriteFlashEv
                0x08007678       0x10 CMakeFiles/Ctrl-Step-STM32-fw.elf.dir/Port/encoder_calibrator_stm32.cpp.obj
                0x08007678                EncoderCalibrator::BeginWriteFlash()
 .text._ZN17EncoderCalibrator13EndWriteFlashEv
                0x08007688       0x10 CMakeFiles/Ctrl-Step-STM32-fw.elf.dir/Port/encoder_calibrator_stm32.cpp.obj
                0x08007688                EncoderCalibrator::EndWriteFlash()
 .text._ZN17EncoderCalibrator10ClearFlashEv
                0x08007698       0x10 CMakeFiles/Ctrl-Step-STM32-fw.elf.dir/Port/encoder_calibrator_stm32.cpp.obj
                0x08007698                EncoderCalibrator::ClearFlash()
 .text._ZN17EncoderCalibrator22WriteFlash16bitsAppendEt
                0x080076a8       0x20 CMakeFiles/Ctrl-Step-STM32-fw.elf.dir/Port/encoder_calibrator_stm32.cpp.obj
                0x080076a8                EncoderCalibrator::WriteFlash16bitsAppend(unsigned short)
 .text._ZN3Led11SetLedStateEhb
                0x080076c8       0x30 CMakeFiles/Ctrl-Step-STM32-fw.elf.dir/Port/led_stm32.cpp.obj
                0x080076c8                Led::SetLedState(unsigned char, bool)
 .text._ZN6MT68167SpiInitEv
                0x080076f8        0x8 CMakeFiles/Ctrl-Step-STM32-fw.elf.dir/Port/mt6816_stm32.cpp.obj
                0x080076f8                MT6816::SpiInit()
 .text._ZN6MT681624SpiTransmitAndRead16BitsEt
                0x08007700       0x38 CMakeFiles/Ctrl-Step-STM32-fw.elf.dir/Port/mt6816_stm32.cpp.obj
                0x08007700                MT6816::SpiTransmitAndRead16Bits(unsigned short)
 .text._ZN8TB67H45016DacOutputVoltageEtt
                0x08007738       0x14 CMakeFiles/Ctrl-Step-STM32-fw.elf.dir/Port/tb67h450_stm32.cpp.obj
                0x08007738                TB67H450::DacOutputVoltage(unsigned short, unsigned short)
 .text._ZN8TB67H4509SetInputAEbb
                0x0800774c       0x28 CMakeFiles/Ctrl-Step-STM32-fw.elf.dir/Port/tb67h450_stm32.cpp.obj
                0x0800774c                TB67H450::SetInputA(bool, bool)
 .text._ZN8TB67H4509SetInputBEbb
                0x08007774       0x28 CMakeFiles/Ctrl-Step-STM32-fw.elf.dir/Port/tb67h450_stm32.cpp.obj
                0x08007774                TB67H450::SetInputB(bool, bool)
 .text._ZN8TB67H4508InitGpioEv
                0x0800779c       0x64 CMakeFiles/Ctrl-Step-STM32-fw.elf.dir/Port/tb67h450_stm32.cpp.obj
                0x0800779c                TB67H450::InitGpio()
 .text._ZN8TB67H4507InitPwmEv
                0x08007800        0x8 CMakeFiles/Ctrl-Step-STM32-fw.elf.dir/Port/tb67h450_stm32.cpp.obj
                0x08007800                TB67H450::InitPwm()
 .text._Z14OnButton1EventN10ButtonBase5EventE
                0x08007808       0x34 CMakeFiles/Ctrl-Step-STM32-fw.elf.dir/UserApp/main.cpp.obj
                0x08007808                OnButton1Event(ButtonBase::Event)
 .text._Z14OnButton2EventN10ButtonBase5EventE
                0x0800783c       0x54 CMakeFiles/Ctrl-Step-STM32-fw.elf.dir/UserApp/main.cpp.obj
                0x0800783c                OnButton2Event(ButtonBase::Event)
 .text._ZN13MotionPlannerC2Ev
                0x08007890       0x86 CMakeFiles/Ctrl-Step-STM32-fw.elf.dir/UserApp/main.cpp.obj
                0x08007890                MotionPlanner::MotionPlanner()
                0x08007890                MotionPlanner::MotionPlanner()
 .text._ZN5Motor10ControllerC2EPS_
                0x08007916       0x4e CMakeFiles/Ctrl-Step-STM32-fw.elf.dir/UserApp/main.cpp.obj
                0x08007916                Motor::Controller::Controller(Motor*)
                0x08007916                Motor::Controller::Controller(Motor*)
 .text._ZN5MotorC2Ev
                0x08007964       0xca CMakeFiles/Ctrl-Step-STM32-fw.elf.dir/UserApp/main.cpp.obj
                0x08007964                Motor::Motor()
                0x08007964                Motor::Motor()
 *fill*         0x08007a2e        0x2 
 .text._ZN8TB67H450C2Ev
                0x08007a30       0x34 CMakeFiles/Ctrl-Step-STM32-fw.elf.dir/UserApp/main.cpp.obj
                0x08007a30                TB67H450::TB67H450()
                0x08007a30                TB67H450::TB67H450()
 .text._ZN21EncoderCalibratorBaseC2EP5Motor
                0x08007a64       0x54 CMakeFiles/Ctrl-Step-STM32-fw.elf.dir/UserApp/main.cpp.obj
                0x08007a64                EncoderCalibratorBase::EncoderCalibratorBase(Motor*)
                0x08007a64                EncoderCalibratorBase::EncoderCalibratorBase(Motor*)
 .text._Z41__static_initialization_and_destruction_0v
                0x08007ab8       0xb4 CMakeFiles/Ctrl-Step-STM32-fw.elf.dir/UserApp/main.cpp.obj
 .text.Tim1Callback100Hz
                0x08007b6c       0x44 CMakeFiles/Ctrl-Step-STM32-fw.elf.dir/UserApp/main.cpp.obj
                0x08007b6c                Tim1Callback100Hz
 .text.Tim4Callback20kHz
                0x08007bb0       0x30 CMakeFiles/Ctrl-Step-STM32-fw.elf.dir/UserApp/main.cpp.obj
                0x08007bb0                Tim4Callback20kHz
 .text._ZN6EEPROM3getI8Config_tEERT_iS3_
                0x08007be0       0x3c CMakeFiles/Ctrl-Step-STM32-fw.elf.dir/UserApp/main.cpp.obj
                0x08007be0                Config_t& EEPROM::get<Config_t>(int, Config_t&)
 .text._ZN6EEPROM3putI8Config_tEERKT_iS4_
                0x08007c1c       0x52 CMakeFiles/Ctrl-Step-STM32-fw.elf.dir/UserApp/main.cpp.obj
                0x08007c1c                Config_t const& EEPROM::put<Config_t>(int, Config_t const&)
 *fill*         0x08007c6e        0x2 
 .text.Main     0x08007c70      0x208 CMakeFiles/Ctrl-Step-STM32-fw.elf.dir/UserApp/main.cpp.obj
                0x08007c70                Main
 .text._GLOBAL__sub_I_boardConfig
                0x08007e78        0x8 CMakeFiles/Ctrl-Step-STM32-fw.elf.dir/UserApp/main.cpp.obj
 .text.OnCanCmd
                0x08007e80      0x60c CMakeFiles/Ctrl-Step-STM32-fw.elf.dir/UserApp/protocols/interface_can.cpp.obj
                0x08007e80                OnCanCmd
 .text.OnUartCmd
                0x0800848c      0x118 CMakeFiles/Ctrl-Step-STM32-fw.elf.dir/UserApp/protocols/interface_uart.cpp.obj
                0x0800848c                OnUartCmd
 .text.Reset_Handler
                0x080085a4       0x48 CMakeFiles/Ctrl-Step-STM32-fw.elf.dir/startup/startup_stm32f103xb.s.obj
                0x080085a4                Reset_Handler
 .text.Default_Handler
                0x080085ec        0x2 CMakeFiles/Ctrl-Step-STM32-fw.elf.dir/startup/startup_stm32f103xb.s.obj
                0x080085ec                RTC_Alarm_IRQHandler
                0x080085ec                EXTI2_IRQHandler
                0x080085ec                TIM1_CC_IRQHandler
                0x080085ec                PVD_IRQHandler
                0x080085ec                EXTI3_IRQHandler
                0x080085ec                EXTI0_IRQHandler
                0x080085ec                I2C2_EV_IRQHandler
                0x080085ec                ADC1_2_IRQHandler
                0x080085ec                SPI1_IRQHandler
                0x080085ec                TAMPER_IRQHandler
                0x080085ec                USART3_IRQHandler
                0x080085ec                RTC_IRQHandler
                0x080085ec                DMA1_Channel7_IRQHandler
                0x080085ec                I2C1_EV_IRQHandler
                0x080085ec                DMA1_Channel6_IRQHandler
                0x080085ec                RCC_IRQHandler
                0x080085ec                TIM1_TRG_COM_IRQHandler
                0x080085ec                Default_Handler
                0x080085ec                EXTI15_10_IRQHandler
                0x080085ec                SPI2_IRQHandler
                0x080085ec                EXTI4_IRQHandler
                0x080085ec                DMA1_Channel3_IRQHandler
                0x080085ec                WWDG_IRQHandler
                0x080085ec                TIM2_IRQHandler
                0x080085ec                TIM1_BRK_IRQHandler
                0x080085ec                EXTI1_IRQHandler
                0x080085ec                USART2_IRQHandler
                0x080085ec                I2C2_ER_IRQHandler
                0x080085ec                DMA1_Channel2_IRQHandler
                0x080085ec                FLASH_IRQHandler
                0x080085ec                I2C1_ER_IRQHandler
                0x080085ec                USBWakeUp_IRQHandler
 *fill*         0x080085ee        0x2 
 .text._ZNK10__cxxabiv117__class_type_info11__do_upcastEPKS0_PPv
                0x080085f0       0x34 C:/PROGRA~2/ARMGNU~1/14EFD8~1.2RE/bin/../lib/gcc/arm-none-eabi/14.2.1/thumb/v7-m/nofp\libstdc++.a(class_type_info.o)
                0x080085f0                __cxxabiv1::__class_type_info::__do_upcast(__cxxabiv1::__class_type_info const*, void**) const
 .text._ZNK10__cxxabiv117__class_type_info20__do_find_public_srcEiPKvPKS0_S2_
                0x08008624        0xc C:/PROGRA~2/ARMGNU~1/14EFD8~1.2RE/bin/../lib/gcc/arm-none-eabi/14.2.1/thumb/v7-m/nofp\libstdc++.a(class_type_info.o)
                0x08008624                __cxxabiv1::__class_type_info::__do_find_public_src(int, void const*, __cxxabiv1::__class_type_info const*, void const*) const
 .text._ZN10__cxxabiv117__class_type_infoD2Ev
                0x08008630       0x14 C:/PROGRA~2/ARMGNU~1/14EFD8~1.2RE/bin/../lib/gcc/arm-none-eabi/14.2.1/thumb/v7-m/nofp\libstdc++.a(class_type_info.o)
                0x08008630                __cxxabiv1::__class_type_info::~__class_type_info()
                0x08008630                __cxxabiv1::__class_type_info::~__class_type_info()
 .text._ZN10__cxxabiv117__class_type_infoD0Ev
                0x08008644       0x1c C:/PROGRA~2/ARMGNU~1/14EFD8~1.2RE/bin/../lib/gcc/arm-none-eabi/14.2.1/thumb/v7-m/nofp\libstdc++.a(class_type_info.o)
                0x08008644                __cxxabiv1::__class_type_info::~__class_type_info()
 .text._ZNK10__cxxabiv117__class_type_info12__do_dyncastEiNS0_10__sub_kindEPKS0_PKvS3_S5_RNS0_16__dyncast_resultE
                0x08008660       0x44 C:/PROGRA~2/ARMGNU~1/14EFD8~1.2RE/bin/../lib/gcc/arm-none-eabi/14.2.1/thumb/v7-m/nofp\libstdc++.a(class_type_info.o)
                0x08008660                __cxxabiv1::__class_type_info::__do_dyncast(int, __cxxabiv1::__class_type_info::__sub_kind, __cxxabiv1::__class_type_info const*, void const*, __cxxabiv1::__class_type_info const*, void const*, __cxxabiv1::__class_type_info::__dyncast_result&) const
 .text._ZNK10__cxxabiv117__class_type_info11__do_upcastEPKS0_PKvRNS0_15__upcast_resultE
                0x080086a4       0x1c C:/PROGRA~2/ARMGNU~1/14EFD8~1.2RE/bin/../lib/gcc/arm-none-eabi/14.2.1/thumb/v7-m/nofp\libstdc++.a(class_type_info.o)
                0x080086a4                __cxxabiv1::__class_type_info::__do_upcast(__cxxabiv1::__class_type_info const*, void const*, __cxxabiv1::__class_type_info::__upcast_result&) const
 .text._ZNK10__cxxabiv117__class_type_info10__do_catchEPKSt9type_infoPPvj
                0x080086c0       0x2c C:/PROGRA~2/ARMGNU~1/14EFD8~1.2RE/bin/../lib/gcc/arm-none-eabi/14.2.1/thumb/v7-m/nofp\libstdc++.a(class_type_info.o)
                0x080086c0                __cxxabiv1::__class_type_info::__do_catch(std::type_info const*, void**, unsigned int) const
 .text._ZdlPvj  0x080086ec        0x4 C:/PROGRA~2/ARMGNU~1/14EFD8~1.2RE/bin/../lib/gcc/arm-none-eabi/14.2.1/thumb/v7-m/nofp\libstdc++.a(del_ops.o)
                0x080086ec                operator delete(void*, unsigned int)
 .text._ZN10__cxxabiv120__si_class_type_infoD2Ev
                0x080086f0       0x14 C:/PROGRA~2/ARMGNU~1/14EFD8~1.2RE/bin/../lib/gcc/arm-none-eabi/14.2.1/thumb/v7-m/nofp\libstdc++.a(si_class_type_info.o)
                0x080086f0                __cxxabiv1::__si_class_type_info::~__si_class_type_info()
                0x080086f0                __cxxabiv1::__si_class_type_info::~__si_class_type_info()
 .text._ZN10__cxxabiv120__si_class_type_infoD0Ev
                0x08008704       0x1c C:/PROGRA~2/ARMGNU~1/14EFD8~1.2RE/bin/../lib/gcc/arm-none-eabi/14.2.1/thumb/v7-m/nofp\libstdc++.a(si_class_type_info.o)
                0x08008704                __cxxabiv1::__si_class_type_info::~__si_class_type_info()
 .text._ZNK10__cxxabiv120__si_class_type_info20__do_find_public_srcEiPKvPKNS_17__class_type_infoES2_
                0x08008720       0x3c C:/PROGRA~2/ARMGNU~1/14EFD8~1.2RE/bin/../lib/gcc/arm-none-eabi/14.2.1/thumb/v7-m/nofp\libstdc++.a(si_class_type_info.o)
                0x08008720                __cxxabiv1::__si_class_type_info::__do_find_public_src(int, void const*, __cxxabiv1::__class_type_info const*, void const*) const
 .text._ZNK10__cxxabiv120__si_class_type_info12__do_dyncastEiNS_17__class_type_info10__sub_kindEPKS1_PKvS4_S6_RNS1_16__dyncast_resultE
                0x0800875c       0x84 C:/PROGRA~2/ARMGNU~1/14EFD8~1.2RE/bin/../lib/gcc/arm-none-eabi/14.2.1/thumb/v7-m/nofp\libstdc++.a(si_class_type_info.o)
                0x0800875c                __cxxabiv1::__si_class_type_info::__do_dyncast(int, __cxxabiv1::__class_type_info::__sub_kind, __cxxabiv1::__class_type_info const*, void const*, __cxxabiv1::__class_type_info const*, void const*, __cxxabiv1::__class_type_info::__dyncast_result&) const
 .text._ZNK10__cxxabiv120__si_class_type_info11__do_upcastEPKNS_17__class_type_infoEPKvRNS1_15__upcast_resultE
                0x080087e0       0x2c C:/PROGRA~2/ARMGNU~1/14EFD8~1.2RE/bin/../lib/gcc/arm-none-eabi/14.2.1/thumb/v7-m/nofp\libstdc++.a(si_class_type_info.o)
                0x080087e0                __cxxabiv1::__si_class_type_info::__do_upcast(__cxxabiv1::__class_type_info const*, void const*, __cxxabiv1::__class_type_info::__upcast_result&) const
 .text._ZNSt9type_infoD2Ev
                0x0800880c        0x4 C:/PROGRA~2/ARMGNU~1/14EFD8~1.2RE/bin/../lib/gcc/arm-none-eabi/14.2.1/thumb/v7-m/nofp\libstdc++.a(tinfo.o)
                0x0800880c                std::type_info::~type_info()
                0x0800880c                std::type_info::~type_info()
 .text._ZNKSt9type_info14__is_pointer_pEv
                0x08008810        0x4 C:/PROGRA~2/ARMGNU~1/14EFD8~1.2RE/bin/../lib/gcc/arm-none-eabi/14.2.1/thumb/v7-m/nofp\libstdc++.a(tinfo.o)
                0x08008810                std::type_info::__is_pointer_p() const
                0x08008810                std::type_info::__is_function_p() const
 .text._ZNKSt9type_infoeqERKS_
                0x08008814       0x2c C:/PROGRA~2/ARMGNU~1/14EFD8~1.2RE/bin/../lib/gcc/arm-none-eabi/14.2.1/thumb/v7-m/nofp\libstdc++.a(tinfo.o)
                0x08008814                std::type_info::operator==(std::type_info const&) const
                0x08008814                std::type_info::__equal(std::type_info const&) const
 .text._ZdlPv   0x08008840        0x4 C:/PROGRA~2/ARMGNU~1/14EFD8~1.2RE/bin/../lib/gcc/arm-none-eabi/14.2.1/thumb/v7-m/nofp\libstdc++.a(del_op.o)
                0x08008840                operator delete(void*)
 .text.sqrtf    0x08008844       0x3c C:/PROGRA~2/ARMGNU~1/14EFD8~1.2RE/bin/../lib/gcc/arm-none-eabi/14.2.1/thumb/v7-m/nofp\libm.a(libm_a-wf_sqrt.o)
                0x08008844                sqrtf
 .text.__ieee754_sqrtf
                0x08008880       0xe4 C:/PROGRA~2/ARMGNU~1/14EFD8~1.2RE/bin/../lib/gcc/arm-none-eabi/14.2.1/thumb/v7-m/nofp\libm.a(libm_a-ef_sqrt.o)
                0x08008880                __ieee754_sqrtf
 .text.selfrel_offset31
                0x08008964       0x14 C:/PROGRA~2/ARMGNU~1/14EFD8~1.2RE/bin/../lib/gcc/arm-none-eabi/14.2.1/thumb/v7-m/nofp\libgcc.a(unwind-arm.o)
 .text.search_EIT_table
                0x08008978       0x64 C:/PROGRA~2/ARMGNU~1/14EFD8~1.2RE/bin/../lib/gcc/arm-none-eabi/14.2.1/thumb/v7-m/nofp\libgcc.a(unwind-arm.o)
 .text.__gnu_unwind_get_pr_addr
                0x080089dc       0x28 C:/PROGRA~2/ARMGNU~1/14EFD8~1.2RE/bin/../lib/gcc/arm-none-eabi/14.2.1/thumb/v7-m/nofp\libgcc.a(unwind-arm.o)
 .text.get_eit_entry
                0x08008a04       0x98 C:/PROGRA~2/ARMGNU~1/14EFD8~1.2RE/bin/../lib/gcc/arm-none-eabi/14.2.1/thumb/v7-m/nofp\libgcc.a(unwind-arm.o)
 .text.restore_non_core_regs
                0x08008a9c       0x58 C:/PROGRA~2/ARMGNU~1/14EFD8~1.2RE/bin/../lib/gcc/arm-none-eabi/14.2.1/thumb/v7-m/nofp\libgcc.a(unwind-arm.o)
 .text._Unwind_decode_typeinfo_ptr.constprop.0
                0x08008af4        0xc C:/PROGRA~2/ARMGNU~1/14EFD8~1.2RE/bin/../lib/gcc/arm-none-eabi/14.2.1/thumb/v7-m/nofp\libgcc.a(unwind-arm.o)
 .text._Unwind_DebugHook
                0x08008b00        0x4 C:/PROGRA~2/ARMGNU~1/14EFD8~1.2RE/bin/../lib/gcc/arm-none-eabi/14.2.1/thumb/v7-m/nofp\libgcc.a(unwind-arm.o)
 .text.unwind_phase2
                0x08008b04       0x40 C:/PROGRA~2/ARMGNU~1/14EFD8~1.2RE/bin/../lib/gcc/arm-none-eabi/14.2.1/thumb/v7-m/nofp\libgcc.a(unwind-arm.o)
 .text.unwind_phase2_forced
                0x08008b44       0xdc C:/PROGRA~2/ARMGNU~1/14EFD8~1.2RE/bin/../lib/gcc/arm-none-eabi/14.2.1/thumb/v7-m/nofp\libgcc.a(unwind-arm.o)
 .text.__gnu_Unwind_RaiseException
                0x08008c20       0x6c C:/PROGRA~2/ARMGNU~1/14EFD8~1.2RE/bin/../lib/gcc/arm-none-eabi/14.2.1/thumb/v7-m/nofp\libgcc.a(unwind-arm.o)
                0x08008c20                __gnu_Unwind_RaiseException
 .text.__gnu_Unwind_ForcedUnwind
                0x08008c8c       0x18 C:/PROGRA~2/ARMGNU~1/14EFD8~1.2RE/bin/../lib/gcc/arm-none-eabi/14.2.1/thumb/v7-m/nofp\libgcc.a(unwind-arm.o)
                0x08008c8c                __gnu_Unwind_ForcedUnwind
 .text.__gnu_Unwind_Resume
                0x08008ca4       0x44 C:/PROGRA~2/ARMGNU~1/14EFD8~1.2RE/bin/../lib/gcc/arm-none-eabi/14.2.1/thumb/v7-m/nofp\libgcc.a(unwind-arm.o)
                0x08008ca4                __gnu_Unwind_Resume
 .text.__gnu_Unwind_Resume_or_Rethrow
                0x08008ce8       0x20 C:/PROGRA~2/ARMGNU~1/14EFD8~1.2RE/bin/../lib/gcc/arm-none-eabi/14.2.1/thumb/v7-m/nofp\libgcc.a(unwind-arm.o)
                0x08008ce8                __gnu_Unwind_Resume_or_Rethrow
 .text._Unwind_VRS_Get
                0x08008d08       0x34 C:/PROGRA~2/ARMGNU~1/14EFD8~1.2RE/bin/../lib/gcc/arm-none-eabi/14.2.1/thumb/v7-m/nofp\libgcc.a(unwind-arm.o)
                0x08008d08                _Unwind_VRS_Get
 .text._Unwind_GetGR
                0x08008d3c       0x1c C:/PROGRA~2/ARMGNU~1/14EFD8~1.2RE/bin/../lib/gcc/arm-none-eabi/14.2.1/thumb/v7-m/nofp\libgcc.a(unwind-arm.o)
 .text._Unwind_VRS_Set
                0x08008d58       0x34 C:/PROGRA~2/ARMGNU~1/14EFD8~1.2RE/bin/../lib/gcc/arm-none-eabi/14.2.1/thumb/v7-m/nofp\libgcc.a(unwind-arm.o)
                0x08008d58                _Unwind_VRS_Set
 .text._Unwind_SetGR
                0x08008d8c       0x18 C:/PROGRA~2/ARMGNU~1/14EFD8~1.2RE/bin/../lib/gcc/arm-none-eabi/14.2.1/thumb/v7-m/nofp\libgcc.a(unwind-arm.o)
 .text.__gnu_Unwind_Backtrace
                0x08008da4       0x8c C:/PROGRA~2/ARMGNU~1/14EFD8~1.2RE/bin/../lib/gcc/arm-none-eabi/14.2.1/thumb/v7-m/nofp\libgcc.a(unwind-arm.o)
                0x08008da4                __gnu_Unwind_Backtrace
 .text.__gnu_unwind_pr_common
                0x08008e30      0x2a8 C:/PROGRA~2/ARMGNU~1/14EFD8~1.2RE/bin/../lib/gcc/arm-none-eabi/14.2.1/thumb/v7-m/nofp\libgcc.a(unwind-arm.o)
 .text.__aeabi_unwind_cpp_pr0
                0x080090d8        0x8 C:/PROGRA~2/ARMGNU~1/14EFD8~1.2RE/bin/../lib/gcc/arm-none-eabi/14.2.1/thumb/v7-m/nofp\libgcc.a(unwind-arm.o)
                0x080090d8                __aeabi_unwind_cpp_pr0
 .text.__aeabi_unwind_cpp_pr1
                0x080090e0        0x8 C:/PROGRA~2/ARMGNU~1/14EFD8~1.2RE/bin/../lib/gcc/arm-none-eabi/14.2.1/thumb/v7-m/nofp\libgcc.a(unwind-arm.o)
                0x080090e0                __aeabi_unwind_cpp_pr1
 .text.__aeabi_unwind_cpp_pr2
                0x080090e8        0x8 C:/PROGRA~2/ARMGNU~1/14EFD8~1.2RE/bin/../lib/gcc/arm-none-eabi/14.2.1/thumb/v7-m/nofp\libgcc.a(unwind-arm.o)
                0x080090e8                __aeabi_unwind_cpp_pr2
 .text._Unwind_VRS_Pop
                0x080090f0      0x2e4 C:/PROGRA~2/ARMGNU~1/14EFD8~1.2RE/bin/../lib/gcc/arm-none-eabi/14.2.1/thumb/v7-m/nofp\libgcc.a(unwind-arm.o)
                0x080090f0                _Unwind_VRS_Pop
 .text.next_unwind_byte
                0x080093d4       0x38 C:/PROGRA~2/ARMGNU~1/14EFD8~1.2RE/bin/../lib/gcc/arm-none-eabi/14.2.1/thumb/v7-m/nofp\libgcc.a(pr-support.o)
 .text.__gnu_unwind_execute
                0x0800940c      0x300 C:/PROGRA~2/ARMGNU~1/14EFD8~1.2RE/bin/../lib/gcc/arm-none-eabi/14.2.1/thumb/v7-m/nofp\libgcc.a(pr-support.o)
                0x0800940c                __gnu_unwind_execute
 .text.abort    0x0800970c       0x10 C:/PROGRA~2/ARMGNU~1/14EFD8~1.2RE/bin/../lib/gcc/arm-none-eabi/14.2.1/thumb/v7-m/nofp\libc.a(libc_a-abort.o)
                0x0800970c                abort
 .text.malloc   0x0800971c       0x10 C:/PROGRA~2/ARMGNU~1/14EFD8~1.2RE/bin/../lib/gcc/arm-none-eabi/14.2.1/thumb/v7-m/nofp\libc.a(libc_a-malloc.o)
                0x0800971c                malloc
 .text.free     0x0800972c       0x10 C:/PROGRA~2/ARMGNU~1/14EFD8~1.2RE/bin/../lib/gcc/arm-none-eabi/14.2.1/thumb/v7-m/nofp\libc.a(libc_a-malloc.o)
                0x0800972c                free
 .text._malloc_r
                0x0800973c      0x57c C:/PROGRA~2/ARMGNU~1/14EFD8~1.2RE/bin/../lib/gcc/arm-none-eabi/14.2.1/thumb/v7-m/nofp\libc.a(libc_a-mallocr.o)
                0x0800973c                _malloc_r
 .text.__malloc_lock
                0x08009cb8        0xc C:/PROGRA~2/ARMGNU~1/14EFD8~1.2RE/bin/../lib/gcc/arm-none-eabi/14.2.1/thumb/v7-m/nofp\libc.a(libc_a-mlock.o)
                0x08009cb8                __malloc_lock
 .text.__malloc_unlock
                0x08009cc4        0xc C:/PROGRA~2/ARMGNU~1/14EFD8~1.2RE/bin/../lib/gcc/arm-none-eabi/14.2.1/thumb/v7-m/nofp\libc.a(libc_a-mlock.o)
                0x08009cc4                __malloc_unlock
 .text.stdio_exit_handler
                0x08009cd0       0x18 C:/PROGRA~2/ARMGNU~1/14EFD8~1.2RE/bin/../lib/gcc/arm-none-eabi/14.2.1/thumb/v7-m/nofp\libc.a(libc_a-findfp.o)
 .text.cleanup_stdio
                0x08009ce8       0x40 C:/PROGRA~2/ARMGNU~1/14EFD8~1.2RE/bin/../lib/gcc/arm-none-eabi/14.2.1/thumb/v7-m/nofp\libc.a(libc_a-findfp.o)
 .text.global_stdio_init.part.0
                0x08009d28       0xf0 C:/PROGRA~2/ARMGNU~1/14EFD8~1.2RE/bin/../lib/gcc/arm-none-eabi/14.2.1/thumb/v7-m/nofp\libc.a(libc_a-findfp.o)
 .text.__sinit  0x08009e18       0x3c C:/PROGRA~2/ARMGNU~1/14EFD8~1.2RE/bin/../lib/gcc/arm-none-eabi/14.2.1/thumb/v7-m/nofp\libc.a(libc_a-findfp.o)
                0x08009e18                __sinit
 .text.__sfp_lock_acquire
                0x08009e54        0xc C:/PROGRA~2/ARMGNU~1/14EFD8~1.2RE/bin/../lib/gcc/arm-none-eabi/14.2.1/thumb/v7-m/nofp\libc.a(libc_a-findfp.o)
                0x08009e54                __sfp_lock_acquire
 .text.__sfp_lock_release
                0x08009e60        0xc C:/PROGRA~2/ARMGNU~1/14EFD8~1.2RE/bin/../lib/gcc/arm-none-eabi/14.2.1/thumb/v7-m/nofp\libc.a(libc_a-findfp.o)
                0x08009e60                __sfp_lock_release
 .text._fwalk_sglue
                0x08009e6c       0x44 C:/PROGRA~2/ARMGNU~1/14EFD8~1.2RE/bin/../lib/gcc/arm-none-eabi/14.2.1/thumb/v7-m/nofp\libc.a(libc_a-fwalk.o)