Component: ARM Compiler 5.06 update 7 (build 960) Tool: armlink [4d3601]

==============================================================================

Section Cross References

    startup_stm32f103xb.o(RESET) refers to startup_stm32f103xb.o(STACK) for __initial_sp
    startup_stm32f103xb.o(RESET) refers to startup_stm32f103xb.o(.text) for Reset_Handler
    startup_stm32f103xb.o(RESET) refers to stm32f1xx_it.o(i.NMI_Handler) for NMI_Handler
    startup_stm32f103xb.o(RESET) refers to stm32f1xx_it.o(i.HardFault_Handler) for HardFault_Handler
    startup_stm32f103xb.o(RESET) refers to stm32f1xx_it.o(i.MemManage_Handler) for MemManage_Handler
    startup_stm32f103xb.o(RESET) refers to stm32f1xx_it.o(i.BusFault_Handler) for BusFault_Handler
    startup_stm32f103xb.o(RESET) refers to stm32f1xx_it.o(i.UsageFault_Handler) for UsageFault_Handler
    startup_stm32f103xb.o(RESET) refers to stm32f1xx_it.o(i.SVC_Handler) for SVC_Handler
    startup_stm32f103xb.o(RESET) refers to stm32f1xx_it.o(i.DebugMon_Handler) for DebugMon_Handler
    startup_stm32f103xb.o(RESET) refers to stm32f1xx_it.o(i.PendSV_Handler) for PendSV_Handler
    startup_stm32f103xb.o(RESET) refers to stm32f1xx_it.o(i.SysTick_Handler) for SysTick_Handler
    startup_stm32f103xb.o(RESET) refers to stm32f1xx_it.o(i.DMA1_Channel1_IRQHandler) for DMA1_Channel1_IRQHandler
    startup_stm32f103xb.o(RESET) refers to stm32f1xx_it.o(i.DMA1_Channel4_IRQHandler) for DMA1_Channel4_IRQHandler
    startup_stm32f103xb.o(RESET) refers to stm32f1xx_it.o(i.DMA1_Channel5_IRQHandler) for DMA1_Channel5_IRQHandler
    startup_stm32f103xb.o(RESET) refers to stm32f1xx_it.o(i.USB_HP_CAN1_TX_IRQHandler) for USB_HP_CAN1_TX_IRQHandler
    startup_stm32f103xb.o(RESET) refers to stm32f1xx_it.o(i.USB_LP_CAN1_RX0_IRQHandler) for USB_LP_CAN1_RX0_IRQHandler
    startup_stm32f103xb.o(RESET) refers to stm32f1xx_it.o(i.CAN1_RX1_IRQHandler) for CAN1_RX1_IRQHandler
    startup_stm32f103xb.o(RESET) refers to stm32f1xx_it.o(i.CAN1_SCE_IRQHandler) for CAN1_SCE_IRQHandler
    startup_stm32f103xb.o(RESET) refers to stm32f1xx_it.o(i.TIM1_UP_IRQHandler) for TIM1_UP_IRQHandler
    startup_stm32f103xb.o(RESET) refers to stm32f1xx_it.o(i.TIM4_IRQHandler) for TIM4_IRQHandler
    startup_stm32f103xb.o(RESET) refers to stm32f1xx_it.o(i.USART1_IRQHandler) for USART1_IRQHandler
    startup_stm32f103xb.o(.text) refers to system_stm32f1xx.o(i.SystemInit) for SystemInit
    startup_stm32f103xb.o(.text) refers to entry.o(.ARM.Collect$$$$00000000) for __main
    main.o(i.HAL_TIM_PeriodElapsedCallback) refers to main.o(i.Tim1Callback100Hz) for Tim1Callback100Hz
    main.o(i.HAL_TIM_PeriodElapsedCallback) refers to main.o(i.Tim4Callback20kHz) for Tim4Callback20kHz
    main.o(i.SystemClock_Config) refers to memseta.o(.text) for __aeabi_memclr4
    main.o(i.SystemClock_Config) refers to stm32f1xx_hal_rcc.o(i.HAL_RCC_OscConfig) for HAL_RCC_OscConfig
    main.o(i.SystemClock_Config) refers to stm32f1xx_hal_rcc.o(i.HAL_RCC_ClockConfig) for HAL_RCC_ClockConfig
    main.o(i.SystemClock_Config) refers to stm32f1xx_hal_rcc_ex.o(i.HAL_RCCEx_PeriphCLKConfig) for HAL_RCCEx_PeriphCLKConfig
    main.o(i.Tim1Callback100Hz) refers to button.o(i.Button_Tick) for Button_Tick
    main.o(i.Tim1Callback100Hz) refers to button.o(i.Button_GetClick) for Button_GetClick
    main.o(i.Tim1Callback100Hz) refers to motor.o(i.Motor_GetMode) for Motor_GetMode
    main.o(i.Tim1Callback100Hz) refers to motor.o(i.Motor_SetMode) for Motor_SetMode
    main.o(i.Tim1Callback100Hz) refers to usart.o(i.Uart_SendString) for Uart_SendString
    main.o(i.Tim1Callback100Hz) refers to button.o(i.Button_GetLong) for Button_GetLong
    main.o(i.Tim1Callback100Hz) refers to stm32f1xx_hal_cortex.o(i.HAL_NVIC_SystemReset) for HAL_NVIC_SystemReset
    main.o(i.Tim1Callback100Hz) refers to motor.o(i.Motor_ClearStallFlag) for Motor_ClearStallFlag
    main.o(i.Tim1Callback100Hz) refers to motor.o(i.Motor_SetPosition) for Motor_SetPosition
    main.o(i.Tim1Callback100Hz) refers to motor.o(i.Motor_SetVelocity) for Motor_SetVelocity
    main.o(i.Tim1Callback100Hz) refers to motor.o(i.Motor_SetCurrent) for Motor_SetCurrent
    main.o(i.Tim1Callback100Hz) refers to motor.o(i.Motor_GetState) for Motor_GetState
    main.o(i.Tim1Callback100Hz) refers to led.o(i.LED_Tick) for LED_Tick
    main.o(i.Tim1Callback100Hz) refers to motor.o(i.Motor_GetPosition) for Motor_GetPosition
    main.o(i.Tim1Callback100Hz) refers to motor.o(i.Motor_GetVelocity) for Motor_GetVelocity
    main.o(i.Tim1Callback100Hz) refers to motor.o(i.Motor_GetCurrent) for Motor_GetCurrent
    main.o(i.Tim1Callback100Hz) refers to f2d.o(.text) for __aeabi_f2d
    main.o(i.Tim1Callback100Hz) refers to printfa.o(i.__0printf) for __2printf
    main.o(i.Tim1Callback100Hz) refers to tim.o(.bss) for htim1
    main.o(i.Tim1Callback100Hz) refers to main.o(.data) for .data
    main.o(i.Tim4Callback20kHz) refers to encoder_calibrator.o(i.EncoderCalibrator_IsTriggered) for EncoderCalibrator_IsTriggered
[...]
    s_data_tx                                0x20000048   Data           4  mt6816.o(.data)
    s_data_rx                                0x2000004c   Data           4  mt6816.o(.data)
    s_spi_raw_data                           0x20000050   Data           6  mt6816.o(.data)
    .data                                    0x20000058   Section       16  stockpile_f103cb.o(.data)
    .data                                    0x20000068   Section       16  stockpile_f103cb.o(.data)
    .data                                    0x20000078   Section        1  eeprom.o(.data)
    s_is_erased                              0x20000078   Data           1  eeprom.o(.data)
    .data                                    0x2000007a   Section       12  tb67h450.o(.data)
    s_phaseA                                 0x2000007a   Data           6  tb67h450.o(.data)
    s_phaseB                                 0x20000080   Data           6  tb67h450.o(.data)
    .data                                    0x20000088   Section       36  encoder_calibrator.o(.data)
    cali_triggered                           0x20000088   Data           1  encoder_calibrator.o(.data)
    cali_is_calibrated                       0x20000089   Data           1  encoder_calibrator.o(.data)
    go_dir                                   0x2000008a   Data           1  encoder_calibrator.o(.data)
    sample_cnt                               0x2000008c   Data           2  encoder_calibrator.o(.data)
    cali_error                               0x20000090   Data           4  encoder_calibrator.o(.data)
    cali_state                               0x20000094   Data           4  encoder_calibrator.o(.data)
    go_pos                                   0x20000098   Data           4  encoder_calibrator.o(.data)
    rcd_x                                    0x2000009c   Data           4  encoder_calibrator.o(.data)
    rcd_y                                    0x200000a0   Data           4  encoder_calibrator.o(.data)
    result_num                               0x200000a4   Data           4  encoder_calibrator.o(.data)
    cali_table                               0x200000a8   Data           4  encoder_calibrator.o(.data)
    .data                                    0x200000ac   Section      156  motion_planner.o(.data)
    s_overtime_flag                          0x200000ac   Data           1  motion_planner.o(.data)
    s_current_acc                            0x200000b4   Data           4  motion_planner.o(.data)
    s_current_integral                       0x200000b8   Data           4  motion_planner.o(.data)
    s_track_current                          0x200000bc   Data           4  motion_planner.o(.data)
    s_velocity_acc                           0x200000c4   Data           4  motion_planner.o(.data)
    s_velocity_integral                      0x200000c8   Data           4  motion_planner.o(.data)
    s_track_velocity                         0x200000cc   Data           4  motion_planner.o(.data)
    s_velocity_up_acc                        0x200000d4   Data           4  motion_planner.o(.data)
    s_velocity_down_acc                      0x200000d8   Data           4  motion_planner.o(.data)
    s_quick_velocity_down_acc                0x200000dc   Data           4  motion_planner.o(.data)
    s_speed_locking_brake                    0x200000e0   Data           4  motion_planner.o(.data)
    s_velocity_integral_pos                  0x200000e4   Data           4  motion_planner.o(.data)
    s_track_velocity_pos                     0x200000e8   Data           4  motion_planner.o(.data)
    s_position_integral                      0x200000ec   Data           4  motion_planner.o(.data)
    s_track_position                         0x200000f0   Data           4  motion_planner.o(.data)
    s_record_position                        0x200000fc   Data           4  motion_planner.o(.data)
    s_record_position_last                   0x20000100   Data           4  motion_planner.o(.data)
    s_est_position                           0x20000104   Data           4  motion_planner.o(.data)
    s_est_position_integral                  0x20000108   Data           4  motion_planner.o(.data)
    s_est_velocity_interp                    0x2000010c   Data           4  motion_planner.o(.data)
    s_velocity_down_acc_traj                 0x20000118   Data           4  motion_planner.o(.data)
    s_dynamic_velocity_acc                   0x2000011c   Data           4  motion_planner.o(.data)
    s_update_time                            0x20000120   Data           4  motion_planner.o(.data)
    s_update_timeout                         0x20000124   Data           4  motion_planner.o(.data)
    s_record_velocity                        0x20000128   Data           4  motion_planner.o(.data)
    s_record_position_traj                   0x2000012c   Data           4  motion_planner.o(.data)
    s_dynamic_vel_acc_remainder              0x20000130   Data           4  motion_planner.o(.data)
    s_velocity_now                           0x20000134   Data           4  motion_planner.o(.data)
    s_velocity_now_remainder                 0x20000138   Data           4  motion_planner.o(.data)
    s_position_now                           0x2000013c   Data           4  motion_planner.o(.data)
    .data                                    0x20000148   Section       88  motor.o(.data)
    s_request_mode                           0x20000148   Data           1  motor.o(.data)
    s_mode_running                           0x20000149   Data           1  motor.o(.data)
    s_state                                  0x2000014a   Data           1  motor.o(.data)
    s_is_stalled                             0x2000014b   Data           1  motor.o(.data)
    s_goal_disable                           0x2000014c   Data           1  motor.o(.data)
    s_goal_brake                             0x2000014d   Data           1  motor.o(.data)
    s_soft_disable                           0x2000014e   Data           1  motor.o(.data)
    s_soft_brake                             0x2000014f   Data           1  motor.o(.data)
    s_soft_new_curve                         0x20000150   Data           1  motor.o(.data)
    s_overload_flag                          0x20000151   Data           1  motor.o(.data)
    s_first_called                           0x20000152   Data           1  motor.o(.data)
    s_config                                 0x20000154   Data           4  motor.o(.data)
    s_real_lap_position                      0x20000158   Data           4  motor.o(.data)
    s_real_lap_position_last                 0x2000015c   Data           4  motor.o(.data)
    s_real_position                          0x20000160   Data           4  motor.o(.data)
    s_real_position_last                     0x20000164   Data           4  motor.o(.data)
    s_est_velocity                           0x20000168   Data           4  motor.o(.data)
    s_est_velocity_integral                  0x2000016c   Data           4  motor.o(.data)
    s_est_lead_position                      0x20000170   Data           4  motor.o(.data)
    s_est_position                           0x20000174   Data           4  motor.o(.data)
    s_goal_position                          0x20000178   Data           4  motor.o(.data)
    s_goal_velocity                          0x2000017c   Data           4  motor.o(.data)
    s_goal_current                           0x20000180   Data           4  motor.o(.data)
    s_soft_position                          0x20000184   Data           4  motor.o(.data)
    s_soft_velocity                          0x20000188   Data           4  motor.o(.data)
    s_soft_current                           0x2000018c   Data           4  motor.o(.data)
    s_foc_position                           0x20000190   Data           4  motor.o(.data)
    s_foc_current                            0x20000194   Data           4  motor.o(.data)
    s_stalled_time                           0x20000198   Data           4  motor.o(.data)
    s_overload_time                          0x2000019c   Data           4  motor.o(.data)
    .data                                    0x200001a0   Section        4  stdout.o(.data)
    .bss                                     0x200001a4   Section      184  main.o(.bss)
    motor_config                             0x200001e4   Data         120  main.o(.bss)
    .bss                                     0x2000025c   Section      116  adc.o(.bss)
    .bss                                     0x200002d0   Section       40  can.o(.bss)
    .bss                                     0x200002f8   Section       88  spi.o(.bss)
    .bss                                     0x20000350   Section      216  tim.o(.bss)
    .bss                                     0x20000428   Section      460  usart.o(.bss)
    .bss                                     0x200005f8   Section       32  stm32f1xx_hal_flash.o(.bss)
    .bss                                     0x20000618   Section       12  button.o(.bss)
    s_press_time                             0x20000618   Data          12  button.o(.bss)
    .bss                                     0x20000624   Section      836  encoder_calibrator.o(.bss)
    sample_raw                               0x20000624   Data          32  encoder_calibrator.o(.bss)
    sample_fwd                               0x20000644   Data         402  encoder_calibrator.o(.bss)
    sample_rev                               0x200007d6   Data         402  encoder_calibrator.o(.bss)
    STACK                                    0x20000968   Section     1024  startup_stm32f103xb.o(STACK)

    Global Symbols

    Symbol Name                              Value     Ov Type        Size  Object(Section)

    BuildAttributes$$THM_ISAv4$P$D$K$B$S$PE$A:L22UL41UL21$X:L11$S22US41US21$IEEE1$IW$USESV6$~STKCKD$USESV7$~SHL$OTIME$ROPI$EBA8$MICROLIB$REQ8$PRES8$EABIv2 0x00000000   Number         0  anon$$obj.o ABSOLUTE
    __ARM_use_no_argv                        0x00000000   Number         0  main.o ABSOLUTE
    _printf_a                                0x00000000   Number         0  stubs.o ABSOLUTE
    _printf_c                                0x00000000   Number         0  stubs.o ABSOLUTE
    _printf_charcount                        0x00000000   Number         0  stubs.o ABSOLUTE
    _printf_d                                0x00000000   Number         0  stubs.o ABSOLUTE
    _printf_e                                0x00000000   Number         0  stubs.o ABSOLUTE
    _printf_f                                0x00000000   Number         0  stubs.o ABSOLUTE
    _printf_flags                            0x00000000   Number         0  stubs.o ABSOLUTE
    _printf_fp_dec                           0x00000000   Number         0  stubs.o ABSOLUTE
    _printf_fp_hex                           0x00000000   Number         0  stubs.o ABSOLUTE
    _printf_g                                0x00000000   Number         0  stubs.o ABSOLUTE
    _printf_i                                0x00000000   Number         0  stubs.o ABSOLUTE
    _printf_int_dec                          0x00000000   Number         0  stubs.o ABSOLUTE
    _printf_l                                0x00000000   Number         0  stubs.o ABSOLUTE
    _printf_lc                               0x00000000   Number         0  stubs.o ABSOLUTE
    _printf_ll                               0x00000000   Number         0  stubs.o ABSOLUTE
    _printf_lld                              0x00000000   Number         0  stubs.o ABSOLUTE
    _printf_lli                              0x00000000   Number         0  stubs.o ABSOLUTE
    _printf_llo                              0x00000000   Number         0  stubs.o ABSOLUTE
    _printf_llu                              0x00000000   Number         0  stubs.o ABSOLUTE
    _printf_llx                              0x00000000   Number         0  stubs.o ABSOLUTE
    _printf_longlong_dec                     0x00000000   Number         0  stubs.o ABSOLUTE
    _printf_longlong_hex                     0x00000000   Number         0  stubs.o ABSOLUTE
    _printf_longlong_oct                     0x00000000   Number         0  stubs.o ABSOLUTE
    _printf_ls                               0x00000000   Number         0  stubs.o ABSOLUTE
    _printf_mbtowc                           0x00000000   Number         0  stubs.o ABSOLUTE
    _printf_n                                0x00000000   Number         0  stubs.o ABSOLUTE
    _printf_o                                0x00000000   Number         0  stubs.o ABSOLUTE
    _printf_p                                0x00000000   Number         0  stubs.o ABSOLUTE
    _printf_percent                          0x00000000   Number         0  stubs.o ABSOLUTE
    _printf_pre_padding                      0x00000000   Number         0  stubs.o ABSOLUTE
    _printf_return_value                     0x00000000   Number         0  stubs.o ABSOLUTE
    _printf_s                                0x00000000   Number         0  stubs.o ABSOLUTE
    _printf_sizespec                         0x00000000   Number         0  stubs.o ABSOLUTE
    _printf_str                              0x00000000   Number         0  stubs.o ABSOLUTE
    _printf_truncate_signed                  0x00000000   Number         0  stubs.o ABSOLUTE
    _printf_truncate_unsigned                0x00000000   Number         0  stubs.o ABSOLUTE
    _printf_u                                0x00000000   Number         0  stubs.o ABSOLUTE
    _printf_wc                               0x00000000   Number         0  stubs.o ABSOLUTE
    _printf_wctomb                           0x00000000   Number         0  stubs.o ABSOLUTE
    _printf_widthprec                        0x00000000   Number         0  stubs.o ABSOLUTE
    _printf_x                                0x00000000   Number         0  stubs.o ABSOLUTE
    __arm_fini_                               - Undefined Weak Reference
    __cpp_initialize__aeabi_                  - Undefined Weak Reference
    __cxa_finalize                            - Undefined Weak Reference
    _clock_init                               - Undefined Weak Reference
    _microlib_exit                            - Undefined Weak Reference
    _scanf_int                                - Undefined Weak Reference
    _scanf_longlong                           - Undefined Weak Reference
    _scanf_string                             - Undefined Weak Reference
    __Vectors_Size                           0x000000ec   Number         0  startup_stm32f103xb.o ABSOLUTE
    __Vectors                                0x08000000   Data           4  startup_stm32f103xb.o(RESET)
    __Vectors_End                            0x080000ec   Data           0  startup_stm32f103xb.o(RESET)
    __main                                   0x080000ed   Thumb Code     0  entry.o(.ARM.Collect$$$$00000000)
    _main_stk                                0x080000ed   Thumb Code     0  entry2.o(.ARM.Collect$$$$00000001)
    _main_scatterload                        0x080000f1   Thumb Code     0  entry5.o(.ARM.Collect$$$$00000004)
    __main_after_scatterload                 0x080000f5   Thumb Code     0  entry5.o(.ARM.Collect$$$$00000004)
    _main_clock                              0x080000f5   Thumb Code     0  entry7b.o(.ARM.Collect$$$$00000008)
    _main_cpp_init                           0x080000f5   Thumb Code     0  entry8b.o(.ARM.Collect$$$$0000000A)
    _main_init                               0x080000f5   Thumb Code     0  entry9a.o(.ARM.Collect$$$$0000000B)
    __rt_lib_shutdown_fini                   0x080000fd   Thumb Code     0  entry12b.o(.ARM.Collect$$$$0000000E)
    __rt_final_cpp                           0x08000101   Thumb Code     0  entry10a.o(.ARM.Collect$$$$0000000F)
    __rt_final_exit                          0x08000101   Thumb Code     0  entry11a.o(.ARM.Collect$$$$00000011)
    Reset_Handler                            0x08000105   Thumb Code     8  startup_stm32f103xb.o(.text)
    ADC1_2_IRQHandler                        0x0800011f   Thumb Code     0  startup_stm32f103xb.o(.text)
    DMA1_Channel2_IRQHandler                 0x0800011f   Thumb Code     0  startup_stm32f103xb.o(.text)
    DMA1_Channel3_IRQHandler                 0x0800011f   Thumb Code     0  startup_stm32f103xb.o(.text)
    DMA1_Channel6_IRQHandler                 0x0800011f   Thumb Code     0  startup_stm32f103xb.o(.text)
    DMA1_Channel7_IRQHandler                 0x0800011f   Thumb Code     0  startup_stm32f103xb.o(.text)
    EXTI0_IRQHandler                         0x0800011f   Thumb Code     0  startup_stm32f103xb.o(.text)
    EXTI15_10_IRQHandler                     0x0800011f   Thumb Code     0  startup_stm32f103xb.o(.text)
    EXTI1_IRQHandler                         0x0800011f   Thumb Code     0  startup_stm32f103xb.o(.text)
    EXTI2_IRQHandler                         0x0800011f   Thumb Code     0  startup_stm32f103xb.o(.text)
    EXTI3_IRQHandler                         0x0800011f   Thumb Code     0  startup_stm32f103xb.o(.text)
    EXTI4_IRQHandler                         0x0800011f   Thumb Code     0  startup_stm32f103xb.o(.text)
    EXTI9_5_IRQHandler                       0x0800011f   Thumb Code     0  startup_stm32f103xb.o(.text)
    FLASH_IRQHandler                         0x0800011f   Thumb Code     0  startup_stm32f103xb.o(.text)
    I2C1_ER_IRQHandler                       0x0800011f   Thumb Code     0  startup_stm32f103xb.o(.text)
    I2C1_EV_IRQHandler                       0x0800011f   Thumb Code     0  startup_stm32f103xb.o(.text)
    I2C2_ER_IRQHandler                       0x0800011f   Thumb Code     0  startup_stm32f103xb.o(.text)
    I2C2_EV_IRQHandler                       0x0800011f   Thumb Code     0  startup_stm32f103xb.o(.text)
    PVD_IRQHandler                           0x0800011f   Thumb Code     0  startup_stm32f103xb.o(.text)
    RCC_IRQHandler                           0x0800011f   Thumb Code     0  startup_stm32f103xb.o(.text)
    RTC_Alarm_IRQHandler                     0x0800011f   Thumb Code     0  startup_stm32f103xb.o(.text)
    RTC_IRQHandler                           0x0800011f   Thumb Code     0  startup_stm32f103xb.o(.text)
    SPI1_IRQHandler                          0x0800011f   Thumb Code     0  startup_stm32f103xb.o(.text)
    SPI2_IRQHandler                          0x0800011f   Thumb Code     0  startup_stm32f103xb.o(.text)
    TAMPER_IRQHandler                        0x0800011f   Thumb Code     0  startup_stm32f103xb.o(.text)
    TIM1_BRK_IRQHandler                      0x0800011f   Thumb Code     0  startup_stm32f103xb.o(.text)
    TIM1_CC_IRQHandler                       0x0800011f   Thumb Code     0  startup_stm32f103xb.o(.text)
    TIM1_TRG_COM_IRQHandler                  0x0800011f   Thumb Code     0  startup_stm32f103xb.o(.text)
    TIM2_IRQHandler                          0x0800011f   Thumb Code     0  startup_stm32f103xb.o(.text)
    TIM3_IRQHandler                          0x0800011f   Thumb Code     0  startup_stm32f103xb.o(.text)
    USART2_IRQHandler                        0x0800011f   Thumb Code     0  startup_stm32f103xb.o(.text)
    USART3_IRQHandler                        0x0800011f   Thumb Code     0  startup_stm32f103xb.o(.text)
    USBWakeUp_IRQHandler                     0x0800011f   Thumb Code     0  startup_stm32f103xb.o(.text)
    WWDG_IRQHandler                          0x0800011f   Thumb Code     0  startup_stm32f103xb.o(.text)
    __aeabi_llsr                             0x08000129   Thumb Code    32  llushr.o(.text)
    _ll_ushift_r                             0x08000129   Thumb Code     0  llushr.o(.text)
    __aeabi_memset                           0x08000149   Thumb Code    14  memseta.o(.text)
    __aeabi_memset4                          0x08000149   Thumb Code     0  memseta.o(.text)
    __aeabi_memset8                          0x08000149   Thumb Code     0  memseta.o(.text)
    __aeabi_memclr                           0x08000157   Thumb Code     4  memseta.o(.text)
    __aeabi_memclr4                          0x08000157   Thumb Code     0  memseta.o(.text)
    __aeabi_memclr8                          0x08000157   Thumb Code     0  memseta.o(.text)
    _memset$wrapper                          0x0800015b   Thumb Code    18  memseta.o(.text)
    strlen                                   0x0800016d   Thumb Code    14  strlen.o(.text)
    __0sscanf                                0x0800017d   Thumb Code    48  __0sscanf.o(.text)
    _scanf_real                              0x080002dd   Thumb Code     0  scanf_fp.o(.text)
    _scanf_really_real                       0x080002dd   Thumb Code   556  scanf_fp.o(.text)
    __aeabi_fmul                             0x08000515   Thumb Code   100  fmul.o(.text)
    __aeabi_fdiv                             0x08000579   Thumb Code   124  fdiv.o(.text)
    __aeabi_i2f                              0x080005f5   Thumb Code    18  fflti.o(.text)
    __aeabi_f2iz                             0x08000607   Thumb Code    50  ffixi.o(.text)
    __aeabi_f2d                              0x08000639   Thumb Code    38  f2d.o(.text)
    __aeabi_uidiv                            0x0800065f   Thumb Code     0  uidiv.o(.text)
    __aeabi_uidivmod                         0x0800065f   Thumb Code    44  uidiv.o(.text)
    __aeabi_uldivmod                         0x0800068b   Thumb Code    98  uldiv.o(.text)
    __vfscanf_char                           0x080006f9   Thumb Code    20  scanf_char.o(.text)
    _sgetc                                   0x08000715   Thumb Code    30  _sgetc.o(.text)
    _sbackspace                              0x08000733   Thumb Code    34  _sgetc.o(.text)
    __I$use$fp                               0x08000755   Thumb Code     0  iusefp.o(.text)
    _float_round                             0x08000755   Thumb Code    18  fepilogue.o(.text)
    _float_epilogue                          0x08000767   Thumb Code    92  fepilogue.o(.text)
    __aeabi_dadd                             0x080007c3   Thumb Code   322  dadd.o(.text)
    __aeabi_dsub                             0x08000905   Thumb Code     6  dadd.o(.text)
    __aeabi_drsub                            0x0800090b   Thumb Code     6  dadd.o(.text)
    __aeabi_dmul                             0x08000911   Thumb Code   228  dmul.o(.text)
    __aeabi_ddiv                             0x080009f5   Thumb Code   222  ddiv.o(.text)
    __aeabi_ul2d                             0x08000ad3   Thumb Code    24  dfltul.o(.text)
    __aeabi_d2ulz                            0x08000aeb   Thumb Code    48  dfixul.o(.text)
    __aeabi_cdrcmple                         0x08000b1d   Thumb Code    48  cdrcmple.o(.text)
    __aeabi_d2f                              0x08000b4d   Thumb Code    56  d2f.o(.text)
    __scatterload                            0x08000b85   Thumb Code    28  init.o(.text)
    __scatterload_rt2                        0x08000b85   Thumb Code     0  init.o(.text)
    __aeabi_llsl                             0x08000ba9   Thumb Code    30  llshl.o(.text)
    _ll_shift_l                              0x08000ba9   Thumb Code     0  llshl.o(.text)
    __aeabi_lasr                             0x08000bc7   Thumb Code    36  llsshr.o(.text)
    _ll_sshift_r                             0x08000bc7   Thumb Code     0  llsshr.o(.text)
    isspace                                  0x08000beb   Thumb Code    10  isspace_c.o(.text)
    __vfscanf                                0x08000bf5   Thumb Code   810  _scanf.o(.text)
    _double_round                            0x08000f25   Thumb Code    30  depilogue.o(.text)
    _double_epilogue                         0x08000f43   Thumb Code   156  depilogue.o(.text)
    __ctype_lookup                           0x08000fe1   Thumb Code    34  ctype_c.o(.text)
    __decompress                             0x08001009   Thumb Code     0  __dczerorl.o(.text)
    __decompress0                            0x08001009   Thumb Code    58  __dczerorl.o(.text)
    ADC_ConversionStop_Disable               0x08001045   Thumb Code    86  stm32f1xx_hal_adc.o(i.ADC_ConversionStop_Disable)
    BusFault_Handler                         0x0800109b   Thumb Code     2  stm32f1xx_it.o(i.BusFault_Handler)
    Button_GetClick                          0x0800109d   Thumb Code    24  button.o(i.Button_GetClick)
    Button_GetLong                           0x080010b9   Thumb Code    24  button.o(i.Button_GetLong)
    Button_Init                              0x080010d5   Thumb Code    58  button.o(i.Button_Init)
    Button_IsPressed                         0x08001119   Thumb Code    36  button.o(i.Button_IsPressed)
    Button_Tick                              0x08001141   Thumb Code   134  button.o(i.Button_Tick)
    CAN1_RX1_IRQHandler                      0x080011d1   Thumb Code     6  stm32f1xx_it.o(i.CAN1_RX1_IRQHandler)
    CAN1_SCE_IRQHandler                      0x080011dd   Thumb Code     6  stm32f1xx_it.o(i.CAN1_SCE_IRQHandler)
    CurrentTracker_CalcSoftGoal              0x080016d1   Thumb Code   100  motion_planner.o(i.CurrentTracker_CalcSoftGoal)
    CurrentTracker_Init                      0x08001739   Thumb Code    10  motion_planner.o(i.CurrentTracker_Init)
    CurrentTracker_NewTask                   0x08001749   Thumb Code    10  motion_planner.o(i.CurrentTracker_NewTask)
    DMA1_Channel1_IRQHandler                 0x080017c1   Thumb Code     6  stm32f1xx_it.o(i.DMA1_Channel1_IRQHandler)
    DMA1_Channel4_IRQHandler                 0x080017cd   Thumb Code     6  stm32f1xx_it.o(i.DMA1_Channel4_IRQHandler)
    DMA1_Channel5_IRQHandler                 0x080017d9   Thumb Code     6  stm32f1xx_it.o(i.DMA1_Channel5_IRQHandler)
    DebugMon_Handler                         0x0800180f   Thumb Code     2  stm32f1xx_it.o(i.DebugMon_Handler)
    EEPROM_Read                              0x08001811   Thumb Code    30  eeprom.o(i.EEPROM_Read)
    EEPROM_Write                             0x08001835   Thumb Code    76  eeprom.o(i.EEPROM_Write)
    EncoderCalibrator_Init                   0x0800188d   Thumb Code    28  encoder_calibrator.o(i.EncoderCalibrator_Init)
    EncoderCalibrator_IsCalibrated           0x080018ad   Thumb Code     6  encoder_calibrator.o(i.EncoderCalibrator_IsCalibrated)
    EncoderCalibrator_IsTriggered            0x080018b9   Thumb Code     6  encoder_calibrator.o(i.EncoderCalibrator_IsTriggered)
    EncoderCalibrator_Tick20kHz              0x080018c5   Thumb Code   382  encoder_calibrator.o(i.EncoderCalibrator_Tick20kHz)
    EncoderCalibrator_TickMainLoop           0x08001a51   Thumb Code    72  encoder_calibrator.o(i.EncoderCalibrator_TickMainLoop)
    EncoderCalibrator_Trigger                0x08001ae5   Thumb Code    26  encoder_calibrator.o(i.EncoderCalibrator_Trigger)
    Error_Handler                            0x08001b05   Thumb Code     4  main.o(i.Error_Handler)
    FLASH_PageErase                          0x08001b2d   Thumb Code    28  stm32f1xx_hal_flash_ex.o(i.FLASH_PageErase)
    FLASH_WaitForLastOperation               0x08001bc9   Thumb Code    80  stm32f1xx_hal_flash.o(i.FLASH_WaitForLastOperation)
    HAL_ADC_ConfigChannel                    0x08001db9   Thumb Code   240  stm32f1xx_hal_adc.o(i.HAL_ADC_ConfigChannel)
    HAL_ADC_Init                             0x08001eb5   Thumb Code   272  stm32f1xx_hal_adc.o(i.HAL_ADC_Init)
    HAL_ADC_MspInit                          0x08001fd1   Thumb Code   126  adc.o(i.HAL_ADC_MspInit)
    HAL_CAN_ErrorCallback                    0x08002065   Thumb Code     2  stm32f1xx_hal_can.o(i.HAL_CAN_ErrorCallback)
    HAL_CAN_IRQHandler                       0x08002067   Thumb Code   508  stm32f1xx_hal_can.o(i.HAL_CAN_IRQHandler)
    HAL_CAN_Init                             0x08002263   Thumb Code   282  stm32f1xx_hal_can.o(i.HAL_CAN_Init)
    HAL_CAN_MspInit                          0x0800237d   Thumb Code   178  can.o(i.HAL_CAN_MspInit)
    HAL_CAN_RxFifo0FullCallback              0x08002441   Thumb Code     2  stm32f1xx_hal_can.o(i.HAL_CAN_RxFifo0FullCallback)
    HAL_CAN_RxFifo0MsgPendingCallback        0x08002443   Thumb Code     2  stm32f1xx_hal_can.o(i.HAL_CAN_RxFifo0MsgPendingCallback)
    HAL_CAN_RxFifo1FullCallback              0x08002445   Thumb Code     2  stm32f1xx_hal_can.o(i.HAL_CAN_RxFifo1FullCallback)
    HAL_CAN_RxFifo1MsgPendingCallback        0x08002447   Thumb Code     2  stm32f1xx_hal_can.o(i.HAL_CAN_RxFifo1MsgPendingCallback)
    HAL_CAN_SleepCallback                    0x08002449   Thumb Code     2  stm32f1xx_hal_can.o(i.HAL_CAN_SleepCallback)
    HAL_CAN_TxMailbox0AbortCallback          0x0800244b   Thumb Code     2  stm32f1xx_hal_can.o(i.HAL_CAN_TxMailbox0AbortCallback)
    HAL_CAN_TxMailbox0CompleteCallback       0x0800244d   Thumb Code     2  stm32f1xx_hal_can.o(i.HAL_CAN_TxMailbox0CompleteCallback)
    HAL_CAN_TxMailbox1AbortCallback          0x0800244f   Thumb Code     2  stm32f1xx_hal_can.o(i.HAL_CAN_TxMailbox1AbortCallback)
    HAL_CAN_TxMailbox1CompleteCallback       0x08002451   Thumb Code     2  stm32f1xx_hal_can.o(i.HAL_CAN_TxMailbox1CompleteCallback)
    HAL_CAN_TxMailbox2AbortCallback          0x08002453   Thumb Code     2  stm32f1xx_hal_can.o(i.HAL_CAN_TxMailbox2AbortCallback)
    HAL_CAN_TxMailbox2CompleteCallback       0x08002455   Thumb Code     2  stm32f1xx_hal_can.o(i.HAL_CAN_TxMailbox2CompleteCallback)
    HAL_CAN_WakeUpFromRxMsgCallback          0x08002457   Thumb Code     2  stm32f1xx_hal_can.o(i.HAL_CAN_WakeUpFromRxMsgCallback)
    HAL_DMA_Abort                            0x08002459   Thumb Code    70  stm32f1xx_hal_dma.o(i.HAL_DMA_Abort)
    HAL_DMA_Abort_IT                         0x080024a1   Thumb Code   148  stm32f1xx_hal_dma.o(i.HAL_DMA_Abort_IT)
    HAL_DMA_IRQHandler                       0x08002539   Thumb Code   316  stm32f1xx_hal_dma.o(i.HAL_DMA_IRQHandler)
    HAL_DMA_Init                             0x0800268d   Thumb Code    84  stm32f1xx_hal_dma.o(i.HAL_DMA_Init)
    HAL_DMA_Start_IT                         0x080026e9   Thumb Code   112  stm32f1xx_hal_dma.o(i.HAL_DMA_Start_IT)
    HAL_Delay                                0x08002759   Thumb Code    32  stm32f1xx_hal.o(i.HAL_Delay)
    HAL_FLASHEx_Erase                        0x0800277d   Thumb Code   160  stm32f1xx_hal_flash_ex.o(i.HAL_FLASHEx_Erase)
    HAL_FLASH_Lock                           0x08002825   Thumb Code    14  stm32f1xx_hal_flash.o(i.HAL_FLASH_Lock)
    HAL_FLASH_Program                        0x08002839   Thumb Code   120  stm32f1xx_hal_flash.o(i.HAL_FLASH_Program)
    HAL_FLASH_Unlock                         0x080028b9   Thumb Code    28  stm32f1xx_hal_flash.o(i.HAL_FLASH_Unlock)
    HAL_GPIO_Init                            0x080028e1   Thumb Code   446  stm32f1xx_hal_gpio.o(i.HAL_GPIO_Init)
    HAL_GPIO_ReadPin                         0x08002ac1   Thumb Code    10  stm32f1xx_hal_gpio.o(i.HAL_GPIO_ReadPin)
    HAL_GPIO_WritePin                        0x08002acb   Thumb Code    10  stm32f1xx_hal_gpio.o(i.HAL_GPIO_WritePin)
    HAL_GetTick                              0x08002ad5   Thumb Code     6  stm32f1xx_hal.o(i.HAL_GetTick)
    HAL_IncTick                              0x08002ae1   Thumb Code    12  stm32f1xx_hal.o(i.HAL_IncTick)
    HAL_Init                                 0x08002af1   Thumb Code    32  stm32f1xx_hal.o(i.HAL_Init)
    HAL_InitTick                             0x08002b15   Thumb Code    54  stm32f1xx_hal.o(i.HAL_InitTick)
    HAL_MspInit                              0x08002b55   Thumb Code    52  stm32f1xx_hal_msp.o(i.HAL_MspInit)
    HAL_NVIC_EnableIRQ                       0x08002b91   Thumb Code    26  stm32f1xx_hal_cortex.o(i.HAL_NVIC_EnableIRQ)
    HAL_NVIC_SetPriority                     0x08002bad   Thumb Code    60  stm32f1xx_hal_cortex.o(i.HAL_NVIC_SetPriority)
    HAL_NVIC_SetPriorityGrouping             0x08002bed   Thumb Code    26  stm32f1xx_hal_cortex.o(i.HAL_NVIC_SetPriorityGrouping)
    HAL_NVIC_SystemReset                     0x08002c11   Thumb Code    26  stm32f1xx_hal_cortex.o(i.HAL_NVIC_SystemReset)
    HAL_RCCEx_PeriphCLKConfig                0x08002c35   Thumb Code   224  stm32f1xx_hal_rcc_ex.o(i.HAL_RCCEx_PeriphCLKConfig)
    HAL_RCC_ClockConfig                      0x08002d21   Thumb Code   280  stm32f1xx_hal_rcc.o(i.HAL_RCC_ClockConfig)
    HAL_RCC_GetPCLK1Freq                     0x08002e4d   Thumb Code    20  stm32f1xx_hal_rcc.o(i.HAL_RCC_GetPCLK1Freq)
    HAL_RCC_GetPCLK2Freq                     0x08002e6d   Thumb Code    20  stm32f1xx_hal_rcc.o(i.HAL_RCC_GetPCLK2Freq)
    HAL_RCC_GetSysClockFreq                  0x08002e8d   Thumb Code    80  stm32f1xx_hal_rcc.o(i.HAL_RCC_GetSysClockFreq)
    HAL_RCC_OscConfig                        0x08002f01   Thumb Code   778  stm32f1xx_hal_rcc.o(i.HAL_RCC_OscConfig)
    HAL_SPI_Init                             0x08003221   Thumb Code   178  stm32f1xx_hal_spi.o(i.HAL_SPI_Init)
    HAL_SPI_MspInit                          0x080032d5   Thumb Code   112  spi.o(i.HAL_SPI_MspInit)
    HAL_SPI_TransmitReceive                  0x08003355   Thumb Code   482  stm32f1xx_hal_spi.o(i.HAL_SPI_TransmitReceive)
    HAL_SYSTICK_Config                       0x08003537   Thumb Code    40  stm32f1xx_hal_cortex.o(i.HAL_SYSTICK_Config)
    HAL_TIMEx_BreakCallback                  0x0800355f   Thumb Code     2  stm32f1xx_hal_tim_ex.o(i.HAL_TIMEx_BreakCallback)
    HAL_TIMEx_CommutCallback                 0x08003561   Thumb Code     2  stm32f1xx_hal_tim_ex.o(i.HAL_TIMEx_CommutCallback)
    HAL_TIMEx_MasterConfigSynchronization    0x08003565   Thumb Code    92  stm32f1xx_hal_tim_ex.o(i.HAL_TIMEx_MasterConfigSynchronization)
    HAL_TIM_Base_Init                        0x080035cd   Thumb Code    90  stm32f1xx_hal_tim.o(i.HAL_TIM_Base_Init)
    HAL_TIM_Base_MspInit                     0x08003629   Thumb Code    86  tim.o(i.HAL_TIM_Base_MspInit)
    HAL_TIM_Base_Start_IT                    0x0800368d   Thumb Code    76  stm32f1xx_hal_tim.o(i.HAL_TIM_Base_Start_IT)
    HAL_TIM_ConfigClockSource                0x080036e5   Thumb Code   214  stm32f1xx_hal_tim.o(i.HAL_TIM_ConfigClockSource)
    HAL_TIM_IC_CaptureCallback               0x080037bb   Thumb Code     2  stm32f1xx_hal_tim.o(i.HAL_TIM_IC_CaptureCallback)
    HAL_TIM_IRQHandler                       0x080037bd   Thumb Code   358  stm32f1xx_hal_tim.o(i.HAL_TIM_IRQHandler)
    HAL_TIM_MspPostInit                      0x08003925   Thumb Code    82  tim.o(i.HAL_TIM_MspPostInit)
    HAL_TIM_OC_DelayElapsedCallback          0x08003985   Thumb Code     2  stm32f1xx_hal_tim.o(i.HAL_TIM_OC_DelayElapsedCallback)
    HAL_TIM_PWM_ConfigChannel                0x08003987   Thumb Code   198  stm32f1xx_hal_tim.o(i.HAL_TIM_PWM_ConfigChannel)
    HAL_TIM_PWM_Init                         0x08003a4d   Thumb Code    90  stm32f1xx_hal_tim.o(i.HAL_TIM_PWM_Init)
    HAL_TIM_PWM_MspInit                      0x08003aa9   Thumb Code    30  tim.o(i.HAL_TIM_PWM_MspInit)
    HAL_TIM_PWM_PulseFinishedCallback        0x08003acd   Thumb Code     2  stm32f1xx_hal_tim.o(i.HAL_TIM_PWM_PulseFinishedCallback)
    HAL_TIM_PWM_Start                        0x08003ad1   Thumb Code   144  stm32f1xx_hal_tim.o(i.HAL_TIM_PWM_Start)
    HAL_TIM_PeriodElapsedCallback            0x08003b6d   Thumb Code    24  main.o(i.HAL_TIM_PeriodElapsedCallback)
    HAL_TIM_TriggerCallback                  0x08003b8d   Thumb Code     2  stm32f1xx_hal_tim.o(i.HAL_TIM_TriggerCallback)
    HAL_UARTEx_RxEventCallback               0x08003b8f   Thumb Code     2  stm32f1xx_hal_uart.o(i.HAL_UARTEx_RxEventCallback)
    HAL_UART_DMAStop                         0x08003b91   Thumb Code    88  stm32f1xx_hal_uart.o(i.HAL_UART_DMAStop)
    HAL_UART_ErrorCallback                   0x08003be9   Thumb Code     2  stm32f1xx_hal_uart.o(i.HAL_UART_ErrorCallback)
    HAL_UART_IRQHandler                      0x08003bed   Thumb Code   520  stm32f1xx_hal_uart.o(i.HAL_UART_IRQHandler)
    HAL_UART_Init                            0x08003df9   Thumb Code    98  stm32f1xx_hal_uart.o(i.HAL_UART_Init)
    HAL_UART_MspInit                         0x08003e5d   Thumb Code   216  usart.o(i.HAL_UART_MspInit)
    HAL_UART_Receive_DMA                     0x08003f4d   Thumb Code    42  stm32f1xx_hal_uart.o(i.HAL_UART_Receive_DMA)
    HAL_UART_RxCpltCallback                  0x08003f77   Thumb Code     2  stm32f1xx_hal_uart.o(i.HAL_UART_RxCpltCallback)
    HAL_UART_RxHalfCpltCallback              0x08003f79   Thumb Code     2  stm32f1xx_hal_uart.o(i.HAL_UART_RxHalfCpltCallback)
    HAL_UART_Transmit                        0x08003f7d   Thumb Code   178  stm32f1xx_hal_uart.o(i.HAL_UART_Transmit)
    HAL_UART_Transmit_DMA                    0x08004031   Thumb Code   114  stm32f1xx_hal_uart.o(i.HAL_UART_Transmit_DMA)
    HAL_UART_TxCpltCallback                  0x080040b1   Thumb Code     8  stm32f1xx_it.o(i.HAL_UART_TxCpltCallback)
    HAL_UART_TxHalfCpltCallback              0x080040bd   Thumb Code     2  stm32f1xx_hal_uart.o(i.HAL_UART_TxHalfCpltCallback)
    HardFault_Handler                        0x080040bf   Thumb Code     2  stm32f1xx_it.o(i.HardFault_Handler)
    LED_Init                                 0x080040c1   Thumb Code    46  led.o(i.LED_Init)
    LED_Tick                                 0x08004121   Thumb Code   370  led.o(i.LED_Tick)
    MT6816_GetRawAngle                       0x08004299   Thumb Code     6  mt6816.o(i.MT6816_GetRawAngle)
    MT6816_GetRectifiedAngle                 0x080042a5   Thumb Code     6  mt6816.o(i.MT6816_GetRectifiedAngle)
    MT6816_SetCalibrationData                0x080042b1   Thumb Code     6  mt6816.o(i.MT6816_SetCalibrationData)
    MT6816_UpdateAngle                       0x080042fd   Thumb Code   146  mt6816.o(i.MT6816_UpdateAngle)
    MX_ADC1_Init                             0x08004395   Thumb Code    70  adc.o(i.MX_ADC1_Init)
    MX_CAN_Init                              0x080043e5   Thumb Code    62  can.o(i.MX_CAN_Init)
    MX_DMA_Init                              0x0800442d   Thumb Code    72  dma.o(i.MX_DMA_Init)
    MX_GPIO_Init                             0x08004479   Thumb Code   120  gpio.o(i.MX_GPIO_Init)
    MX_SPI1_Init                             0x080044fd   Thumb Code    68  spi.o(i.MX_SPI1_Init)
    MX_TIM1_Init                             0x08004549   Thumb Code    98  tim.o(i.MX_TIM1_Init)
    MX_TIM2_Init                             0x080045b5   Thumb Code   120  tim.o(i.MX_TIM2_Init)
    MX_TIM4_Init                             0x08004631   Thumb Code    94  tim.o(i.MX_TIM4_Init)
    MX_USART1_UART_Init                      0x08004699   Thumb Code    74  usart.o(i.MX_USART1_UART_Init)
    MemManage_Handler                        0x080046f9   Thumb Code     2  stm32f1xx_it.o(i.MemManage_Handler)
    Motor_ClearStallFlag                     0x080046fd   Thumb Code    10  motor.o(i.Motor_ClearStallFlag)
    Motor_GetCurrent                         0x0800470d   Thumb Code    20  motor.o(i.Motor_GetCurrent)
    Motor_GetMode                            0x08004729   Thumb Code     6  motor.o(i.Motor_GetMode)
    Motor_GetPosition                        0x08004735   Thumb Code    34  motor.o(i.Motor_GetPosition)
    Motor_GetState                           0x08004761   Thumb Code     6  motor.o(i.Motor_GetState)
    Motor_GetVelocity                        0x0800476d   Thumb Code    20  motor.o(i.Motor_GetVelocity)
    Motor_Init                               0x08004789   Thumb Code    56  motor.o(i.Motor_Init)
    Motor_SetConfig                          0x080047c9   Thumb Code     6  motor.o(i.Motor_SetConfig)
    Motor_SetCurrent                         0x080047d5   Thumb Code    24  motor.o(i.Motor_SetCurrent)
    Motor_SetMode                            0x080047f1   Thumb Code     6  motor.o(i.Motor_SetMode)
    Motor_SetPosition                        0x080047fd   Thumb Code    12  motor.o(i.Motor_SetPosition)
    Motor_SetVelocity                        0x0800480d   Thumb Code    20  motor.o(i.Motor_SetVelocity)
    Motor_Tick20kHz                          0x08004825   Thumb Code   652  motor.o(i.Motor_Tick20kHz)
    Motor_ZeroPosition                       0x08004ad1   Thumb Code    32  motor.o(i.Motor_ZeroPosition)
    NMI_Handler                              0x08004af9   Thumb Code     2  stm32f1xx_it.o(i.NMI_Handler)
    PendSV_Handler                           0x08004afb   Thumb Code     2  stm32f1xx_it.o(i.PendSV_Handler)
    PositionInterpolator_Init                0x08004afd   Thumb Code     2  motion_planner.o(i.PositionInterpolator_Init)
    PositionTracker_CalcSoftGoal             0x08004b01   Thumb Code   336  motion_planner.o(i.PositionTracker_CalcSoftGoal)
    PositionTracker_Init                     0x08004c55   Thumb Code    28  motion_planner.o(i.PositionTracker_Init)
    PositionTracker_NewTask                  0x08004c75   Thumb Code    14  motion_planner.o(i.PositionTracker_NewTask)
    PositionTracker_SetVelocityAcc           0x08004c89   Thumb Code    26  motion_planner.o(i.PositionTracker_SetVelocityAcc)
    SVC_Handler                              0x08004dad   Thumb Code     2  stm32f1xx_it.o(i.SVC_Handler)
    Stockpile_Flash_Data_Begin               0x08004daf   Thumb Code    14  stockpile_f103cb.o(i.Stockpile_Flash_Data_Begin)
    Stockpile_Flash_Data_Empty               0x08004dbd   Thumb Code    80  stockpile_f103cb.o(i.Stockpile_Flash_Data_Empty)
    Stockpile_Flash_Data_End                 0x08004e11   Thumb Code     4  stockpile_f103cb.o(i.Stockpile_Flash_Data_End)
    Stockpile_Flash_Data_Set_Write_Add       0x08004e15   Thumb Code    18  stockpile_f103cb.o(i.Stockpile_Flash_Data_Set_Write_Add)
    Stockpile_Flash_Data_Write_Data16        0x08004e29   Thumb Code    68  stockpile_f103cb.o(i.Stockpile_Flash_Data_Write_Data16)
    SysTick_Handler                          0x08004e6d   Thumb Code     4  stm32f1xx_it.o(i.SysTick_Handler)
    SystemClock_Config                       0x08004e71   Thumb Code   118  main.o(i.SystemClock_Config)
    SystemInit                               0x08004ee7   Thumb Code     2  system_stm32f1xx.o(i.SystemInit)
    TB67H450_Brake                           0x08004ee9   Thumb Code    30  tb67h450.o(i.TB67H450_Brake)
    TB67H450_SetFocCurrentVector             0x08004f09   Thumb Code   160  tb67h450.o(i.TB67H450_SetFocCurrentVector)
    TB67H450_Sleep                           0x08005025   Thumb Code    30  tb67h450.o(i.TB67H450_Sleep)
    TIM1_UP_IRQHandler                       0x08005045   Thumb Code     6  stm32f1xx_it.o(i.TIM1_UP_IRQHandler)
    TIM4_IRQHandler                          0x08005051   Thumb Code     6  stm32f1xx_it.o(i.TIM4_IRQHandler)
    TIM_Base_SetConfig                       0x0800505d   Thumb Code    94  stm32f1xx_hal_tim.o(i.TIM_Base_SetConfig)
    TIM_CCxChannelCmd                        0x080050c9   Thumb Code    26  stm32f1xx_hal_tim.o(i.TIM_CCxChannelCmd)
    TIM_ETR_SetConfig                        0x080050e3   Thumb Code    20  stm32f1xx_hal_tim.o(i.TIM_ETR_SetConfig)
    TIM_OC2_SetConfig                        0x08005159   Thumb Code    84  stm32f1xx_hal_tim.o(i.TIM_OC2_SetConfig)
    Tim1Callback100Hz                        0x08005295   Thumb Code   236  main.o(i.Tim1Callback100Hz)
    Tim4Callback20kHz                        0x08005409   Thumb Code    34  main.o(i.Tim4Callback20kHz)
    TrajectoryTracker_CalcSoftGoal           0x08005431   Thumb Code   210  motion_planner.o(i.TrajectoryTracker_CalcSoftGoal)
    TrajectoryTracker_Init                   0x08005509   Thumb Code    12  motion_planner.o(i.TrajectoryTracker_Init)
    TrajectoryTracker_NewTask                0x08005519   Thumb Code    20  motion_planner.o(i.TrajectoryTracker_NewTask)
    UART_Start_Receive_DMA                   0x080057e9   Thumb Code    98  stm32f1xx_hal_uart.o(i.UART_Start_Receive_DMA)
    USART1_IRQHandler                        0x080058bd   Thumb Code    88  stm32f1xx_it.o(i.USART1_IRQHandler)
    USB_HP_CAN1_TX_IRQHandler                0x08005929   Thumb Code     6  stm32f1xx_it.o(i.USB_HP_CAN1_TX_IRQHandler)
    USB_LP_CAN1_RX0_IRQHandler               0x08005935   Thumb Code     6  stm32f1xx_it.o(i.USB_LP_CAN1_RX0_IRQHandler)
    UartCmd_Process                          0x08005941   Thumb Code   216  uart_cmd.o(i.UartCmd_Process)
    Uart_Send                                0x08005a79   Thumb Code    22  usart.o(i.Uart_Send)
    Uart_SendString                          0x08005a99   Thumb Code    20  usart.o(i.Uart_SendString)
    UsageFault_Handler                       0x08005aad   Thumb Code     2  stm32f1xx_it.o(i.UsageFault_Handler)
    VelocityTracker_CalcSoftGoal             0x08005ab1   Thumb Code   100  motion_planner.o(i.VelocityTracker_CalcSoftGoal)
    VelocityTracker_Init                     0x08005b19   Thumb Code    10  motion_planner.o(i.VelocityTracker_Init)
    VelocityTracker_NewTask                  0x08005b29   Thumb Code    10  motion_planner.o(i.VelocityTracker_NewTask)
    __0printf                                0x08005b39   Thumb Code    22  printfa.o(i.__0printf)
    __1printf                                0x08005b39   Thumb Code     0  printfa.o(i.__0printf)
    __2printf                                0x08005b39   Thumb Code     0  printfa.o(i.__0printf)
    __c89printf                              0x08005b39   Thumb Code     0  printfa.o(i.__0printf)
    printf                                   0x08005b39   Thumb Code     0  printfa.o(i.__0printf)
    __0sprintf                               0x08005b59   Thumb Code    34  printfa.o(i.__0sprintf)
    __1sprintf                               0x08005b59   Thumb Code     0  printfa.o(i.__0sprintf)
    __2sprintf                               0x08005b59   Thumb Code     0  printfa.o(i.__0sprintf)
    __c89sprintf                             0x08005b59   Thumb Code     0  printfa.o(i.__0sprintf)
    sprintf                                  0x08005b59   Thumb Code     0  printfa.o(i.__0sprintf)
    __scatterload_copy                       0x08005ba1   Thumb Code    14  handlers.o(i.__scatterload_copy)
    __scatterload_null                       0x08005baf   Thumb Code     2  handlers.o(i.__scatterload_null)
    __scatterload_zeroinit                   0x08005bb1   Thumb Code    14  handlers.o(i.__scatterload_zeroinit)
    _is_digit                                0x08005d45   Thumb Code    14  scanf_fp.o(i._is_digit)
    fputc                                    0x08006465   Thumb Code    20  usart.o(i.fputc)
    main                                     0x0800647d   Thumb Code   332  main.o(i.main)
    AHBPrescTable                            0x080065f8   Data          16  system_stm32f1xx.o(.constdata)
    APBPrescTable                            0x08006608   Data           8  system_stm32f1xx.o(.constdata)
    sin_pi_m2                                0x08006610   Data        2050  sin_form.o(.constdata)
    __ctype_categories                       0x08006e12   Data          64  ctype_c.o(.constdata)
    Region$$Table$$Base                      0x08006e54   Number         0  anon$$obj.o(Region$$Table)
    Region$$Table$$Limit                     0x08006e74   Number         0  anon$$obj.o(Region$$Table)
    rxLen                                    0x20000004   Data           1  usart.o(.data)
    tx_complete                              0x20000008   Data           1  usart.o(.data)
    OnRecvEnd                                0x2000000c   Data           4  usart.o(.data)
    uwTickFreq                               0x20000010   Data           1  stm32f1xx_hal.o(.data)
    uwTickPrio                               0x20000014   Data           4  stm32f1xx_hal.o(.data)
    uwTick                                   0x20000018   Data           4  stm32f1xx_hal.o(.data)
    SystemCoreClock                          0x2000001c   Data           4  system_stm32f1xx.o(.data)
    stockpile_quick_cali                     0x20000058   Data          16  stockpile_f103cb.o(.data)
    stockpile_data                           0x20000068   Data          16  stockpile_f103cb.o(.data)
    g_motion_config                          0x200000b0   Data           4  motion_planner.o(.data)
    g_go_current                             0x200000c0   Data           4  motion_planner.o(.data)
    g_go_velocity                            0x200000d0   Data           4  motion_planner.o(.data)
    g_go_location                            0x200000f4   Data           4  motion_planner.o(.data)
    g_go_location_velocity                   0x200000f8   Data           4  motion_planner.o(.data)
    g_interp_go_position                     0x20000110   Data           4  motion_planner.o(.data)
    g_interp_go_velocity                     0x20000114   Data           4  motion_planner.o(.data)
    g_traj_go_position                       0x20000140   Data           4  motion_planner.o(.data)
    g_traj_go_velocity                       0x20000144   Data           4  motion_planner.o(.data)
    __stdout                                 0x200001a0   Data           4  stdout.o(.data)
    boardConfig                              0x200001a4   Data          64  main.o(.bss)
    hadc1                                    0x2000025c   Data          48  adc.o(.bss)
    hdma_adc1                                0x2000028c   Data          68  adc.o(.bss)
    hcan                                     0x200002d0   Data          40  can.o(.bss)
    hspi1                                    0x200002f8   Data          88  spi.o(.bss)
    htim1                                    0x20000350   Data          72  tim.o(.bss)
    htim2                                    0x20000398   Data          72  tim.o(.bss)
    htim4                                    0x200003e0   Data          72  tim.o(.bss)
    rx_buffer                                0x20000428   Data         256  usart.o(.bss)
    huart1                                   0x20000528   Data          68  usart.o(.bss)
    hdma_usart1_tx                           0x2000056c   Data          68  usart.o(.bss)
    hdma_usart1_rx                           0x200005b0   Data          68  usart.o(.bss)
    pFlash                                   0x200005f8   Data          32  stm32f1xx_hal_flash.o(.bss)
    __initial_sp                             0x20000d68   Data           0  startup_stm32f103xb.o(STACK)



==============================================================================

Memory Map of the image

  Image Entry point : 0x080000ed

  Load Region LR_IROM1 (Base: 0x08000000, Size: 0x00007018, Max: 0x00020000, ABSOLUTE, COMPRESSED[0x00006ea4])

    Execution Region ER_IROM1 (Exec base: 0x08000000, Load base: 0x08000000, Size: 0x00006e74, Max: 0x00020000, ABSOLUTE)

    Exec Addr    Load Addr    Size         Type   Attr      Idx    E Section Name        Object

    0x08000000   0x08000000   0x000000ec   Data   RO            3    RESET               startup_stm32f103xb.o
    0x080000ec   0x080000ec   0x00000000   Code   RO         4722  * .ARM.Collect$$$$00000000  mc_w.l(entry.o)
    0x080000ec   0x080000ec   0x00000004   Code   RO         5008    .ARM.Collect$$$$00000001  mc_w.l(entry2.o)
    0x080000f0   0x080000f0   0x00000004   Code   RO         5011    .ARM.Collect$$$$00000004  mc_w.l(entry5.o)
    0x080000f4   0x080000f4   0x00000000   Code   RO         5013    .ARM.Collect$$$$00000008  mc_w.l(entry7b.o)
    0x080000f4   0x080000f4   0x00000000   Code   RO         5015    .ARM.Collect$$$$0000000A  mc_w.l(entry8b.o)
    0x080000f4   0x080000f4   0x00000008   Code   RO         5016    .ARM.Collect$$$$0000000B  mc_w.l(entry9a.o)
    0x080000fc   0x080000fc   0x00000004   Code   RO         5023    .ARM.Collect$$$$0000000E  mc_w.l(entry12b.o)
    0x08000100   0x08000100   0x00000000   Code   RO         5018    .ARM.Collect$$$$0000000F  mc_w.l(entry10a.o)
    0x08000100   0x08000100   0x00000000   Code   RO         5020    .ARM.Collect$$$$00000011  mc_w.l(entry11a.o)
    0x08000100   0x08000100   0x00000004   Code   RO         5009    .ARM.Collect$$$$00002712  mc_w.l(entry2.o)
    0x08000104   0x08000104   0x00000024   Code   RO            4    .text               startup_stm32f103xb.o
    0x08000128   0x08000128   0x00000020   Code   RO         4725    .text               mc_w.l(llushr.o)
    0x08000148   0x08000148   0x00000024   Code   RO         4727    .text               mc_w.l(memseta.o)
    0x0800016c   0x0800016c   0x0000000e   Code   RO         4729    .text               mc_w.l(strlen.o)
    0x0800017a   0x0800017a   0x00000002   PAD
    0x0800017c   0x0800017c   0x00000038   Code   RO         4992    .text               mc_w.l(__0sscanf.o)
    0x080001b4   0x080001b4   0x00000360   Code   RO         4994    .text               mc_w.l(scanf_fp.o)
    0x08000514   0x08000514   0x00000064   Code   RO         4998    .text               mf_w.l(fmul.o)
    0x08000578   0x08000578   0x0000007c   Code   RO         5000    .text               mf_w.l(fdiv.o)
    0x080005f4   0x080005f4   0x00000012   Code   RO         5002    .text               mf_w.l(fflti.o)
    0x08000606   0x08000606   0x00000032   Code   RO         5004    .text               mf_w.l(ffixi.o)
    0x08000638   0x08000638   0x00000026   Code   RO         5006    .text               mf_w.l(f2d.o)
    0x0800065e   0x0800065e   0x0000002c   Code   RO         5025    .text               mc_w.l(uidiv.o)
    0x0800068a   0x0800068a   0x00000062   Code   RO         5027    .text               mc_w.l(uldiv.o)
    0x080006ec   0x080006ec   0x00000028   Code   RO         5029    .text               mc_w.l(scanf_char.o)
    0x08000714   0x08000714   0x00000040   Code   RO         5031    .text               mc_w.l(_sgetc.o)
    0x08000754   0x08000754   0x00000000   Code   RO         5033    .text               mc_w.l(iusefp.o)
    0x08000754   0x08000754   0x0000006e   Code   RO         5034    .text               mf_w.l(fepilogue.o)
    0x080007c2   0x080007c2   0x0000014e   Code   RO         5036    .text               mf_w.l(dadd.o)
    0x08000910   0x08000910   0x000000e4   Code   RO         5038    .text               mf_w.l(dmul.o)
    0x080009f4   0x080009f4   0x000000de   Code   RO         5040    .text               mf_w.l(ddiv.o)
    0x08000ad2   0x08000ad2   0x00000018   Code   RO         5042    .text               mf_w.l(dfltul.o)
    0x08000aea   0x08000aea   0x00000030   Code   RO         5044    .text               mf_w.l(dfixul.o)
    0x08000b1a   0x08000b1a   0x00000002   PAD
    0x08000b1c   0x08000b1c   0x00000030   Code   RO         5046    .text               mf_w.l(cdrcmple.o)
    0x08000b4c   0x08000b4c   0x00000038   Code   RO         5048    .text               mf_w.l(d2f.o)
    0x08000b84   0x08000b84   0x00000024   Code   RO         5050    .text               mc_w.l(init.o)
    0x08000ba8   0x08000ba8   0x0000001e   Code   RO         5052    .text               mc_w.l(llshl.o)
    0x08000bc6   0x08000bc6   0x00000024   Code   RO         5054    .text               mc_w.l(llsshr.o)
    0x08000bea   0x08000bea   0x0000000a   Code   RO         5056    .text               mc_w.l(isspace_c.o)
    0x08000bf4   0x08000bf4   0x00000330   Code   RO         5058    .text               mc_w.l(_scanf.o)
    0x08000f24   0x08000f24   0x000000ba   Code   RO         5060    .text               mf_w.l(depilogue.o)
    0x08000fde   0x08000fde   0x00000002   PAD
    0x08000fe0   0x08000fe0   0x00000028   Code   RO         5062    .text               mc_w.l(ctype_c.o)
    0x08001008   0x08001008   0x0000003a   Code   RO         5073    .text               mc_w.l(__dczerorl.o)
    0x08001042   0x08001042   0x00000002   PAD
    0x08001044   0x08001044   0x00000056   Code   RO          761    i.ADC_ConversionStop_Disable  stm32f1xx_hal_adc.o
    0x0800109a   0x0800109a   0x00000002   Code   RO          559    i.BusFault_Handler  stm32f1xx_it.o
    0x0800109c   0x0800109c   0x0000001c   Code   RO         3973    i.Button_GetClick   button.o
    0x080010b8   0x080010b8   0x0000001c   Code   RO         3974    i.Button_GetLong    button.o
    0x080010d4   0x080010d4   0x00000044   Code   RO         3975    i.Button_Init       button.o
    0x08001118   0x08001118   0x00000028   Code   RO         3976    i.Button_IsPressed  button.o
    0x08001140   0x08001140   0x00000090   Code   RO         3977    i.Button_Tick       button.o
    0x080011d0   0x080011d0   0x0000000c   Code   RO          560    i.CAN1_RX1_IRQHandler  stm32f1xx_it.o
    0x080011dc   0x080011dc   0x0000000c   Code   RO          561    i.CAN1_SCE_IRQHandler  stm32f1xx_it.o
    0x080011e8   0x080011e8   0x00000028   Code   RO         4368    i.CalcCurrentIntegral  motion_planner.o
    0x08001210   0x08001210   0x00000024   Code   RO         4536    i.CalcCurrentToOutput  motor.o
    0x08001234   0x08001234   0x00000098   Code   RO         4537    i.CalcDceToOutput   motor.o
    0x080012cc   0x080012cc   0x00000080   Code   RO         4538    i.CalcPidToOutput   motor.o
    0x0800134c   0x0800134c   0x00000028   Code   RO         4369    i.CalcPositionVelocityIntegral  motion_planner.o
    0x08001374   0x08001374   0x00000028   Code   RO         4370    i.CalcTrajVelocityIntegral  motion_planner.o
    0x0800139c   0x0800139c   0x00000028   Code   RO         4371    i.CalcVelocityIntegral  motion_planner.o
    0x080013c4   0x080013c4   0x0000024c   Code   RO         4277    i.CheckData         encoder_calibrator.o
    0x08001610   0x08001610   0x00000018   Code   RO         4539    i.ClearIntegral     motor.o
    0x08001628   0x08001628   0x000000a8   Code   RO         4540    i.CompensateAdvancedAngle  motor.o
    0x080016d0   0x080016d0   0x00000068   Code   RO         4372    i.CurrentTracker_CalcSoftGoal  motion_planner.o
    0x08001738   0x08001738   0x00000010   Code   RO         4373    i.CurrentTracker_Init  motion_planner.o
    0x08001748   0x08001748   0x00000010   Code   RO         4374    i.CurrentTracker_NewTask  motion_planner.o
    0x08001758   0x08001758   0x00000044   Code   RO         4278    i.CycleDataAvg      encoder_calibrator.o
    0x0800179c   0x0800179c   0x0000000c   Code   RO         4279    i.CycleMod          encoder_calibrator.o
    0x080017a8   0x080017a8   0x00000016   Code   RO         4280    i.CycleSub          encoder_calibrator.o
    0x080017be   0x080017be   0x00000002   PAD
    0x080017c0   0x080017c0   0x0000000c   Code   RO          562    i.DMA1_Channel1_IRQHandler  stm32f1xx_it.o
    0x080017cc   0x080017cc   0x0000000c   Code   RO          563    i.DMA1_Channel4_IRQHandler  stm32f1xx_it.o
    0x080017d8   0x080017d8   0x0000000c   Code   RO          564    i.DMA1_Channel5_IRQHandler  stm32f1xx_it.o
    0x080017e4   0x080017e4   0x0000002a   Code   RO         1415    i.DMA_SetConfig     stm32f1xx_hal_dma.o
    0x0800180e   0x0800180e   0x00000002   Code   RO          565    i.DebugMon_Handler  stm32f1xx_it.o
    0x08001810   0x08001810   0x00000024   Code   RO         4166    i.EEPROM_Read       eeprom.o
    0x08001834   0x08001834   0x00000058   Code   RO         4167    i.EEPROM_Write      eeprom.o
    0x0800188c   0x0800188c   0x00000020   Code   RO         4282    i.EncoderCalibrator_Init  encoder_calibrator.o
    0x080018ac   0x080018ac   0x0000000c   Code   RO         4283    i.EncoderCalibrator_IsCalibrated  encoder_calibrator.o
    0x080018b8   0x080018b8   0x0000000c   Code   RO         4284    i.EncoderCalibrator_IsTriggered  encoder_calibrator.o
    0x080018c4   0x080018c4   0x0000018c   Code   RO         4285    i.EncoderCalibrator_Tick20kHz  encoder_calibrator.o
    0x08001a50   0x08001a50   0x00000094   Code   RO         4286    i.EncoderCalibrator_TickMainLoop  encoder_calibrator.o
    0x08001ae4   0x08001ae4   0x00000020   Code   RO         4287    i.EncoderCalibrator_Trigger  encoder_calibrator.o
    0x08001b04   0x08001b04   0x00000004   Code   RO           13    i.Error_Handler     main.o
    0x08001b08   0x08001b08   0x00000024   Code   RO         1855    i.FLASH_MassErase   stm32f1xx_hal_flash_ex.o
    0x08001b2c   0x08001b2c   0x00000024   Code   RO         1860    i.FLASH_PageErase   stm32f1xx_hal_flash_ex.o
    0x08001b50   0x08001b50   0x0000001c   Code   RO         1752    i.FLASH_Program_HalfWord  stm32f1xx_hal_flash.o
    0x08001b6c   0x08001b6c   0x0000005c   Code   RO         1753    i.FLASH_SetErrorCode  stm32f1xx_hal_flash.o
    0x08001bc8   0x08001bc8   0x00000054   Code   RO         1754    i.FLASH_WaitForLastOperation  stm32f1xx_hal_flash.o
    0x08001c1c   0x08001c1c   0x0000019c   Code   RO         4288    i.GenerateTable     encoder_calibrator.o
    0x08001db8   0x08001db8   0x000000fc   Code   RO          767    i.HAL_ADC_ConfigChannel  stm32f1xx_hal_adc.o
    0x08001eb4   0x08001eb4   0x0000011c   Code   RO          776    i.HAL_ADC_Init      stm32f1xx_hal_adc.o
    0x08001fd0   0x08001fd0   0x00000094   Code   RO          269    i.HAL_ADC_MspInit   adc.o
    0x08002064   0x08002064   0x00000002   Code   RO         2018    i.HAL_CAN_ErrorCallback  stm32f1xx_hal_can.o
    0x08002066   0x08002066   0x000001fc   Code   RO         2025    i.HAL_CAN_IRQHandler  stm32f1xx_hal_can.o
    0x08002262   0x08002262   0x0000011a   Code   RO         2026    i.HAL_CAN_Init      stm32f1xx_hal_can.o
    0x0800237c   0x0800237c   0x000000c4   Code   RO          311    i.HAL_CAN_MspInit   can.o
    0x08002440   0x08002440   0x00000002   Code   RO         2033    i.HAL_CAN_RxFifo0FullCallback  stm32f1xx_hal_can.o
    0x08002442   0x08002442   0x00000002   Code   RO         2034    i.HAL_CAN_RxFifo0MsgPendingCallback  stm32f1xx_hal_can.o
    0x08002444   0x08002444   0x00000002   Code   RO         2035    i.HAL_CAN_RxFifo1FullCallback  stm32f1xx_hal_can.o
    0x08002446   0x08002446   0x00000002   Code   RO         2036    i.HAL_CAN_RxFifo1MsgPendingCallback  stm32f1xx_hal_can.o
    0x08002448   0x08002448   0x00000002   Code   RO         2037    i.HAL_CAN_SleepCallback  stm32f1xx_hal_can.o
    0x0800244a   0x0800244a   0x00000002   Code   RO         2040    i.HAL_CAN_TxMailbox0AbortCallback  stm32f1xx_hal_can.o
    0x0800244c   0x0800244c   0x00000002   Code   RO         2041    i.HAL_CAN_TxMailbox0CompleteCallback  stm32f1xx_hal_can.o
    0x0800244e   0x0800244e   0x00000002   Code   RO         2042    i.HAL_CAN_TxMailbox1AbortCallback  stm32f1xx_hal_can.o
    0x08002450   0x08002450   0x00000002   Code   RO         2043    i.HAL_CAN_TxMailbox1CompleteCallback  stm32f1xx_hal_can.o
    0x08002452   0x08002452   0x00000002   Code   RO         2044    i.HAL_CAN_TxMailbox2AbortCallback  stm32f1xx_hal_can.o
    0x08002454   0x08002454   0x00000002   Code   RO         2045    i.HAL_CAN_TxMailbox2CompleteCallback  stm32f1xx_hal_can.o
    0x08002456   0x08002456   0x00000002   Code   RO         2047    i.HAL_CAN_WakeUpFromRxMsgCallback  stm32f1xx_hal_can.o
    0x08002458   0x08002458   0x00000046   Code   RO         1416    i.HAL_DMA_Abort     stm32f1xx_hal_dma.o
    0x0800249e   0x0800249e   0x00000002   PAD
    0x080024a0   0x080024a0   0x00000098   Code   RO         1417    i.HAL_DMA_Abort_IT  stm32f1xx_hal_dma.o
    0x08002538   0x08002538   0x00000154   Code   RO         1421    i.HAL_DMA_IRQHandler  stm32f1xx_hal_dma.o
    0x0800268c   0x0800268c   0x0000005c   Code   RO         1422    i.HAL_DMA_Init      stm32f1xx_hal_dma.o
    0x080026e8   0x080026e8   0x00000070   Code   RO         1426    i.HAL_DMA_Start_IT  stm32f1xx_hal_dma.o
    0x08002758   0x08002758   0x00000024   Code   RO         1044    i.HAL_Delay         stm32f1xx_hal.o
    0x0800277c   0x0800277c   0x000000a8   Code   RO         1861    i.HAL_FLASHEx_Erase  stm32f1xx_hal_flash_ex.o
    0x08002824   0x08002824   0x00000014   Code   RO         1758    i.HAL_FLASH_Lock    stm32f1xx_hal_flash.o
    0x08002838   0x08002838   0x00000080   Code   RO         1763    i.HAL_FLASH_Program  stm32f1xx_hal_flash.o
    0x080028b8   0x080028b8   0x00000028   Code   RO         1765    i.HAL_FLASH_Unlock  stm32f1xx_hal_flash.o
    0x080028e0   0x080028e0   0x000001e0   Code   RO         1352    i.HAL_GPIO_Init     stm32f1xx_hal_gpio.o
    0x08002ac0   0x08002ac0   0x0000000a   Code   RO         1354    i.HAL_GPIO_ReadPin  stm32f1xx_hal_gpio.o
    0x08002aca   0x08002aca   0x0000000a   Code   RO         1356    i.HAL_GPIO_WritePin  stm32f1xx_hal_gpio.o
    0x08002ad4   0x08002ad4   0x0000000c   Code   RO         1048    i.HAL_GetTick       stm32f1xx_hal.o
    0x08002ae0   0x08002ae0   0x00000010   Code   RO         1054    i.HAL_IncTick       stm32f1xx_hal.o
    0x08002af0   0x08002af0   0x00000024   Code   RO         1055    i.HAL_Init          stm32f1xx_hal.o
    0x08002b14   0x08002b14   0x00000040   Code   RO         1056    i.HAL_InitTick      stm32f1xx_hal.o
    0x08002b54   0x08002b54   0x0000003c   Code   RO          701    i.HAL_MspInit       stm32f1xx_hal_msp.o
    0x08002b90   0x08002b90   0x0000001a   Code   RO         1512    i.HAL_NVIC_EnableIRQ  stm32f1xx_hal_cortex.o
    0x08002baa   0x08002baa   0x00000002   PAD
    0x08002bac   0x08002bac   0x00000040   Code   RO         1518    i.HAL_NVIC_SetPriority  stm32f1xx_hal_cortex.o
    0x08002bec   0x08002bec   0x00000024   Code   RO         1519    i.HAL_NVIC_SetPriorityGrouping  stm32f1xx_hal_cortex.o
    0x08002c10   0x08002c10   0x00000024   Code   RO         1520    i.HAL_NVIC_SystemReset  stm32f1xx_hal_cortex.o
    0x08002c34   0x08002c34   0x000000ec   Code   RO         1315    i.HAL_RCCEx_PeriphCLKConfig  stm32f1xx_hal_rcc_ex.o
    0x08002d20   0x08002d20   0x0000012c   Code   RO         1212    i.HAL_RCC_ClockConfig  stm32f1xx_hal_rcc.o
    0x08002e4c   0x08002e4c   0x00000020   Code   RO         1219    i.HAL_RCC_GetPCLK1Freq  stm32f1xx_hal_rcc.o
    0x08002e6c   0x08002e6c   0x00000020   Code   RO         1220    i.HAL_RCC_GetPCLK2Freq  stm32f1xx_hal_rcc.o
    0x08002e8c   0x08002e8c   0x00000074   Code   RO         1221    i.HAL_RCC_GetSysClockFreq  stm32f1xx_hal_rcc.o
    0x08002f00   0x08002f00   0x00000320   Code   RO         1224    i.HAL_RCC_OscConfig  stm32f1xx_hal_rcc.o
    0x08003220   0x08003220   0x000000b2   Code   RO         2257    i.HAL_SPI_Init      stm32f1xx_hal_spi.o
    0x080032d2   0x080032d2   0x00000002   PAD
    0x080032d4   0x080032d4   0x00000080   Code   RO          379    i.HAL_SPI_MspInit   spi.o
    0x08003354   0x08003354   0x000001e2   Code   RO         2266    i.HAL_SPI_TransmitReceive  stm32f1xx_hal_spi.o
    0x08003536   0x08003536   0x00000028   Code   RO         1523    i.HAL_SYSTICK_Config  stm32f1xx_hal_cortex.o
    0x0800355e   0x0800355e   0x00000002   Code   RO         3274    i.HAL_TIMEx_BreakCallback  stm32f1xx_hal_tim_ex.o
    0x08003560   0x08003560   0x00000002   Code   RO         3275    i.HAL_TIMEx_CommutCallback  stm32f1xx_hal_tim_ex.o
    0x08003562   0x08003562   0x00000002   PAD
    0x08003564   0x08003564   0x00000068   Code   RO         3293    i.HAL_TIMEx_MasterConfigSynchronization  stm32f1xx_hal_tim_ex.o
    0x080035cc   0x080035cc   0x0000005a   Code   RO         2570    i.HAL_TIM_Base_Init  stm32f1xx_hal_tim.o
    0x08003626   0x08003626   0x00000002   PAD
    0x08003628   0x08003628   0x00000064   Code   RO          421    i.HAL_TIM_Base_MspInit  tim.o
    0x0800368c   0x0800368c   0x00000058   Code   RO         2575    i.HAL_TIM_Base_Start_IT  stm32f1xx_hal_tim.o
    0x080036e4   0x080036e4   0x000000d6   Code   RO         2579    i.HAL_TIM_ConfigClockSource  stm32f1xx_hal_tim.o
    0x080037ba   0x080037ba   0x00000002   Code   RO         2604    i.HAL_TIM_IC_CaptureCallback  stm32f1xx_hal_tim.o
    0x080037bc   0x080037bc   0x00000166   Code   RO         2618    i.HAL_TIM_IRQHandler  stm32f1xx_hal_tim.o
    0x08003922   0x08003922   0x00000002   PAD
    0x08003924   0x08003924   0x00000060   Code   RO          422    i.HAL_TIM_MspPostInit  tim.o
    0x08003984   0x08003984   0x00000002   Code   RO         2621    i.HAL_TIM_OC_DelayElapsedCallback  stm32f1xx_hal_tim.o
    0x08003986   0x08003986   0x000000c6   Code   RO         2642    i.HAL_TIM_PWM_ConfigChannel  stm32f1xx_hal_tim.o
    0x08003a4c   0x08003a4c   0x0000005a   Code   RO         2645    i.HAL_TIM_PWM_Init  stm32f1xx_hal_tim.o
    0x08003aa6   0x08003aa6   0x00000002   PAD
    0x08003aa8   0x08003aa8   0x00000024   Code   RO          424    i.HAL_TIM_PWM_MspInit  tim.o
    0x08003acc   0x08003acc   0x00000002   Code   RO         2648    i.HAL_TIM_PWM_PulseFinishedCallback  stm32f1xx_hal_tim.o
    0x08003ace   0x08003ace   0x00000002   PAD
    0x08003ad0   0x08003ad0   0x0000009c   Code   RO         2650    i.HAL_TIM_PWM_Start  stm32f1xx_hal_tim.o
    0x08003b6c   0x08003b6c   0x00000020   Code   RO           14    i.HAL_TIM_PeriodElapsedCallback  main.o
    0x08003b8c   0x08003b8c   0x00000002   Code   RO         2661    i.HAL_TIM_TriggerCallback  stm32f1xx_hal_tim.o
    0x08003b8e   0x08003b8e   0x00000002   Code   RO         3552    i.HAL_UARTEx_RxEventCallback  stm32f1xx_hal_uart.o
    0x08003b90   0x08003b90   0x00000058   Code   RO         3564    i.HAL_UART_DMAStop  stm32f1xx_hal_uart.o
    0x08003be8   0x08003be8   0x00000002   Code   RO         3566    i.HAL_UART_ErrorCallback  stm32f1xx_hal_uart.o
    0x08003bea   0x08003bea   0x00000002   PAD
    0x08003bec   0x08003bec   0x0000020c   Code   RO         3569    i.HAL_UART_IRQHandler  stm32f1xx_hal_uart.o
    0x08003df8   0x08003df8   0x00000062   Code   RO         3570    i.HAL_UART_Init     stm32f1xx_hal_uart.o
    0x08003e5a   0x08003e5a   0x00000002   PAD
    0x08003e5c   0x08003e5c   0x000000f0   Code   RO          493    i.HAL_UART_MspInit  usart.o
    0x08003f4c   0x08003f4c   0x0000002a   Code   RO         3574    i.HAL_UART_Receive_DMA  stm32f1xx_hal_uart.o
    0x08003f76   0x08003f76   0x00000002   Code   RO         3576    i.HAL_UART_RxCpltCallback  stm32f1xx_hal_uart.o
    0x08003f78   0x08003f78   0x00000002   Code   RO         3577    i.HAL_UART_RxHalfCpltCallback  stm32f1xx_hal_uart.o
    0x08003f7a   0x08003f7a   0x00000002   PAD
    0x08003f7c   0x08003f7c   0x000000b2   Code   RO         3578    i.HAL_UART_Transmit  stm32f1xx_hal_uart.o
    0x0800402e   0x0800402e   0x00000002   PAD
    0x08004030   0x08004030   0x00000080   Code   RO         3579    i.HAL_UART_Transmit_DMA  stm32f1xx_hal_uart.o
    0x080040b0   0x080040b0   0x0000000c   Code   RO          566    i.HAL_UART_TxCpltCallback  stm32f1xx_it.o
    0x080040bc   0x080040bc   0x00000002   Code   RO         3582    i.HAL_UART_TxHalfCpltCallback  stm32f1xx_hal_uart.o
    0x080040be   0x080040be   0x00000002   Code   RO          567    i.HardFault_Handler  stm32f1xx_it.o
    0x080040c0   0x080040c0   0x00000034   Code   RO         3936    i.LED_Init          led.o
    0x080040f4   0x080040f4   0x0000002c   Code   RO         3937    i.LED_SetState      led.o
    0x08004120   0x08004120   0x00000178   Code   RO         3938    i.LED_Tick          led.o
    0x08004298   0x08004298   0x0000000c   Code   RO         4029    i.MT6816_GetRawAngle  mt6816.o
    0x080042a4   0x080042a4   0x0000000c   Code   RO         4030    i.MT6816_GetRectifiedAngle  mt6816.o
    0x080042b0   0x080042b0   0x0000000c   Code   RO         4033    i.MT6816_SetCalibrationData  mt6816.o
    0x080042bc   0x080042bc   0x00000040   Code   RO         4034    i.MT6816_SpiTransmitAndRead16Bits  mt6816.o
    0x080042fc   0x080042fc   0x00000098   Code   RO         4036    i.MT6816_UpdateAngle  mt6816.o
    0x08004394   0x08004394   0x00000050   Code   RO          270    i.MX_ADC1_Init      adc.o
    0x080043e4   0x080043e4   0x00000048   Code   RO          312    i.MX_CAN_Init       can.o
    0x0800442c   0x0800442c   0x0000004c   Code   RO          354    i.MX_DMA_Init       dma.o
    0x08004478   0x08004478   0x00000084   Code   RO          244    i.MX_GPIO_Init      gpio.o
    0x080044fc   0x080044fc   0x0000004c   Code   RO          380    i.MX_SPI1_Init      spi.o
    0x08004548   0x08004548   0x0000006c   Code   RO          425    i.MX_TIM1_Init      tim.o
    0x080045b4   0x080045b4   0x0000007c   Code   RO          426    i.MX_TIM2_Init      tim.o
    0x08004630   0x08004630   0x00000068   Code   RO          427    i.MX_TIM4_Init      tim.o
    0x08004698   0x08004698   0x00000060   Code   RO          494    i.MX_USART1_UART_Init  usart.o
    0x080046f8   0x080046f8   0x00000002   Code   RO          568    i.MemManage_Handler  stm32f1xx_it.o
    0x080046fa   0x080046fa   0x00000002   PAD
    0x080046fc   0x080046fc   0x00000010   Code   RO         4541    i.Motor_ClearStallFlag  motor.o
    0x0800470c   0x0800470c   0x0000001c   Code   RO         4542    i.Motor_GetCurrent  motor.o
    0x08004728   0x08004728   0x0000000c   Code   RO         4543    i.Motor_GetMode     motor.o
    0x08004734   0x08004734   0x0000002c   Code   RO         4544    i.Motor_GetPosition  motor.o
    0x08004760   0x08004760   0x0000000c   Code   RO         4545    i.Motor_GetState    motor.o
    0x0800476c   0x0800476c   0x0000001c   Code   RO         4547    i.Motor_GetVelocity  motor.o
    0x08004788   0x08004788   0x00000040   Code   RO         4548    i.Motor_Init        motor.o
    0x080047c8   0x080047c8   0x0000000c   Code   RO         4551    i.Motor_SetConfig   motor.o
    0x080047d4   0x080047d4   0x0000001c   Code   RO         4552    i.Motor_SetCurrent  motor.o
    0x080047f0   0x080047f0   0x0000000c   Code   RO         4554    i.Motor_SetMode     motor.o
    0x080047fc   0x080047fc   0x00000010   Code   RO         4555    i.Motor_SetPosition  motor.o
    0x0800480c   0x0800480c   0x00000018   Code   RO         4556    i.Motor_SetVelocity  motor.o
    0x08004824   0x08004824   0x000002ac   Code   RO         4557    i.Motor_Tick20kHz   motor.o
    0x08004ad0   0x08004ad0   0x00000028   Code   RO         4559    i.Motor_ZeroPosition  motor.o
    0x08004af8   0x08004af8   0x00000002   Code   RO          569    i.NMI_Handler       stm32f1xx_it.o
    0x08004afa   0x08004afa   0x00000002   Code   RO          570    i.PendSV_Handler    stm32f1xx_it.o
    0x08004afc   0x08004afc   0x00000002   Code   RO         4377    i.PositionInterpolator_Init  motion_planner.o
    0x08004afe   0x08004afe   0x00000002   PAD
    0x08004b00   0x08004b00   0x00000154   Code   RO         4379    i.PositionTracker_CalcSoftGoal  motion_planner.o
    0x08004c54   0x08004c54   0x00000020   Code   RO         4380    i.PositionTracker_Init  motion_planner.o
    0x08004c74   0x08004c74   0x00000014   Code   RO         4381    i.PositionTracker_NewTask  motion_planner.o
    0x08004c88   0x08004c88   0x00000020   Code   RO         4382    i.PositionTracker_SetVelocityAcc  motion_planner.o
    0x08004ca8   0x08004ca8   0x0000002c   Code   RO         3978    i.ReadPin           button.o
    0x08004cd4   0x08004cd4   0x00000020   Code   RO         2295    i.SPI_EndRxTxTransaction  stm32f1xx_hal_spi.o
    0x08004cf4   0x08004cf4   0x000000b8   Code   RO         2300    i.SPI_WaitFlagStateUntilTimeout  stm32f1xx_hal_spi.o
    0x08004dac   0x08004dac   0x00000002   Code   RO          571    i.SVC_Handler       stm32f1xx_it.o
    0x08004dae   0x08004dae   0x0000000e   Code   RO         4096    i.Stockpile_Flash_Data_Begin  stockpile_f103cb.o
    0x08004dbc   0x08004dbc   0x00000054   Code   RO         4097    i.Stockpile_Flash_Data_Empty  stockpile_f103cb.o
    0x08004e10   0x08004e10   0x00000004   Code   RO         4098    i.Stockpile_Flash_Data_End  stockpile_f103cb.o
    0x08004e14   0x08004e14   0x00000012   Code   RO         4099    i.Stockpile_Flash_Data_Set_Write_Add  stockpile_f103cb.o
    0x08004e26   0x08004e26   0x00000002   PAD
    0x08004e28   0x08004e28   0x00000044   Code   RO         4100    i.Stockpile_Flash_Data_Write_Data16  stockpile_f103cb.o
    0x08004e6c   0x08004e6c   0x00000004   Code   RO          572    i.SysTick_Handler   stm32f1xx_it.o
    0x08004e70   0x08004e70   0x00000076   Code   RO           15    i.SystemClock_Config  main.o
    0x08004ee6   0x08004ee6   0x00000002   Code   RO         3899    i.SystemInit        system_stm32f1xx.o
    0x08004ee8   0x08004ee8   0x0000001e   Code   RO         4220    i.TB67H450_Brake    tb67h450.o
    0x08004f06   0x08004f06   0x00000002   PAD
    0x08004f08   0x08004f08   0x000000a8   Code   RO         4221    i.TB67H450_SetFocCurrentVector  tb67h450.o
    0x08004fb0   0x08004fb0   0x00000030   Code   RO         4222    i.TB67H450_SetInputA  tb67h450.o
    0x08004fe0   0x08004fe0   0x00000030   Code   RO         4223    i.TB67H450_SetInputB  tb67h450.o
    0x08005010   0x08005010   0x00000014   Code   RO         4224    i.TB67H450_SetTwoCoilsCurrent  tb67h450.o
    0x08005024   0x08005024   0x0000001e   Code   RO         4225    i.TB67H450_Sleep    tb67h450.o
    0x08005042   0x08005042   0x00000002   PAD
    0x08005044   0x08005044   0x0000000c   Code   RO          573    i.TIM1_UP_IRQHandler  stm32f1xx_it.o
    0x08005050   0x08005050   0x0000000c   Code   RO          574    i.TIM4_IRQHandler   stm32f1xx_it.o
    0x0800505c   0x0800505c   0x0000006c   Code   RO         2663    i.TIM_Base_SetConfig  stm32f1xx_hal_tim.o
    0x080050c8   0x080050c8   0x0000001a   Code   RO         2664    i.TIM_CCxChannelCmd  stm32f1xx_hal_tim.o
    0x080050e2   0x080050e2   0x00000014   Code   RO         2674    i.TIM_ETR_SetConfig  stm32f1xx_hal_tim.o
    0x080050f6   0x080050f6   0x00000010   Code   RO         2675    i.TIM_ITRx_SetConfig  stm32f1xx_hal_tim.o
    0x08005106   0x08005106   0x00000002   PAD
    0x08005108   0x08005108   0x00000050   Code   RO         2676    i.TIM_OC1_SetConfig  stm32f1xx_hal_tim.o
    0x08005158   0x08005158   0x00000058   Code   RO         2677    i.TIM_OC2_SetConfig  stm32f1xx_hal_tim.o
    0x080051b0   0x080051b0   0x00000058   Code   RO         2678    i.TIM_OC3_SetConfig  stm32f1xx_hal_tim.o
    0x08005208   0x08005208   0x00000044   Code   RO         2679    i.TIM_OC4_SetConfig  stm32f1xx_hal_tim.o
    0x0800524c   0x0800524c   0x00000022   Code   RO         2681    i.TIM_TI1_ConfigInputStage  stm32f1xx_hal_tim.o
    0x0800526e   0x0800526e   0x00000024   Code   RO         2683    i.TIM_TI2_ConfigInputStage  stm32f1xx_hal_tim.o
    0x08005292   0x08005292   0x00000002   PAD
    0x08005294   0x08005294   0x00000174   Code   RO           16    i.Tim1Callback100Hz  main.o
    0x08005408   0x08005408   0x00000028   Code   RO           17    i.Tim4Callback20kHz  main.o
    0x08005430   0x08005430   0x000000d8   Code   RO         4383    i.TrajectoryTracker_CalcSoftGoal  motion_planner.o
    0x08005508   0x08005508   0x00000010   Code   RO         4384    i.TrajectoryTracker_Init  motion_planner.o
    0x08005518   0x08005518   0x00000018   Code   RO         4385    i.TrajectoryTracker_NewTask  motion_planner.o
    0x08005530   0x08005530   0x00000010   Code   RO         3583    i.UART_DMAAbortOnError  stm32f1xx_hal_uart.o
    0x08005540   0x08005540   0x0000004a   Code   RO         3584    i.UART_DMAError     stm32f1xx_hal_uart.o
    0x0800558a   0x0800558a   0x0000005a   Code   RO         3585    i.UART_DMAReceiveCplt  stm32f1xx_hal_uart.o
    0x080055e4   0x080055e4   0x0000001a   Code   RO         3587    i.UART_DMARxHalfCplt  stm32f1xx_hal_uart.o
    0x080055fe   0x080055fe   0x0000002e   Code   RO         3589    i.UART_DMATransmitCplt  stm32f1xx_hal_uart.o
    0x0800562c   0x0800562c   0x0000000a   Code   RO         3591    i.UART_DMATxHalfCplt  stm32f1xx_hal_uart.o
    0x08005636   0x08005636   0x00000030   Code   RO         3593    i.UART_EndRxTransfer  stm32f1xx_hal_uart.o
    0x08005666   0x08005666   0x00000012   Code   RO         3594    i.UART_EndTxTransfer  stm32f1xx_hal_uart.o
    0x08005678   0x08005678   0x000000b6   Code   RO         3595    i.UART_Receive_IT   stm32f1xx_hal_uart.o
    0x0800572e   0x0800572e   0x00000002   PAD
    0x08005730   0x08005730   0x000000b8   Code   RO         3596    i.UART_SetConfig    stm32f1xx_hal_uart.o
    0x080057e8   0x080057e8   0x00000070   Code   RO         3597    i.UART_Start_Receive_DMA  stm32f1xx_hal_uart.o
    0x08005858   0x08005858   0x00000064   Code   RO         3599    i.UART_WaitOnFlagUntilTimeout  stm32f1xx_hal_uart.o
    0x080058bc   0x080058bc   0x0000006c   Code   RO          575    i.USART1_IRQHandler  stm32f1xx_it.o
    0x08005928   0x08005928   0x0000000c   Code   RO          576    i.USB_HP_CAN1_TX_IRQHandler  stm32f1xx_it.o
    0x08005934   0x08005934   0x0000000c   Code   RO          577    i.USB_LP_CAN1_RX0_IRQHandler  stm32f1xx_it.o
    0x08005940   0x08005940   0x00000138   Code   RO         4701    i.UartCmd_Process   uart_cmd.o
    0x08005a78   0x08005a78   0x00000020   Code   RO          495    i.Uart_Send         usart.o
    0x08005a98   0x08005a98   0x00000014   Code   RO          496    i.Uart_SendString   usart.o
    0x08005aac   0x08005aac   0x00000002   Code   RO          578    i.UsageFault_Handler  stm32f1xx_it.o
    0x08005aae   0x08005aae   0x00000002   PAD
    0x08005ab0   0x08005ab0   0x00000068   Code   RO         4387    i.VelocityTracker_CalcSoftGoal  motion_planner.o
    0x08005b18   0x08005b18   0x00000010   Code   RO         4388    i.VelocityTracker_Init  motion_planner.o
    0x08005b28   0x08005b28   0x00000010   Code   RO         4389    i.VelocityTracker_NewTask  motion_planner.o
    0x08005b38   0x08005b38   0x00000020   Code   RO         4964    i.__0printf         mc_w.l(printfa.o)
    0x08005b58   0x08005b58   0x00000028   Code   RO         4966    i.__0sprintf        mc_w.l(printfa.o)
    0x08005b80   0x08005b80   0x00000020   Code   RO         1525    i.__NVIC_SetPriority  stm32f1xx_hal_cortex.o
    0x08005ba0   0x08005ba0   0x0000000e   Code   RO         5067    i.__scatterload_copy  mc_w.l(handlers.o)
    0x08005bae   0x08005bae   0x00000002   Code   RO         5068    i.__scatterload_null  mc_w.l(handlers.o)
    0x08005bb0   0x08005bb0   0x0000000e   Code   RO         5069    i.__scatterload_zeroinit  mc_w.l(handlers.o)
    0x08005bbe   0x08005bbe   0x00000002   PAD
    0x08005bc0   0x08005bc0   0x00000184   Code   RO         4971    i._fp_digits        mc_w.l(printfa.o)
    0x08005d44   0x08005d44   0x0000000e   Code   RO         4996    i._is_digit         mc_w.l(scanf_fp.o)
    0x08005d52   0x08005d52   0x00000002   PAD
    0x08005d54   0x08005d54   0x000006b4   Code   RO         4972    i._printf_core      mc_w.l(printfa.o)
    0x08006408   0x08006408   0x00000024   Code   RO         4973    i._printf_post_padding  mc_w.l(printfa.o)
    0x0800642c   0x0800642c   0x0000002e   Code   RO         4974    i._printf_pre_padding  mc_w.l(printfa.o)
    0x0800645a   0x0800645a   0x0000000a   Code   RO         4976    i._sputc            mc_w.l(printfa.o)
    0x08006464   0x08006464   0x00000018   Code   RO          498    i.fputc             usart.o
    0x0800647c   0x0800647c   0x0000017c   Code   RO           18    i.main              main.o
    0x080065f8   0x080065f8   0x00000010   Data   RO         3900    .constdata          system_stm32f1xx.o
    0x08006608   0x08006608   0x00000008   Data   RO         3901    .constdata          system_stm32f1xx.o
    0x08006610   0x08006610   0x00000802   Data   RO         4205    .constdata          sin_form.o
    0x08006e12   0x08006e12   0x00000040   Data   RO         5063    .constdata          mc_w.l(ctype_c.o)
    0x08006e52   0x08006e52   0x00000002   PAD
    0x08006e54   0x08006e54   0x00000020   Data   RO         5065    Region$$Table       anon$$obj.o


    Execution Region RW_IRAM1 (Exec base: 0x20000000, Load base: 0x08006e74, Size: 0x00000d68, Max: 0x00005000, ABSOLUTE, COMPRESSED[0x00000030])

    Exec Addr    Load Addr    Size         Type   Attr      Idx    E Section Name        Object

    0x20000000   COMPRESSED   0x00000004   Data   RW           20    .data               main.o
    0x20000004   COMPRESSED   0x00000001   Data   RW          500    .data               usart.o
    0x20000005   COMPRESSED   0x00000003   PAD
    0x20000008   COMPRESSED   0x00000008   Data   RW          501    .data               usart.o
    0x20000010   COMPRESSED   0x0000000c   Data   RW         1062    .data               stm32f1xx_hal.o
    0x2000001c   COMPRESSED   0x00000004   Data   RW         3902    .data               system_stm32f1xx.o
    0x20000020   COMPRESSED   0x00000014   Data   RW         3939    .data               led.o
    0x20000034   COMPRESSED   0x0000000c   Data   RW         3980    .data               button.o
    0x20000040   COMPRESSED   0x00000016   Data   RW         4037    .data               mt6816.o
    0x20000056   COMPRESSED   0x00000002   PAD
    0x20000058   COMPRESSED   0x00000010   Data   RW         4104    .data               stockpile_f103cb.o
    0x20000068   COMPRESSED   0x00000010   Data   RW         4105    .data               stockpile_f103cb.o
    0x20000078   COMPRESSED   0x00000001   Data   RW         4168    .data               eeprom.o
    0x20000079   COMPRESSED   0x00000001   PAD
    0x2000007a   COMPRESSED   0x0000000c   Data   RW         4226    .data               tb67h450.o
    0x20000086   COMPRESSED   0x00000002   PAD
    0x20000088   COMPRESSED   0x00000024   Data   RW         4290    .data               encoder_calibrator.o
    0x200000ac   COMPRESSED   0x0000009c   Data   RW         4391    .data               motion_planner.o
    0x20000148   COMPRESSED   0x00000058   Data   RW         4560    .data               motor.o
    0x200001a0   COMPRESSED   0x00000004   Data   RW         5024    .data               mc_w.l(stdout.o)
    0x200001a4        -       0x000000b8   Zero   RW           19    .bss                main.o
    0x2000025c        -       0x00000074   Zero   RW          271    .bss                adc.o
    0x200002d0        -       0x00000028   Zero   RW          315    .bss                can.o
    0x200002f8        -       0x00000058   Zero   RW          381    .bss                spi.o
    0x20000350        -       0x000000d8   Zero   RW          428    .bss                tim.o
    0x20000428        -       0x000001cc   Zero   RW          499    .bss                usart.o
    0x200005f4   COMPRESSED   0x00000004   PAD
    0x200005f8        -       0x00000020   Zero   RW         1766    .bss                stm32f1xx_hal_flash.o
    0x20000618        -       0x0000000c   Zero   RW         3979    .bss                button.o
    0x20000624        -       0x00000344   Zero   RW         4289    .bss                encoder_calibrator.o
    0x20000968        -       0x00000400   Zero   RW            1    STACK               startup_stm32f103xb.o


==============================================================================

Image component sizes


      Code (inc. data)   RO Data    RW Data    ZI Data      Debug   Object Name

       228         32          0          0        116       1887   adc.o
       352         38          0         12         12       4514   button.o
       268         28          0          0         40       1933   can.o
        76          4          0          0          0        846   dma.o
       124         18          0          1          0       2213   eeprom.o
      1734        422          0         36        836       9721   encoder_calibrator.o
       132         12          0          0          0       1003   gpio.o
       472         22          0         20          0       2370   led.o
       946        198          0          4        184     474282   main.o
      1114         90          0        156          0      14059   motion_planner.o
      1528        178          0         88          0      12620   motor.o
       252         34          0         22          0       4097   mt6816.o
         0          0       2050          0          0        608   sin_form.o
       204         24          0          0         88       1837   spi.o
        36          8        236          0       1024        852   startup_stm32f103xb.o
       164         28          0         12          0       6197   stm32f1xx_hal.o
       622         24          0          0          0       3444   stm32f1xx_hal_adc.o
       816          0          0          0          0      10211   stm32f1xx_hal_can.o
       234         24          0          0          0      29794   stm32f1xx_hal_cortex.o
       808         36          0          0          0       5246   stm32f1xx_hal_dma.o
       392         46          0          0         32       5026   stm32f1xx_hal_flash.o
       240         26          0          0          0       3397   stm32f1xx_hal_flash_ex.o
       500         34          0          0          0       3663   stm32f1xx_hal_gpio.o
        60          8          0          0          0        946   stm32f1xx_hal_msp.o
      1280        102          0          0          0       5440   stm32f1xx_hal_rcc.o
       236         12          0          0          0       1460   stm32f1xx_hal_rcc_ex.o
       876          4          0          0          0       4885   stm32f1xx_hal_spi.o
      1766         58          0          0          0      16144   stm32f1xx_hal_tim.o
       108         12          0          0          0       2517   stm32f1xx_hal_tim_ex.o
      1974         38          0          0          0      17521   stm32f1xx_hal_uart.o
       248         78          0          0          0      10304   stm32f1xx_it.o
       188          4          0         32          0       4651   stockpile_f103cb.o
         2          0         24          4          0       1227   system_stm32f1xx.o
       344         24          0         12          0       4397   tb67h450.o
       568         58          0          0        216       4452   tim.o
       312         96          0          0          0       1470   uart_cmd.o
       412         60          0          9        460       4123   usart.o

    ----------------------------------------------------------------------
     19660       1880       2342        416       3012     679357   Object Totals
         0          0         32          0          0          0   (incl. Generated)
        44          0          0          8          4          0   (incl. Padding)

    ----------------------------------------------------------------------

      Code (inc. data)   RO Data    RW Data    ZI Data      Debug   Library Member Name

        56          8          0          0          0         84   __0sscanf.o
        58          0          0          0          0          0   __dczerorl.o
       816          6          0          0          0        112   _scanf.o
        64          0          0          0          0         84   _sgetc.o
        40          6         64          0          0         68   ctype_c.o
         0          0          0          0          0          0   entry.o
         0          0          0          0          0          0   entry10a.o
         0          0          0          0          0          0   entry11a.o
         4          0          0          0          0          0   entry12b.o
         8          4          0          0          0          0   entry2.o
         4          0          0          0          0          0   entry5.o
         0          0          0          0          0          0   entry7b.o
         0          0          0          0          0          0   entry8b.o
         8          4          0          0          0          0   entry9a.o
        30          0          0          0          0          0   handlers.o
        36          8          0          0          0         68   init.o
        10          0          0          0          0         68   isspace_c.o
         0          0          0          0          0          0   iusefp.o
        30          0          0          0          0         68   llshl.o
        36          0          0          0          0         68   llsshr.o
        32          0          0          0          0         68   llushr.o
        36          0          0          0          0        108   memseta.o
      2268         96          0          0          0        616   printfa.o
        40          8          0          0          0         84   scanf_char.o
       878         12          0          0          0        216   scanf_fp.o
         0          0          0          4          0          0   stdout.o
        14          0          0          0          0         68   strlen.o
        44          0          0          0          0         80   uidiv.o
        98          0          0          0          0         92   uldiv.o
        48          0          0          0          0         68   cdrcmple.o
        56          0          0          0          0         88   d2f.o
       334          0          0          0          0        148   dadd.o
       222          0          0          0          0        100   ddiv.o
       186          0          0          0          0        176   depilogue.o
        48          0          0          0          0         68   dfixul.o
        24          0          0          0          0         76   dfltul.o
       228          0          0          0          0         96   dmul.o
        38          0          0          0          0         68   f2d.o
       124          0          0          0          0         88   fdiv.o
       110          0          0          0          0        168   fepilogue.o
        50          0          0          0          0         68   ffixi.o
        18          0          0          0          0         68   fflti.o
       100          0          0          0          0         76   fmul.o

    ----------------------------------------------------------------------
      6208        152         66          4          0       3308   Library Totals
        12          0          2          0          0          0   (incl. Padding)

    ----------------------------------------------------------------------

      Code (inc. data)   RO Data    RW Data    ZI Data      Debug   Library Name

      4610        152         64          4          0       1952   mc_w.l
      1586          0          0          0          0       1356   mf_w.l

    ----------------------------------------------------------------------
      6208        152         66          4          0       3308   Library Totals

    ----------------------------------------------------------------------

==============================================================================


      Code (inc. data)   RO Data    RW Data    ZI Data      Debug   

     25868       2032       2408        420       3012     669481   Grand Totals
     25868       2032       2408         48       3012     669481   ELF Image Totals (compressed)
     25868       2032       2408         48          0          0   ROM Totals

==============================================================================

    Total RO  Size (Code + RO Data)                28276 (  27.61kB)
    Total RW  Size (RW Data + ZI Data)              3432 (   3.35kB)
    Total ROM Size (Code + RO Data + RW Data)      28324 (  27.66kB)

==============================================================================

